
> cheersin@1.0.0 test:run
> vitest run

The CJS build of Vite's Node API is deprecated. See https://vite.dev/guide/troubleshooting.html#vite-cjs-node-api-deprecated for more details.

[1m[7m[36m RUN [39m[27m[22m [36mv2.1.9 [39m[90mC:/Users/paul0/.minimax-agent/projects/3/cheersin[39m

 [32m✓[39m src/lib/learn-progress.test.ts [2m([22m[2m3 tests[22m[2m)[22m[90m 3[2mms[22m[39m
 [32m✓[39m src/lib/learn-filter.test.ts [2m([22m[2m6 tests[22m[2m)[22m[90m 4[2mms[22m[39m
stderr | src/lib/secret-reveal.test.ts > secret-reveal > getPromptsByCategory(all) returns prompts
Failed to load SecretReveal data: TypeError: Failed to parse URL from /data/secretReveal.json
    at node:internal/deps/undici/undici:16416:13
    at processTicksAndRejections (node:internal/process/task_queues:103:5)
    at loadPromptsFromJson (C:\Users\paul0\.minimax-agent\projects\3\cheersin\src\lib\secret-reveal.ts:25:17)
    at Module.getPromptsByCategory (C:\Users\paul0\.minimax-agent\projects\3\cheersin\src\lib\secret-reveal.ts:46:29)
    at C:\Users\paul0\.minimax-agent\projects\3\cheersin\src\lib\secret-reveal.test.ts:6:21
    at file:///C:/Users/paul0/.minimax-agent/projects/3/cheersin/node_modules/@vitest/runner/dist/index.js:533:5
    at runTest (file:///C:/Users/paul0/.minimax-agent/projects/3/cheersin/node_modules/@vitest/runner/dist/index.js:1056:11)
    at runSuite (file:///C:/Users/paul0/.minimax-agent/projects/3/cheersin/node_modules/@vitest/runner/dist/index.js:1205:15)
    at runSuite (file:///C:/Users/paul0/.minimax-agent/projects/3/cheersin/node_modules/@vitest/runner/dist/index.js:1205:15)
    at runFiles (file:///C:/Users/paul0/.minimax-agent/projects/3/cheersin/node_modules/@vitest/runner/dist/index.js:1262:5) {
  [cause]: TypeError: Invalid URL: /data/secretReveal.json
      at new URLImpl (C:\Users\paul0\.minimax-agent\projects\3\cheersin\node_modules\jsdom\node_modules\whatwg-url\lib\URL-impl.js:20:13)
      at Object.exports.setup (C:\Users\paul0\.minimax-agent\projects\3\cheersin\node_modules\jsdom\node_modules\whatwg-url\lib\URL.js:54:12)
      at new URL (C:\Users\paul0\.minimax-agent\projects\3\cheersin\node_modules\jsdom\node_modules\whatwg-url\lib\URL.js:115:22)
      at new Request (node:internal/deps/undici/undici:10971:25)
      at fetch (node:internal/deps/undici/undici:11891:25)
      at fetch (node:internal/deps/undici/undici:16414:10)
      at fetch (node:internal/bootstrap/web/exposed-window-or-worker:83:12)
      at loadPromptsFromJson (C:\Users\paul0\.minimax-agent\projects\3\cheersin\src\lib\secret-reveal.ts:25:23)
      at Module.getPromptsByCategory (C:\Users\paul0\.minimax-agent\projects\3\cheersin\src\lib\secret-reveal.ts:46:35)
      at C:\Users\paul0\.minimax-agent\projects\3\cheersin\src\lib\secret-reveal.test.ts:6:27
}

 [32m✓[39m src/lib/games-settings.test.ts [2m([22m[2m7 tests[22m[2m)[22m[90m 8[2mms[22m[39m
stderr | src/lib/secret-reveal.test.ts > secret-reveal > getPromptsByCategory(love) returns love prompts
Failed to load SecretReveal data: TypeError: Failed to parse URL from /data/secretReveal.json
    at node:internal/deps/undici/undici:16416:13
    at processTicksAndRejections (node:internal/process/task_queues:103:5)
    at loadPromptsFromJson (C:\Users\paul0\.minimax-agent\projects\3\cheersin\src\lib\secret-reveal.ts:25:17)
    at Module.getPromptsByCategory (C:\Users\paul0\.minimax-agent\projects\3\cheersin\src\lib\secret-reveal.ts:46:29)
    at C:\Users\paul0\.minimax-agent\projects\3\cheersin\src\lib\secret-reveal.test.ts:16:21
    at file:///C:/Users/paul0/.minimax-agent/projects/3/cheersin/node_modules/@vitest/runner/dist/index.js:533:5
    at runTest (file:///C:/Users/paul0/.minimax-agent/projects/3/cheersin/node_modules/@vitest/runner/dist/index.js:1056:11)
    at runSuite (file:///C:/Users/paul0/.minimax-agent/projects/3/cheersin/node_modules/@vitest/runner/dist/index.js:1205:15)
    at runSuite (file:///C:/Users/paul0/.minimax-agent/projects/3/cheersin/node_modules/@vitest/runner/dist/index.js:1205:15)
    at runFiles (file:///C:/Users/paul0/.minimax-agent/projects/3/cheersin/node_modules/@vitest/runner/dist/index.js:1262:5) {
  [cause]: TypeError: Invalid URL: /data/secretReveal.json
      at new URLImpl (C:\Users\paul0\.minimax-agent\projects\3\cheersin\node_modules\jsdom\node_modules\whatwg-url\lib\URL-impl.js:20:13)
      at Object.exports.setup (C:\Users\paul0\.minimax-agent\projects\3\cheersin\node_modules\jsdom\node_modules\whatwg-url\lib\URL.js:54:12)
      at new URL (C:\Users\paul0\.minimax-agent\projects\3\cheersin\node_modules\jsdom\node_modules\whatwg-url\lib\URL.js:115:22)
      at new Request (node:internal/deps/undici/undici:10971:25)
      at fetch (node:internal/deps/undici/undici:11891:25)
      at fetch (node:internal/deps/undici/undici:16414:10)
      at fetch (node:internal/bootstrap/web/exposed-window-or-worker:83:12)
      at loadPromptsFromJson (C:\Users\paul0\.minimax-agent\projects\3\cheersin\src\lib\secret-reveal.ts:25:23)
      at Module.getPromptsByCategory (C:\Users\paul0\.minimax-agent\projects\3\cheersin\src\lib\secret-reveal.ts:46:35)
      at C:\Users\paul0\.minimax-agent\projects\3\cheersin\src\lib\secret-reveal.test.ts:16:27
}

 [32m✓[39m src/lib/learn-terms.test.ts [2m([22m[2m5 tests[22m[2m)[22m[90m 5[2mms[22m[39m
 [32m✓[39m src/lib/env.test.ts [2m([22m[2m9 tests[22m[2m)[22m[90m 6[2mms[22m[39m
 [32m✓[39m src/lib/subscription.test.ts [2m([22m[2m12 tests[22m[2m)[22m[90m 7[2mms[22m[39m
 [32m✓[39m src/lib/wine-response.test.ts [2m([22m[2m7 tests[22m[2m)[22m[90m 9[2mms[22m[39m
 [31m❯[39m src/lib/secret-reveal.test.ts [2m([22m[2m3 tests[22m[2m | [22m[31m1 failed[39m[2m)[22m[90m 15[2mms[22m[39m
[31m   [31m×[31m secret-reveal[2m > [22mgetPromptsByCategory(all) returns prompts[90m 14[2mms[22m[31m[39m
[31m     → expected 0 to be greater than 0[39m
 [32m✓[39m src/lib/gamification.test.ts [2m([22m[2m11 tests[22m[2m)[22m[90m 10[2mms[22m[39m
 [32m✓[39m src/lib/learn-bookmarks.test.ts [2m([22m[2m7 tests[22m[2m)[22m[90m 11[2mms[22m[39m
stderr | src/lib/who-most-likely.test.ts > getQuestionsByCategory > returns array for all
Failed to load WhoMostLikely data: TypeError: Failed to parse URL from /data/whoMostLikely.json
    at node:internal/deps/undici/undici:16416:13
    at processTicksAndRejections (node:internal/process/task_queues:103:5)
    at loadQuestionsFromJson (C:\Users\paul0\.minimax-agent\projects\3\cheersin\src\lib\who-most-likely.ts:60:17)
    at Module.getQuestionsByCategory (C:\Users\paul0\.minimax-agent\projects\3\cheersin\src\lib\who-most-likely.ts:81:31)
    at C:\Users\paul0\.minimax-agent\projects\3\cheersin\src\lib\who-most-likely.test.ts:9:18
    at file:///C:/Users/paul0/.minimax-agent/projects/3/cheersin/node_modules/@vitest/runner/dist/index.js:533:5
    at runTest (file:///C:/Users/paul0/.minimax-agent/projects/3/cheersin/node_modules/@vitest/runner/dist/index.js:1056:11)
    at runSuite (file:///C:/Users/paul0/.minimax-agent/projects/3/cheersin/node_modules/@vitest/runner/dist/index.js:1205:15)
    at runSuite (file:///C:/Users/paul0/.minimax-agent/projects/3/cheersin/node_modules/@vitest/runner/dist/index.js:1205:15)
    at runFiles (file:///C:/Users/paul0/.minimax-agent/projects/3/cheersin/node_modules/@vitest/runner/dist/index.js:1262:5) {
  [cause]: TypeError: Invalid URL: /data/whoMostLikely.json
      at new URLImpl (C:\Users\paul0\.minimax-agent\projects\3\cheersin\node_modules\jsdom\node_modules\whatwg-url\lib\URL-impl.js:20:13)
      at Object.exports.setup (C:\Users\paul0\.minimax-agent\projects\3\cheersin\node_modules\jsdom\node_modules\whatwg-url\lib\URL.js:54:12)
      at new URL (C:\Users\paul0\.minimax-agent\projects\3\cheersin\node_modules\jsdom\node_modules\whatwg-url\lib\URL.js:115:22)
      at new Request (node:internal/deps/undici/undici:10971:25)
      at fetch (node:internal/deps/undici/undici:11891:25)
      at fetch (node:internal/deps/undici/undici:16414:10)
      at fetch (node:internal/bootstrap/web/exposed-window-or-worker:83:12)
      at loadQuestionsFromJson (C:\Users\paul0\.minimax-agent\projects\3\cheersin\src\lib\who-most-likely.ts:60:23)
      at Module.getQuestionsByCategory (C:\Users\paul0\.minimax-agent\projects\3\cheersin\src\lib\who-most-likely.ts:81:37)
      at C:\Users\paul0\.minimax-agent\projects\3\cheersin\src\lib\who-most-likely.test.ts:9:24
}

stderr | src/lib/never-have-i-ever.test.ts > getStatementsByCategory > returns array for all
Failed to load NeverHaveIEver data: TypeError: Failed to parse URL from /data/neverHaveIEver.json
    at node:internal/deps/undici/undici:16416:13
    at processTicksAndRejections (node:internal/process/task_queues:103:5)
    at loadQuestionsFromJson (C:\Users\paul0\.minimax-agent\projects\3\cheersin\src\lib\never-have-i-ever.ts:26:17)
    at Module.getStatementsByCategory (C:\Users\paul0\.minimax-agent\projects\3\cheersin\src\lib\never-have-i-ever.ts:48:31)
    at C:\Users\paul0\.minimax-agent\projects\3\cheersin\src\lib\never-have-i-ever.test.ts:9:18
    at file:///C:/Users/paul0/.minimax-agent/projects/3/cheersin/node_modules/@vitest/runner/dist/index.js:533:5
    at runTest (file:///C:/Users/paul0/.minimax-agent/projects/3/cheersin/node_modules/@vitest/runner/dist/index.js:1056:11)
    at runSuite (file:///C:/Users/paul0/.minimax-agent/projects/3/cheersin/node_modules/@vitest/runner/dist/index.js:1205:15)
    at runSuite (file:///C:/Users/paul0/.minimax-agent/projects/3/cheersin/node_modules/@vitest/runner/dist/index.js:1205:15)
    at runFiles (file:///C:/Users/paul0/.minimax-agent/projects/3/cheersin/node_modules/@vitest/runner/dist/index.js:1262:5) {
  [cause]: TypeError: Invalid URL: /data/neverHaveIEver.json
      at new URLImpl (C:\Users\paul0\.minimax-agent\projects\3\cheersin\node_modules\jsdom\node_modules\whatwg-url\lib\URL-impl.js:20:13)
      at Object.exports.setup (C:\Users\paul0\.minimax-agent\projects\3\cheersin\node_modules\jsdom\node_modules\whatwg-url\lib\URL.js:54:12)
      at new URL (C:\Users\paul0\.minimax-agent\projects\3\cheersin\node_modules\jsdom\node_modules\whatwg-url\lib\URL.js:115:22)
      at new Request (node:internal/deps/undici/undici:10971:25)
      at fetch (node:internal/deps/undici/undici:11891:25)
      at fetch (node:internal/deps/undici/undici:16414:10)
      at fetch (node:internal/bootstrap/web/exposed-window-or-worker:83:12)
      at loadQuestionsFromJson (C:\Users\paul0\.minimax-agent\projects\3\cheersin\src\lib\never-have-i-ever.ts:26:23)
      at Module.getStatementsByCategory (C:\Users\paul0\.minimax-agent\projects\3\cheersin\src\lib\never-have-i-ever.ts:48:37)
      at C:\Users\paul0\.minimax-agent\projects\3\cheersin\src\lib\never-have-i-ever.test.ts:9:24
}

stderr | src/lib/truth-or-dare.test.ts > getTruthPool > returns array
Failed to load TruthOrDare data (truth): TypeError: Failed to parse URL from /data/truthOrDare.json
    at node:internal/deps/undici/undici:16416:13
    at processTicksAndRejections (node:internal/process/task_queues:103:5)
    at buildPoolFromJson (C:\Users\paul0\.minimax-agent\projects\3\cheersin\src\lib\truth-or-dare.ts:34:17)
    at Module.getTruthPool (C:\Users\paul0\.minimax-agent\projects\3\cheersin\src\lib\truth-or-dare.ts:195:25)
    at C:\Users\paul0\.minimax-agent\projects\3\cheersin\src\lib\truth-or-dare.test.ts:9:18
    at file:///C:/Users/paul0/.minimax-agent/projects/3/cheersin/node_modules/@vitest/runner/dist/index.js:533:5
    at runTest (file:///C:/Users/paul0/.minimax-agent/projects/3/cheersin/node_modules/@vitest/runner/dist/index.js:1056:11)
    at runSuite (file:///C:/Users/paul0/.minimax-agent/projects/3/cheersin/node_modules/@vitest/runner/dist/index.js:1205:15)
    at runSuite (file:///C:/Users/paul0/.minimax-agent/projects/3/cheersin/node_modules/@vitest/runner/dist/index.js:1205:15)
    at runFiles (file:///C:/Users/paul0/.minimax-agent/projects/3/cheersin/node_modules/@vitest/runner/dist/index.js:1262:5) {
  [cause]: TypeError: Invalid URL: /data/truthOrDare.json
      at new URLImpl (C:\Users\paul0\.minimax-agent\projects\3\cheersin\node_modules\jsdom\node_modules\whatwg-url\lib\URL-impl.js:20:13)
      at Object.exports.setup (C:\Users\paul0\.minimax-agent\projects\3\cheersin\node_modules\jsdom\node_modules\whatwg-url\lib\URL.js:54:12)
      at new URL (C:\Users\paul0\.minimax-agent\projects\3\cheersin\node_modules\jsdom\node_modules\whatwg-url\lib\URL.js:115:22)
      at new Request (node:internal/deps/undici/undici:10971:25)
      at fetch (node:internal/deps/undici/undici:11891:25)
      at fetch (node:internal/deps/undici/undici:16414:10)
      at fetch (node:internal/bootstrap/web/exposed-window-or-worker:83:12)
      at buildPoolFromJson (C:\Users\paul0\.minimax-agent\projects\3\cheersin\src\lib\truth-or-dare.ts:34:23)
      at Module.getTruthPool (C:\Users\paul0\.minimax-agent\projects\3\cheersin\src\lib\truth-or-dare.ts:195:31)
      at C:\Users\paul0\.minimax-agent\projects\3\cheersin\src\lib\truth-or-dare.test.ts:9:24
}

 [32m✓[39m src/store/useUserStore.test.ts [2m([22m[2m8 tests[22m[2m)[22m[90m 7[2mms[22m[39m
stderr | src/lib/who-most-likely.test.ts > getQuestionsByCategory > each item has id, text, level
Failed to load WhoMostLikely data: TypeError: Failed to parse URL from /data/whoMostLikely.json
    at node:internal/deps/undici/undici:16416:13
    at processTicksAndRejections (node:internal/process/task_queues:103:5)
    at loadQuestionsFromJson (C:\Users\paul0\.minimax-agent\projects\3\cheersin\src\lib\who-most-likely.ts:60:17)
    at Module.getQuestionsByCategory (C:\Users\paul0\.minimax-agent\projects\3\cheersin\src\lib\who-most-likely.ts:81:31)
    at C:\Users\paul0\.minimax-agent\projects\3\cheersin\src\lib\who-most-likely.test.ts:15:18
    at file:///C:/Users/paul0/.minimax-agent/projects/3/cheersin/node_modules/@vitest/runner/dist/index.js:533:5
    at runTest (file:///C:/Users/paul0/.minimax-agent/projects/3/cheersin/node_modules/@vitest/runner/dist/index.js:1056:11)
    at runSuite (file:///C:/Users/paul0/.minimax-agent/projects/3/cheersin/node_modules/@vitest/runner/dist/index.js:1205:15)
    at runSuite (file:///C:/Users/paul0/.minimax-agent/projects/3/cheersin/node_modules/@vitest/runner/dist/index.js:1205:15)
    at runFiles (file:///C:/Users/paul0/.minimax-agent/projects/3/cheersin/node_modules/@vitest/runner/dist/index.js:1262:5) {
  [cause]: TypeError: Invalid URL: /data/whoMostLikely.json
      at new URLImpl (C:\Users\paul0\.minimax-agent\projects\3\cheersin\node_modules\jsdom\node_modules\whatwg-url\lib\URL-impl.js:20:13)
      at Object.exports.setup (C:\Users\paul0\.minimax-agent\projects\3\cheersin\node_modules\jsdom\node_modules\whatwg-url\lib\URL.js:54:12)
      at new URL (C:\Users\paul0\.minimax-agent\projects\3\cheersin\node_modules\jsdom\node_modules\whatwg-url\lib\URL.js:115:22)
      at new Request (node:internal/deps/undici/undici:10971:25)
      at fetch (node:internal/deps/undici/undici:11891:25)
      at fetch (node:internal/deps/undici/undici:16414:10)
      at fetch (node:internal/bootstrap/web/exposed-window-or-worker:83:12)
      at loadQuestionsFromJson (C:\Users\paul0\.minimax-agent\projects\3\cheersin\src\lib\who-most-likely.ts:60:23)
      at Module.getQuestionsByCategory (C:\Users\paul0\.minimax-agent\projects\3\cheersin\src\lib\who-most-likely.ts:81:37)
      at C:\Users\paul0\.minimax-agent\projects\3\cheersin\src\lib\who-most-likely.test.ts:15:24
}

stderr | src/lib/never-have-i-ever.test.ts > getStatementsByCategory > each item has text and category
Failed to load NeverHaveIEver data: TypeError: Failed to parse URL from /data/neverHaveIEver.json
    at node:internal/deps/undici/undici:16416:13
    at processTicksAndRejections (node:internal/process/task_queues:103:5)
    at loadQuestionsFromJson (C:\Users\paul0\.minimax-agent\projects\3\cheersin\src\lib\never-have-i-ever.ts:26:17)
    at Module.getStatementsByCategory (C:\Users\paul0\.minimax-agent\projects\3\cheersin\src\lib\never-have-i-ever.ts:48:31)
    at C:\Users\paul0\.minimax-agent\projects\3\cheersin\src\lib\never-have-i-ever.test.ts:15:18
    at file:///C:/Users/paul0/.minimax-agent/projects/3/cheersin/node_modules/@vitest/runner/dist/index.js:533:5
    at runTest (file:///C:/Users/paul0/.minimax-agent/projects/3/cheersin/node_modules/@vitest/runner/dist/index.js:1056:11)
    at runSuite (file:///C:/Users/paul0/.minimax-agent/projects/3/cheersin/node_modules/@vitest/runner/dist/index.js:1205:15)
    at runSuite (file:///C:/Users/paul0/.minimax-agent/projects/3/cheersin/node_modules/@vitest/runner/dist/index.js:1205:15)
    at runFiles (file:///C:/Users/paul0/.minimax-agent/projects/3/cheersin/node_modules/@vitest/runner/dist/index.js:1262:5) {
  [cause]: TypeError: Invalid URL: /data/neverHaveIEver.json
      at new URLImpl (C:\Users\paul0\.minimax-agent\projects\3\cheersin\node_modules\jsdom\node_modules\whatwg-url\lib\URL-impl.js:20:13)
      at Object.exports.setup (C:\Users\paul0\.minimax-agent\projects\3\cheersin\node_modules\jsdom\node_modules\whatwg-url\lib\URL.js:54:12)
      at new URL (C:\Users\paul0\.minimax-agent\projects\3\cheersin\node_modules\jsdom\node_modules\whatwg-url\lib\URL.js:115:22)
      at new Request (node:internal/deps/undici/undici:10971:25)
      at fetch (node:internal/deps/undici/undici:11891:25)
      at fetch (node:internal/deps/undici/undici:16414:10)
      at fetch (node:internal/bootstrap/web/exposed-window-or-worker:83:12)
      at loadQuestionsFromJson (C:\Users\paul0\.minimax-agent\projects\3\cheersin\src\lib\never-have-i-ever.ts:26:23)
      at Module.getStatementsByCategory (C:\Users\paul0\.minimax-agent\projects\3\cheersin\src\lib\never-have-i-ever.ts:48:37)
      at C:\Users\paul0\.minimax-agent\projects\3\cheersin\src\lib\never-have-i-ever.test.ts:15:24
}

stderr | src/lib/truth-or-dare.test.ts > getTruthPool > each item has text, level, optional stars
Failed to load TruthOrDare data (truth): TypeError: Failed to parse URL from /data/truthOrDare.json
    at node:internal/deps/undici/undici:16416:13
    at processTicksAndRejections (node:internal/process/task_queues:103:5)
    at buildPoolFromJson (C:\Users\paul0\.minimax-agent\projects\3\cheersin\src\lib\truth-or-dare.ts:34:17)
    at Module.getTruthPool (C:\Users\paul0\.minimax-agent\projects\3\cheersin\src\lib\truth-or-dare.ts:195:25)
    at C:\Users\paul0\.minimax-agent\projects\3\cheersin\src\lib\truth-or-dare.test.ts:15:18
    at file:///C:/Users/paul0/.minimax-agent/projects/3/cheersin/node_modules/@vitest/runner/dist/index.js:533:5
    at runTest (file:///C:/Users/paul0/.minimax-agent/projects/3/cheersin/node_modules/@vitest/runner/dist/index.js:1056:11)
    at runSuite (file:///C:/Users/paul0/.minimax-agent/projects/3/cheersin/node_modules/@vitest/runner/dist/index.js:1205:15)
    at runSuite (file:///C:/Users/paul0/.minimax-agent/projects/3/cheersin/node_modules/@vitest/runner/dist/index.js:1205:15)
    at runFiles (file:///C:/Users/paul0/.minimax-agent/projects/3/cheersin/node_modules/@vitest/runner/dist/index.js:1262:5) {
  [cause]: TypeError: Invalid URL: /data/truthOrDare.json
      at new URLImpl (C:\Users\paul0\.minimax-agent\projects\3\cheersin\node_modules\jsdom\node_modules\whatwg-url\lib\URL-impl.js:20:13)
      at Object.exports.setup (C:\Users\paul0\.minimax-agent\projects\3\cheersin\node_modules\jsdom\node_modules\whatwg-url\lib\URL.js:54:12)
      at new URL (C:\Users\paul0\.minimax-agent\projects\3\cheersin\node_modules\jsdom\node_modules\whatwg-url\lib\URL.js:115:22)
      at new Request (node:internal/deps/undici/undici:10971:25)
      at fetch (node:internal/deps/undici/undici:11891:25)
      at fetch (node:internal/deps/undici/undici:16414:10)
      at fetch (node:internal/bootstrap/web/exposed-window-or-worker:83:12)
      at buildPoolFromJson (C:\Users\paul0\.minimax-agent\projects\3\cheersin\src\lib\truth-or-dare.ts:34:23)
      at Module.getTruthPool (C:\Users\paul0\.minimax-agent\projects\3\cheersin\src\lib\truth-or-dare.ts:195:31)
      at C:\Users\paul0\.minimax-agent\projects\3\cheersin\src\lib\truth-or-dare.test.ts:15:24
}

 [32m✓[39m src/store/usePartyStore.test.ts [2m([22m[2m11 tests[22m[2m)[22m[90m 9[2mms[22m[39m
 [32m✓[39m src/config/chat.config.test.ts [2m([22m[2m4 tests[22m[2m)[22m[90m 3[2mms[22m[39m
stderr | src/lib/who-most-likely.test.ts > getQuestionsByCategory > love category returns array
Failed to load WhoMostLikely data: TypeError: Failed to parse URL from /data/whoMostLikely.json
    at node:internal/deps/undici/undici:16416:13
    at processTicksAndRejections (node:internal/process/task_queues:103:5)
    at loadQuestionsFromJson (C:\Users\paul0\.minimax-agent\projects\3\cheersin\src\lib\who-most-likely.ts:60:17)
    at Module.getQuestionsByCategory (C:\Users\paul0\.minimax-agent\projects\3\cheersin\src\lib\who-most-likely.ts:81:31)
    at C:\Users\paul0\.minimax-agent\projects\3\cheersin\src\lib\who-most-likely.test.ts:25:18
    at file:///C:/Users/paul0/.minimax-agent/projects/3/cheersin/node_modules/@vitest/runner/dist/index.js:533:5
    at runTest (file:///C:/Users/paul0/.minimax-agent/projects/3/cheersin/node_modules/@vitest/runner/dist/index.js:1056:11)
    at runSuite (file:///C:/Users/paul0/.minimax-agent/projects/3/cheersin/node_modules/@vitest/runner/dist/index.js:1205:15)
    at runSuite (file:///C:/Users/paul0/.minimax-agent/projects/3/cheersin/node_modules/@vitest/runner/dist/index.js:1205:15)
    at runFiles (file:///C:/Users/paul0/.minimax-agent/projects/3/cheersin/node_modules/@vitest/runner/dist/index.js:1262:5) {
  [cause]: TypeError: Invalid URL: /data/whoMostLikely.json
      at new URLImpl (C:\Users\paul0\.minimax-agent\projects\3\cheersin\node_modules\jsdom\node_modules\whatwg-url\lib\URL-impl.js:20:13)
      at Object.exports.setup (C:\Users\paul0\.minimax-agent\projects\3\cheersin\node_modules\jsdom\node_modules\whatwg-url\lib\URL.js:54:12)
      at new URL (C:\Users\paul0\.minimax-agent\projects\3\cheersin\node_modules\jsdom\node_modules\whatwg-url\lib\URL.js:115:22)
      at new Request (node:internal/deps/undici/undici:10971:25)
      at fetch (node:internal/deps/undici/undici:11891:25)
      at fetch (node:internal/deps/undici/undici:16414:10)
      at fetch (node:internal/bootstrap/web/exposed-window-or-worker:83:12)
      at loadQuestionsFromJson (C:\Users\paul0\.minimax-agent\projects\3\cheersin\src\lib\who-most-likely.ts:60:23)
      at Module.getQuestionsByCategory (C:\Users\paul0\.minimax-agent\projects\3\cheersin\src\lib\who-most-likely.ts:81:37)
      at C:\Users\paul0\.minimax-agent\projects\3\cheersin\src\lib\who-most-likely.test.ts:25:24
}

stderr | src/lib/never-have-i-ever.test.ts > getStatementsByCategory > love category returns array
Failed to load NeverHaveIEver data: TypeError: Failed to parse URL from /data/neverHaveIEver.json
    at node:internal/deps/undici/undici:16416:13
    at processTicksAndRejections (node:internal/process/task_queues:103:5)
    at loadQuestionsFromJson (C:\Users\paul0\.minimax-agent\projects\3\cheersin\src\lib\never-have-i-ever.ts:26:17)
    at Module.getStatementsByCategory (C:\Users\paul0\.minimax-agent\projects\3\cheersin\src\lib\never-have-i-ever.ts:48:31)
    at C:\Users\paul0\.minimax-agent\projects\3\cheersin\src\lib\never-have-i-ever.test.ts:25:18
    at file:///C:/Users/paul0/.minimax-agent/projects/3/cheersin/node_modules/@vitest/runner/dist/index.js:533:5
    at runTest (file:///C:/Users/paul0/.minimax-agent/projects/3/cheersin/node_modules/@vitest/runner/dist/index.js:1056:11)
    at runSuite (file:///C:/Users/paul0/.minimax-agent/projects/3/cheersin/node_modules/@vitest/runner/dist/index.js:1205:15)
    at runSuite (file:///C:/Users/paul0/.minimax-agent/projects/3/cheersin/node_modules/@vitest/runner/dist/index.js:1205:15)
    at runFiles (file:///C:/Users/paul0/.minimax-agent/projects/3/cheersin/node_modules/@vitest/runner/dist/index.js:1262:5) {
  [cause]: TypeError: Invalid URL: /data/neverHaveIEver.json
      at new URLImpl (C:\Users\paul0\.minimax-agent\projects\3\cheersin\node_modules\jsdom\node_modules\whatwg-url\lib\URL-impl.js:20:13)
      at Object.exports.setup (C:\Users\paul0\.minimax-agent\projects\3\cheersin\node_modules\jsdom\node_modules\whatwg-url\lib\URL.js:54:12)
      at new URL (C:\Users\paul0\.minimax-agent\projects\3\cheersin\node_modules\jsdom\node_modules\whatwg-url\lib\URL.js:115:22)
      at new Request (node:internal/deps/undici/undici:10971:25)
      at fetch (node:internal/deps/undici/undici:11891:25)
      at fetch (node:internal/deps/undici/undici:16414:10)
      at fetch (node:internal/bootstrap/web/exposed-window-or-worker:83:12)
      at loadQuestionsFromJson (C:\Users\paul0\.minimax-agent\projects\3\cheersin\src\lib\never-have-i-ever.ts:26:23)
      at Module.getStatementsByCategory (C:\Users\paul0\.minimax-agent\projects\3\cheersin\src\lib\never-have-i-ever.ts:48:37)
      at C:\Users\paul0\.minimax-agent\projects\3\cheersin\src\lib\never-have-i-ever.test.ts:25:24
}

stderr | src/lib/truth-or-dare.test.ts > getDarePool > returns array
Failed to load TruthOrDare data (dare): TypeError: Failed to parse URL from /data/truthOrDare.json
    at node:internal/deps/undici/undici:16416:13
    at processTicksAndRejections (node:internal/process/task_queues:103:5)
    at buildPoolFromJson (C:\Users\paul0\.minimax-agent\projects\3\cheersin\src\lib\truth-or-dare.ts:34:17)
    at Module.getDarePool (C:\Users\paul0\.minimax-agent\projects\3\cheersin\src\lib\truth-or-dare.ts:204:24)
    at C:\Users\paul0\.minimax-agent\projects\3\cheersin\src\lib\truth-or-dare.test.ts:25:18
    at file:///C:/Users/paul0/.minimax-agent/projects/3/cheersin/node_modules/@vitest/runner/dist/index.js:533:5
    at runTest (file:///C:/Users/paul0/.minimax-agent/projects/3/cheersin/node_modules/@vitest/runner/dist/index.js:1056:11)
    at runSuite (file:///C:/Users/paul0/.minimax-agent/projects/3/cheersin/node_modules/@vitest/runner/dist/index.js:1205:15)
    at runSuite (file:///C:/Users/paul0/.minimax-agent/projects/3/cheersin/node_modules/@vitest/runner/dist/index.js:1205:15)
    at runFiles (file:///C:/Users/paul0/.minimax-agent/projects/3/cheersin/node_modules/@vitest/runner/dist/index.js:1262:5) {
  [cause]: TypeError: Invalid URL: /data/truthOrDare.json
      at new URLImpl (C:\Users\paul0\.minimax-agent\projects\3\cheersin\node_modules\jsdom\node_modules\whatwg-url\lib\URL-impl.js:20:13)
      at Object.exports.setup (C:\Users\paul0\.minimax-agent\projects\3\cheersin\node_modules\jsdom\node_modules\whatwg-url\lib\URL.js:54:12)
      at new URL (C:\Users\paul0\.minimax-agent\projects\3\cheersin\node_modules\jsdom\node_modules\whatwg-url\lib\URL.js:115:22)
      at new Request (node:internal/deps/undici/undici:10971:25)
      at fetch (node:internal/deps/undici/undici:11891:25)
      at fetch (node:internal/deps/undici/undici:16414:10)
      at fetch (node:internal/bootstrap/web/exposed-window-or-worker:83:12)
      at buildPoolFromJson (C:\Users\paul0\.minimax-agent\projects\3\cheersin\src\lib\truth-or-dare.ts:34:23)
      at Module.getDarePool (C:\Users\paul0\.minimax-agent\projects\3\cheersin\src\lib\truth-or-dare.ts:204:30)
      at C:\Users\paul0\.minimax-agent\projects\3\cheersin\src\lib\truth-or-dare.test.ts:25:24
}

 [32m✓[39m src/store/useGameStore.test.ts [2m([22m[2m21 tests[22m[2m)[22m[90m 13[2mms[22m[39m
stderr | src/lib/who-most-likely.test.ts > getQuestionsByCategory > friendship category returns array
Failed to load WhoMostLikely data: TypeError: Failed to parse URL from /data/whoMostLikely.json
    at node:internal/deps/undici/undici:16416:13
    at processTicksAndRejections (node:internal/process/task_queues:103:5)
    at loadQuestionsFromJson (C:\Users\paul0\.minimax-agent\projects\3\cheersin\src\lib\who-most-likely.ts:60:17)
    at Module.getQuestionsByCategory (C:\Users\paul0\.minimax-agent\projects\3\cheersin\src\lib\who-most-likely.ts:81:31)
    at C:\Users\paul0\.minimax-agent\projects\3\cheersin\src\lib\who-most-likely.test.ts:31:18
    at file:///C:/Users/paul0/.minimax-agent/projects/3/cheersin/node_modules/@vitest/runner/dist/index.js:533:5
    at runTest (file:///C:/Users/paul0/.minimax-agent/projects/3/cheersin/node_modules/@vitest/runner/dist/index.js:1056:11)
    at runSuite (file:///C:/Users/paul0/.minimax-agent/projects/3/cheersin/node_modules/@vitest/runner/dist/index.js:1205:15)
    at runSuite (file:///C:/Users/paul0/.minimax-agent/projects/3/cheersin/node_modules/@vitest/runner/dist/index.js:1205:15)
    at runFiles (file:///C:/Users/paul0/.minimax-agent/projects/3/cheersin/node_modules/@vitest/runner/dist/index.js:1262:5) {
  [cause]: TypeError: Invalid URL: /data/whoMostLikely.json
      at new URLImpl (C:\Users\paul0\.minimax-agent\projects\3\cheersin\node_modules\jsdom\node_modules\whatwg-url\lib\URL-impl.js:20:13)
      at Object.exports.setup (C:\Users\paul0\.minimax-agent\projects\3\cheersin\node_modules\jsdom\node_modules\whatwg-url\lib\URL.js:54:12)
      at new URL (C:\Users\paul0\.minimax-agent\projects\3\cheersin\node_modules\jsdom\node_modules\whatwg-url\lib\URL.js:115:22)
      at new Request (node:internal/deps/undici/undici:10971:25)
      at fetch (node:internal/deps/undici/undici:11891:25)
      at fetch (node:internal/deps/undici/undici:16414:10)
      at fetch (node:internal/bootstrap/web/exposed-window-or-worker:83:12)
      at loadQuestionsFromJson (C:\Users\paul0\.minimax-agent\projects\3\cheersin\src\lib\who-most-likely.ts:60:23)
      at Module.getQuestionsByCategory (C:\Users\paul0\.minimax-agent\projects\3\cheersin\src\lib\who-most-likely.ts:81:37)
      at C:\Users\paul0\.minimax-agent\projects\3\cheersin\src\lib\who-most-likely.test.ts:31:24
}

stderr | src/lib/never-have-i-ever.test.ts > getStatementsByCategory > work category returns array
Failed to load NeverHaveIEver data: TypeError: Failed to parse URL from /data/neverHaveIEver.json
    at node:internal/deps/undici/undici:16416:13
    at processTicksAndRejections (node:internal/process/task_queues:103:5)
    at loadQuestionsFromJson (C:\Users\paul0\.minimax-agent\projects\3\cheersin\src\lib\never-have-i-ever.ts:26:17)
    at Module.getStatementsByCategory (C:\Users\paul0\.minimax-agent\projects\3\cheersin\src\lib\never-have-i-ever.ts:48:31)
    at C:\Users\paul0\.minimax-agent\projects\3\cheersin\src\lib\never-have-i-ever.test.ts:34:18
    at file:///C:/Users/paul0/.minimax-agent/projects/3/cheersin/node_modules/@vitest/runner/dist/index.js:533:5
    at runTest (file:///C:/Users/paul0/.minimax-agent/projects/3/cheersin/node_modules/@vitest/runner/dist/index.js:1056:11)
    at runSuite (file:///C:/Users/paul0/.minimax-agent/projects/3/cheersin/node_modules/@vitest/runner/dist/index.js:1205:15)
    at runSuite (file:///C:/Users/paul0/.minimax-agent/projects/3/cheersin/node_modules/@vitest/runner/dist/index.js:1205:15)
    at runFiles (file:///C:/Users/paul0/.minimax-agent/projects/3/cheersin/node_modules/@vitest/runner/dist/index.js:1262:5) {
  [cause]: TypeError: Invalid URL: /data/neverHaveIEver.json
      at new URLImpl (C:\Users\paul0\.minimax-agent\projects\3\cheersin\node_modules\jsdom\node_modules\whatwg-url\lib\URL-impl.js:20:13)
      at Object.exports.setup (C:\Users\paul0\.minimax-agent\projects\3\cheersin\node_modules\jsdom\node_modules\whatwg-url\lib\URL.js:54:12)
      at new URL (C:\Users\paul0\.minimax-agent\projects\3\cheersin\node_modules\jsdom\node_modules\whatwg-url\lib\URL.js:115:22)
      at new Request (node:internal/deps/undici/undici:10971:25)
      at fetch (node:internal/deps/undici/undici:11891:25)
      at fetch (node:internal/deps/undici/undici:16414:10)
      at fetch (node:internal/bootstrap/web/exposed-window-or-worker:83:12)
      at loadQuestionsFromJson (C:\Users\paul0\.minimax-agent\projects\3\cheersin\src\lib\never-have-i-ever.ts:26:23)
      at Module.getStatementsByCategory (C:\Users\paul0\.minimax-agent\projects\3\cheersin\src\lib\never-have-i-ever.ts:48:37)
      at C:\Users\paul0\.minimax-agent\projects\3\cheersin\src\lib\never-have-i-ever.test.ts:34:24
}

stderr | src/lib/truth-or-dare.test.ts > getDarePool > each item has text and level
Failed to load TruthOrDare data (dare): TypeError: Failed to parse URL from /data/truthOrDare.json
    at node:internal/deps/undici/undici:16416:13
    at processTicksAndRejections (node:internal/process/task_queues:103:5)
    at buildPoolFromJson (C:\Users\paul0\.minimax-agent\projects\3\cheersin\src\lib\truth-or-dare.ts:34:17)
    at Module.getDarePool (C:\Users\paul0\.minimax-agent\projects\3\cheersin\src\lib\truth-or-dare.ts:204:24)
    at C:\Users\paul0\.minimax-agent\projects\3\cheersin\src\lib\truth-or-dare.test.ts:31:18
    at file:///C:/Users/paul0/.minimax-agent/projects/3/cheersin/node_modules/@vitest/runner/dist/index.js:533:5
    at runTest (file:///C:/Users/paul0/.minimax-agent/projects/3/cheersin/node_modules/@vitest/runner/dist/index.js:1056:11)
    at runSuite (file:///C:/Users/paul0/.minimax-agent/projects/3/cheersin/node_modules/@vitest/runner/dist/index.js:1205:15)
    at runSuite (file:///C:/Users/paul0/.minimax-agent/projects/3/cheersin/node_modules/@vitest/runner/dist/index.js:1205:15)
    at runFiles (file:///C:/Users/paul0/.minimax-agent/projects/3/cheersin/node_modules/@vitest/runner/dist/index.js:1262:5) {
  [cause]: TypeError: Invalid URL: /data/truthOrDare.json
      at new URLImpl (C:\Users\paul0\.minimax-agent\projects\3\cheersin\node_modules\jsdom\node_modules\whatwg-url\lib\URL-impl.js:20:13)
      at Object.exports.setup (C:\Users\paul0\.minimax-agent\projects\3\cheersin\node_modules\jsdom\node_modules\whatwg-url\lib\URL.js:54:12)
      at new URL (C:\Users\paul0\.minimax-agent\projects\3\cheersin\node_modules\jsdom\node_modules\whatwg-url\lib\URL.js:115:22)
      at new Request (node:internal/deps/undici/undici:10971:25)
      at fetch (node:internal/deps/undici/undici:11891:25)
      at fetch (node:internal/deps/undici/undici:16414:10)
      at fetch (node:internal/bootstrap/web/exposed-window-or-worker:83:12)
      at buildPoolFromJson (C:\Users\paul0\.minimax-agent\projects\3\cheersin\src\lib\truth-or-dare.ts:34:23)
      at Module.getDarePool (C:\Users\paul0\.minimax-agent\projects\3\cheersin\src\lib\truth-or-dare.ts:204:30)
      at C:\Users\paul0\.minimax-agent\projects\3\cheersin\src\lib\truth-or-dare.test.ts:31:24
}

 [32m✓[39m src/lib/openrouter.test.ts [2m([22m[2m4 tests[22m[2m)[22m[90m 5[2mms[22m[39m
 [32m✓[39m src/store/useSubscriptionStore.test.ts [2m([22m[2m5 tests[22m[2m)[22m[90m 8[2mms[22m[39m
 [32m✓[39m src/lib/nim.test.ts [2m([22m[2m4 tests[22m[2m)[22m[90m 8[2mms[22m[39m
 [31m❯[39m src/lib/who-most-likely.test.ts [2m([22m[2m5 tests[22m[2m | [22m[31m2 failed[39m[2m)[22m[90m 20[2mms[22m[39m
[31m   [31m×[31m getQuestionsByCategory[2m > [22mreturns array for all[90m 14[2mms[22m[31m[39m
[31m     → expected 0 to be greater than 0[39m
[31m   [31m×[31m getQuestionsByCategory[2m > [22mlove category returns array[90m 1[2mms[22m[31m[39m
[31m     → expected 0 to be greater than 0[39m
 [31m❯[39m src/lib/never-have-i-ever.test.ts [2m([22m[2m5 tests[22m[2m | [22m[31m1 failed[39m[2m)[22m[90m 20[2mms[22m[39m
[31m   [31m×[31m getStatementsByCategory[2m > [22mreturns array for all[90m 15[2mms[22m[31m[39m
[31m     → expected 0 to be greater than 0[39m
 [32m✓[39m src/lib/truth-or-dare.test.ts [2m([22m[2m4 tests[22m[2m)[22m[90m 22[2mms[22m[39m
 [32m✓[39m src/lib/courses.test.ts [2m([22m[2m7 tests[22m[2m)[22m[90m 13[2mms[22m[39m
 [32m✓[39m src/lib/fetch-retry.test.ts [2m([22m[2m6 tests[22m[2m)[22m[90m 68[2mms[22m[39m
 [32m✓[39m src/lib/taiwan-wines.test.ts [2m([22m[2m6 tests[22m[2m)[22m[90m 20[2mms[22m[39m
 [32m✓[39m src/lib/learn-quiz.test.ts [2m([22m[2m3 tests[22m[2m)[22m[90m 136[2mms[22m[39m
 [31m❯[39m src/lib/formatters.test.ts [2m([22m[2m9 tests[22m[2m | [22m[31m2 failed[39m[2m)[22m[90m 186[2mms[22m[39m
[31m   [31m×[31m formatters[2m > [22mformatCurrency[2m > [22mformats currency correctly[90m 11[2mms[22m[31m[39m
[31m     → expected '$1,234' to match /NT\$1,234/[39m
[31m   [31m×[31m formatters[2m > [22mformatPercent[2m > [22mformats percentage correctly[90m 4[2mms[22m[31m[39m
[31m     → expected '12.3%' to be '12.4%' // Object.is equality[39m
 [32m✓[39m src/lib/groq.test.ts [2m([22m[2m6 tests[22m[2m)[22m[90m 11[2mms[22m[39m
{"level":40,"time":"2026-02-14T16:23:18.444Z","endpoint":"webhooks/paypal","level":"warn","message":"Supabase not configured, skipping DB updates","timestamp":"2026-02-14T16:23:18.443Z","msg":"Supabase not configured, skipping DB updates"}
{"level":40,"time":"2026-02-14T16:23:18.446Z","endpoint":"webhooks/paypal","level":"warn","message":"Event processed","timestamp":"2026-02-14T16:23:18.446Z","durationMs":10,"msg":"Event processed"}
{"level":40,"time":"2026-02-14T16:23:18.457Z","endpoint":"webhooks/paypal","level":"warn","message":"Processing event: BILLING.SUBSCRIPTION.ACTIVATED","timestamp":"2026-02-14T16:23:18.457Z","action":"BILLING.SUBSCRIPTION.ACTIVATED","msg":"Processing event: BILLING.SUBSCRIPTION.ACTIVATED"}
{"level":40,"time":"2026-02-14T16:23:18.457Z","endpoint":"webhooks/paypal","level":"warn","message":"Subscription activated","timestamp":"2026-02-14T16:23:18.457Z","action":"free","msg":"Subscription activated"}
{"level":40,"time":"2026-02-14T16:23:18.457Z","endpoint":"webhooks/paypal","level":"warn","message":"Event processed","timestamp":"2026-02-14T16:23:18.457Z","durationMs":1,"msg":"Event processed"}
{"level":40,"time":"2026-02-14T16:23:18.466Z","endpoint":"webhooks/paypal","level":"warn","message":"Processing event: BILLING.SUBSCRIPTION.ACTIVATED","timestamp":"2026-02-14T16:23:18.466Z","action":"BILLING.SUBSCRIPTION.ACTIVATED","msg":"Processing event: BILLING.SUBSCRIPTION.ACTIVATED"}
{"level":40,"time":"2026-02-14T16:23:18.467Z","endpoint":"webhooks/paypal","level":"warn","message":"Subscription activated","timestamp":"2026-02-14T16:23:18.466Z","action":"free","msg":"Subscription activated"}
{"level":40,"time":"2026-02-14T16:23:18.467Z","endpoint":"webhooks/paypal","level":"warn","message":"Event processed","timestamp":"2026-02-14T16:23:18.467Z","durationMs":2,"msg":"Event processed"}
{"level":40,"time":"2026-02-14T16:23:18.470Z","endpoint":"webhooks/paypal","level":"warn","message":"Duplicate event_id, skipping","timestamp":"2026-02-14T16:23:18.470Z","code":"23505","msg":"Duplicate event_id, skipping"}
{"level":50,"time":"2026-02-14T16:23:18.474Z","endpoint":"webhooks/paypal","level":"error","message":"Invalid JSON body","timestamp":"2026-02-14T16:23:18.474Z","action":"parse-body","msg":"Invalid JSON body"}
 [32m✓[39m src/app/api/webhooks/paypal/__tests__/paypal-webhook.test.ts [2m([22m[2m5 tests[22m[2m)[22m[90m 73[2mms[22m[39m
 [32m✓[39m src/app/api/party-dj/plan/__tests__/plan.test.ts [2m([22m[2m3 tests[22m[2m)[22m[33m 1319[2mms[22m[39m
   [33m[2m✓[22m[39m POST /api/party-dj/plan[2m > [22mreturns phases with valid body (paid tier allows 120 min) [33m1260[2mms[22m[39m
{"level":50,"time":"2026-02-14T16:23:19.183Z","message":"TEST_ERROR","componentStack":"\n    at ThrowError (C:\\Users\\paul0\\.minimax-agent\\projects\\3\\cheersin\\src\\components\\__tests__\\error-boundary.test.tsx:12:9)\n    at ErrorBoundaryBlock (C:\\Users\\paul0\\.minimax-agent\\projects\\3\\cheersin\\src\\components\\ErrorBoundaryBlock.tsx:20:5)","msg":"[ErrorBoundaryBlock:test]"}
{"level":50,"time":"2026-02-14T16:23:19.206Z","message":"TEST_ERROR","componentStack":"\n    at ThrowError (C:\\Users\\paul0\\.minimax-agent\\projects\\3\\cheersin\\src\\components\\__tests__\\error-boundary.test.tsx:12:9)\n    at ErrorBoundaryBlock (C:\\Users\\paul0\\.minimax-agent\\projects\\3\\cheersin\\src\\components\\ErrorBoundaryBlock.tsx:20:5)","msg":"[ErrorBoundaryBlock:測試區塊]"}
{"level":50,"time":"2026-02-14T16:23:19.280Z","message":"TEST_ERROR","componentStack":"\n    at ThrowError (C:\\Users\\paul0\\.minimax-agent\\projects\\3\\cheersin\\src\\components\\__tests__\\error-boundary.test.tsx:12:9)\n    at ErrorBoundaryBlock (C:\\Users\\paul0\\.minimax-agent\\projects\\3\\cheersin\\src\\components\\ErrorBoundaryBlock.tsx:20:5)","msg":"[ErrorBoundaryBlock:test]"}
{"level":50,"time":"2026-02-14T16:23:19.311Z","message":"TEST_ERROR","componentStack":"\n    at ThrowError (C:\\Users\\paul0\\.minimax-agent\\projects\\3\\cheersin\\src\\components\\__tests__\\error-boundary.test.tsx:12:9)\n    at ErrorBoundaryBlock (C:\\Users\\paul0\\.minimax-agent\\projects\\3\\cheersin\\src\\components\\ErrorBoundaryBlock.tsx:20:5)","msg":"[ErrorBoundaryBlock:test]"}
{"level":50,"time":"2026-02-14T16:23:19.327Z","message":"TEST_ERROR","componentStack":"\n    at ThrowError (C:\\Users\\paul0\\.minimax-agent\\projects\\3\\cheersin\\src\\components\\__tests__\\error-boundary.test.tsx:12:9)\n    at GameErrorBoundary (C:\\Users\\paul0\\.minimax-agent\\projects\\3\\cheersin\\src\\components\\games\\GameErrorBoundary.tsx:15:5)","msg":"[GameErrorBoundary]"}
{"level":50,"time":"2026-02-14T16:23:19.357Z","message":"TEST_ERROR","componentStack":"\n    at ThrowError (C:\\Users\\paul0\\.minimax-agent\\projects\\3\\cheersin\\src\\components\\__tests__\\error-boundary.test.tsx:12:9)\n    at GameErrorBoundary (C:\\Users\\paul0\\.minimax-agent\\projects\\3\\cheersin\\src\\components\\games\\GameErrorBoundary.tsx:15:5)","msg":"[GameErrorBoundary]"}
{"level":50,"time":"2026-02-14T16:23:19.471Z","error":"Missing Supabase environment variables","msg":"Cheers POST failed"}
{"level":50,"time":"2026-02-14T16:23:19.475Z","message":"Missing Supabase environment variables","stack":"Error: Missing Supabase environment variables\n    at createNewServerClient (C:\\Users\\paul0\\.minimax-agent\\projects\\3\\cheersin\\src\\lib\\supabase-server.ts:14:15)\n    at getServerClient (C:\\Users\\paul0\\.minimax-agent\\projects\\3\\cheersin\\src\\lib\\supabase-server.ts:28:33)\n    at Module.createServerClient (C:\\Users\\paul0\\.minimax-agent\\projects\\3\\cheersin\\src\\lib\\supabase-server.ts:35:12)\n    at Module.POST (C:\\Users\\paul0\\.minimax-agent\\projects\\3\\cheersin\\src\\app\\api\\games\\rooms\\[slug]\\cheers\\route.","msg":"API serverErrorResponse"}
 [32m✓[39m src/__tests__/api/cheers-route.test.ts [2m([22m[2m3 tests[22m[2m)[22m[90m 13[2mms[22m[39m
 [32m✓[39m src/__tests__/api/upload-route.test.ts [2m([22m[2m4 tests[22m[2m)[22m[90m 108[2mms[22m[39m
{"level":50,"time":"2026-02-14T16:23:19.654Z","error":"Missing Supabase environment variables","msg":"Game state POST failed"}
{"level":50,"time":"2026-02-14T16:23:19.656Z","message":"Missing Supabase environment variables","stack":"Error: Missing Supabase environment variables\n    at createNewServerClient (C:\\Users\\paul0\\.minimax-agent\\projects\\3\\cheersin\\src\\lib\\supabase-server.ts:14:15)\n    at getServerClient (C:\\Users\\paul0\\.minimax-agent\\projects\\3\\cheersin\\src\\lib\\supabase-server.ts:28:33)\n    at Module.createServerClient (C:\\Users\\paul0\\.minimax-agent\\projects\\3\\cheersin\\src\\lib\\supabase-server.ts:35:12)\n    at Module.POST (C:\\Users\\paul0\\.minimax-agent\\projects\\3\\cheersin\\src\\app\\api\\games\\rooms\\[slug]\\leave\\route.t","msg":"API serverErrorResponse"}
 [32m✓[39m src/__tests__/api/leave-route.test.ts [2m([22m[2m4 tests[22m[2m)[22m[90m 30[2mms[22m[39m
{"level":50,"time":"2026-02-14T16:23:19.664Z","message":"Missing Supabase environment variables","stack":"Error: Missing Supabase environment variables\n    at createNewServerClient (C:\\Users\\paul0\\.minimax-agent\\projects\\3\\cheersin\\src\\lib\\supabase-server.ts:14:15)\n    at getServerClient (C:\\Users\\paul0\\.minimax-agent\\projects\\3\\cheersin\\src\\lib\\supabase-server.ts:28:33)\n    at Module.createServerClient (C:\\Users\\paul0\\.minimax-agent\\projects\\3\\cheersin\\src\\lib\\supabase-server.ts:35:12)\n    at Module.POST (C:\\Users\\paul0\\.minimax-agent\\projects\\3\\cheersin\\src\\app\\api\\games\\rooms\\[slug]\\game-state\\ro","msg":"API serverErrorResponse"}
 [32m✓[39m src/__tests__/api/game-state-route.test.ts [2m([22m[2m7 tests[22m[2m)[22m[90m 93[2mms[22m[39m
{"level":50,"time":"2026-02-14T16:23:19.710Z","message":"Missing Supabase environment variables","stack":"Error: Missing Supabase environment variables\n    at createNewServerClient (C:\\Users\\paul0\\.minimax-agent\\projects\\3\\cheersin\\src\\lib\\supabase-server.ts:14:15)\n    at getServerClient (C:\\Users\\paul0\\.minimax-agent\\projects\\3\\cheersin\\src\\lib\\supabase-server.ts:28:33)\n    at Module.createServerClient (C:\\Users\\paul0\\.minimax-agent\\projects\\3\\cheersin\\src\\lib\\supabase-server.ts:35:12)\n    at Module.POST (C:\\Users\\paul0\\.minimax-agent\\projects\\3\\cheersin\\src\\app\\api\\games\\rooms\\[slug]\\join\\route.ts","msg":"API serverErrorResponse"}
 [32m✓[39m src/__tests__/api/join-route.test.ts [2m([22m[2m5 tests[22m[2m)[22m[90m 65[2mms[22m[39m
 [32m✓[39m src/__tests__/api/games-rooms-route.test.ts [2m([22m[2m1 test[22m[2m)[22m[90m 7[2mms[22m[39m
{"level":50,"time":"2026-02-14T16:23:19.759Z","endpoint":"subscription","level":"error","message":"PAYPAL_NOT_CONFIGURED","timestamp":"2026-02-14T16:23:19.759Z","action":"config-check","isP0":true,"msg":"PAYPAL_NOT_CONFIGURED"}
{"level":50,"time":"2026-02-14T16:23:19.766Z","endpoint":"subscription","level":"error","message":"PAYPAL_NOT_CONFIGURED","timestamp":"2026-02-14T16:23:19.765Z","action":"config-check","isP0":true,"msg":"PAYPAL_NOT_CONFIGURED"}
 [32m✓[39m src/__tests__/api/subscription-route.test.ts [2m([22m[2m2 tests[22m[2m)[22m[90m 62[2mms[22m[39m
stderr | src/components/games/__tests__/GameCard.test.tsx > GameCard > renders game information correctly
React does not recognize the `whileTap` prop on a DOM element. If you intentionally want it to appear in the DOM as a custom attribute, spell it as lowercase `whiletap` instead. If you accidentally passed it from a parent component, remove it from the DOM element.
React does not recognize the `whileHover` prop on a DOM element. If you intentionally want it to appear in the DOM as a custom attribute, spell it as lowercase `whilehover` instead. If you accidentally passed it from a parent component, remove it from the DOM element.

 [31m❯[39m src/components/games/__tests__/GameCard.test.tsx [2m([22m[2m6 tests[22m[2m | [22m[31m5 failed[39m[2m)[22m[90m 235[2mms[22m[39m
[31m   [31m×[31m GameCard[2m > [22mcalls onSelect when clicked[90m 69[2mms[22m[31m[39m
[31m     → Found multiple elements with the role "listitem"

Here are the matching elements:

Ignored nodes: comments, script, style
[36m<div[31m
  [33maria-label[31m=[32m"進入遊戲：Test Game，2-4 Players，開始"[31m
  [33mclass[31m=[32m"virtual-scroll-card rounded-2xl glass-card-spotlight p-4 md:p-6 text-left group flex flex-col gap-4 relative overflow-hidden h-full min-h-[180px] transition-all duration-300 border shadow-glass-2 hover:shadow-xl hover:border-primary/30 outline-none cursor-pointer scroll-margin-block-[1.5rem] touch-feedback btn-icon-text-gap games-focus-ring group-hover:shadow-[0_0_20px_rgba(139,0,0,0.25)] group-hover:border-primary-500/50"[31m
  [33mrole[31m=[32m"listitem"[31m
  [33mstyle[31m=[32m"transform-style: preserve-3d; transition: transform 0.2s ease-out, box-shadow 0.3s ease;"[31m
  [33mtabindex[31m=[32m"0"[31m
  [33mtitle[31m=[32m"Test Rules"[31m
  [33mvariants[31m=[32m"[object Object]"[31m
  [33mwhiletap[31m=[32m"[object Object]"[31m
[36m>[31m
  [36m<span[31m
    [33mclass[31m=[32m"absolute top-2 right-2 z-10 animate-[pulse_2s_ease-in-out_infinite]"[31m
  [36m>[31m
    [36m<div[31m
      [33mdata-testid[31m=[32m"badge"[31m
    [36m>[31m
      [0mgames.new[0m
    [36m</div>[31m
  [36m</span>[31m
  [36m<button[31m
    [33maria-label[31m=[32m"加入收藏"[31m
    [33mclass[31m=[32m"absolute top-3 left-3 z-10 p-2 rounded-full bg-black/30 hover:bg-white/10 transition-colors games-touch-target flex items-center justify-center games-focus-ring"[31m
    [33mtransition[31m=[32m"[object Object]"[31m
    [33mtype[31m=[32m"button"[31m
    [33mwhiletap[31m=[32m"[object Object]"[31m
  [36m>[31m
    [36m<span[31m
      [33manimate[31m=[32m"[object Object]"[31m
      [33mclass[31m=[32m"inline-block"[31m
      [33minitial[31m=[32m"[object Object]"[31m
      [33mtransition[31m=[32m"[object Object]"[31m
    [36m>[31m
      [36m<svg[31m
        [33mclass[31m=[32m"lucide lucide-heart w-4 h-4 text-white/60"[31m
        [33mfill[31m=[32m"none"[31m
        [33mheight[31m=[32m"24"[31m
        [33mstroke[31m=[32m"currentColor"[31m
        [33mstroke-linecap[31m=[32m"round"[31m
        [33mstroke-linejoin[31m=[32m"round"[31m
        [33mstroke-width[31m=[32m"2"[31m
        [33mviewBox[31m=[32m"0 0 24 24"[31m
        [33mwidth[31m=[32m"24"[31m
        [33mxmlns[31m=[32m"http://www.w3.org/2000/svg"[31m
      [36m>[31m
        [36m<path[31m
          [33md[31m=[32m"M19 14c1.49-1.46 3-3.21 3-5.5A5.5 5.5 0 0 0 16.5 3c-1.76 0-3 .5-4.5 2-1.5-1.5-2.74-2-4.5-2A5.5 5.5 0 0 0 2 8.5c0 2.3 1.5 4.05 3 5.5l7 7Z"[31m
        [36m/>[31m
      [36m</svg>[31m
    [36m</span>[31m
  [36m</button>[31m
  [36m<div[31m
    [33mclass[31m=[32m"flex justify-between items-start btn-icon-text-gap"[31m
  [36m>[31m
    [36m<div[31m
      [33mclass[31m=[32m"flex items-center gap-2"[31m
      [33mwhilehover[31m=[32m"[object Object]"[31m
    [36m>[31m
      [36m<div[31m
        [33mdata-testid[31m=[32m"feature-icon"[31m
      [36m/>[31m
    [36m</div>[31m
    [36m<div[31m
      [33manimate[31m=[32m"[object Object]"[31m
      [33mclass[31m=[32m"-mr-2 -mt-2"[31m
      [33minitial[31m=[32m"[object Object]"[31m
      [33mtransition[31m=[32m"[object Object]"[31m
      [33mwhilehover[31m=[32m"[object Object]"[31m
    [36m>[31m
      [36m<div[31m
        [33mclass[31m=[32m"p-2 bg-white/10 rounded-full"[31m
      [36m>[31m
        [36m<svg[31m
          [33mclass[31m=[32m"lucide lucide-chevron-right w-4 h-4 text-white"[31m
          [33mfill[31m=[32m"none"[31m
          [33mheight[31m=[32m"24"[31m
          [33mstroke[31m=[32m"currentColor"[31m
          [33mstroke-linecap[31m=[32m"round"[31m
          [33mstroke-linejoin[31m=[32m"round"[31m
          [33mstroke-width[31m=[32m"2"[31m
          [33mviewBox[31m=[32m"0 0 24 24"[31m
          [33mwidth[31m=[32m"24"[31m
          [33mxmlns[31m=[32m"http://www.w3.org/2000/svg"[31m
        [36m>[31m
          [36m<path[31m
            [33md[31m=[32m"m9 18 6-6-6-6"[31m
          [36m/>[31m
        [36m</svg>[31m
      [36m</div>[31m
    [36m</div>[31m
  [36m</div>[31m
  [36m<div[31m
    [33mclass[31m=[32m"z-10 mt-auto"[31m
  [36m>[31m
    [36m<h3[31m
      [33mclass[31m=[32m"text-xl font-display font-bold text-white mb-2 group-hover:text-primary-400 transition-colors duration-200 truncate"[31m
      [33mtitle[31m=[32m"Test Game"[31m
    [36m>[31m
      [0mTest Game[0m
    [36m</h3>[31m
    [36m<p[31m
      [33mclass[31m=[32m"text-white/50 text-sm mb-3 line-clamp-2 min-h-[2.5rem]"[31m
    [36m>[31m
      [0mA fun test game[0m
    [36m</p>[31m
    [36m<span[31m
      [33mclass[31m=[32m"inline-flex items-center gap-2 btn-secondary btn-press-scale min-h-[48px] min-w-[44px] py-2 px-4 text-sm font-semibold rounded-xl mt-2 w-fit"[31m
    [36m>[31m
      [36m<span>[31m
        [0m開始遊戲[0m
      [36m</span>[31m
      [36m<svg[31m
        [33maria-hidden[31m=[32m"true"[31m
        [33mclass[31m=[32m"lucide lucide-chevron-right w-4 h-4 shrink-0"[31m
        [33mfill[31m=[32m"none"[31m
        [33mheight[31m=[32m"24"[31m
        [33mstroke[31m=[32m"currentColor"[31m
        [33mstroke-linecap[31m=[32m"round"[31m
        [33mstroke-linejoin[31m=[32m"round"[31m
        [33mstroke-width[31m=[32m"2"[31m
        [33mviewBox[31m=[32m"0 0 24 24"[31m
        [33mwidth[31m=[32m"24"[31m
        [33mxmlns[31m=[32m"http://www.w3.org/2000/svg"[31m
      [36m>[31m
        [36m<path[31m
          [33md[31m=[32m"m9 18 6-6-6-6"[31m
        [36m/>[31m
      [36m</svg>[31m
    [36m</span>[31m
    [36m<div[31m
      [33mclass[31m=[32m"flex flex-wrap gap-1.5 items-center mt-3"[31m
    [36m>[31m
      [36m<span[31m
        [33mclass[31m=[32m"inline-flex items-center gap-1.5 px-2.5 py-1 rounded-md border text-[11px] font-mono uppercase tracking-widest bg-primary-500/15 border-primary-500/30 text-primary-300"[31m
        [33mdata-i18n-key[31m=[32m"games.card.players"[31m
      [36m>[31m
        [36m<svg[31m
          [33maria-hidden[31m=[32m"true"[31m
          [33mclass[31m=[32m"lucide lucide-users w-3.5 h-3.5 shrink-0"[31m
          [33mfill[31m=[32m"none"[31m
          [33mheight[31m=[32m"24"[31m
          [33mstroke[31m=[32m"currentColor"[31m
          [33mstroke-linecap[31m=[32m"round"[31m
          [33mstroke-linejoin[31m=[32m"round"[31m
          [33mstroke-width[31m=[32m"2"[31m
          [33mviewBox[31m=[32m"0 0 24 24"[31m
          [33mwidth[31m=[32m"24"[31m
          [33mxmlns[31m=[32m"http://www.w3.org/2000/svg"[31m
        [36m>[31m
          [36m<path[31m
            [33md[31m=[32m"M16 21v-2a4 4 0 0 0-4-4H6a4 4 0 0 0-4 4v2"[31m
          [36m/>[31m
          [36m<circle[31m
            [33mcx[31m=[32m"9"[31m
            [33mcy[31m=[32m"7"[31m
            [33mr[31m=[...

Ignored nodes: comments, script, style
[36m<div[31m
  [33maria-label[31m=[32m"進入遊戲：Test Game，2-4 Players，開始"[31m
  [33mclass[31m=[32m"virtual-scroll-card rounded-2xl glass-card-spotlight p-4 md:p-6 text-left group flex flex-col gap-4 relative overflow-hidden h-full min-h-[180px] transition-all duration-300 border shadow-glass-2 hover:shadow-xl hover:border-primary/30 outline-none cursor-pointer scroll-margin-block-[1.5rem] touch-feedback btn-icon-text-gap games-focus-ring group-hover:shadow-[0_0_20px_rgba(139,0,0,0.25)] group-hover:border-primary-500/50"[31m
  [33mrole[31m=[32m"listitem"[31m
  [33mstyle[31m=[32m"transform-style: preserve-3d; transition: transform 0.2s ease-out, box-shadow 0.3s ease;"[31m
  [33mtabindex[31m=[32m"0"[31m
  [33mtitle[31m=[32m"Test Rules"[31m
  [33mvariants[31m=[32m"[object Object]"[31m
  [33mwhiletap[31m=[32m"[object Object]"[31m
[36m>[31m
  [36m<span[31m
    [33mclass[31m=[32m"absolute top-2 right-2 z-10 animate-[pulse_2s_ease-in-out_infinite]"[31m
  [36m>[31m
    [36m<div[31m
      [33mdata-testid[31m=[32m"badge"[31m
    [36m>[31m
      [0mgames.new[0m
    [36m</div>[31m
  [36m</span>[31m
  [36m<button[31m
    [33maria-label[31m=[32m"加入收藏"[31m
    [33mclass[31m=[32m"absolute top-3 left-3 z-10 p-2 rounded-full bg-black/30 hover:bg-white/10 transition-colors games-touch-target flex items-center justify-center games-focus-ring"[31m
    [33mtransition[31m=[32m"[object Object]"[31m
    [33mtype[31m=[32m"button"[31m
    [33mwhiletap[31m=[32m"[object Object]"[31m
  [36m>[31m
    [36m<span[31m
      [33manimate[31m=[32m"[object Object]"[31m
      [33mclass[31m=[32m"inline-block"[31m
      [33minitial[31m=[32m"[object Object]"[31m
      [33mtransition[31m=[32m"[object Object]"[31m
    [36m>[31m
      [36m<svg[31m
        [33mclass[31m=[32m"lucide lucide-heart w-4 h-4 text-white/60"[31m
        [33mfill[31m=[32m"none"[31m
        [33mheight[31m=[32m"24"[31m
        [33mstroke[31m=[32m"currentColor"[31m
        [33mstroke-linecap[31m=[32m"round"[31m
        [33mstroke-linejoin[31m=[32m"round"[31m
        [33mstroke-width[31m=[32m"2"[31m
        [33mviewBox[31m=[32m"0 0 24 24"[31m
        [33mwidth[31m=[32m"24"[31m
        [33mxmlns[31m=[32m"http://www.w3.org/2000/svg"[31m
      [36m>[31m
        [36m<path[31m
          [33md[31m=[32m"M19 14c1.49-1.46 3-3.21 3-5.5A5.5 5.5 0 0 0 16.5 3c-1.76 0-3 .5-4.5 2-1.5-1.5-2.74-2-4.5-2A5.5 5.5 0 0 0 2 8.5c0 2.3 1.5 4.05 3 5.5l7 7Z"[31m
        [36m/>[31m
      [36m</svg>[31m
    [36m</span>[31m
  [36m</button>[31m
  [36m<div[31m
    [33mclass[31m=[32m"flex justify-between items-start btn-icon-text-gap"[31m
  [36m>[31m
    [36m<div[31m
      [33mclass[31m=[32m"flex items-center gap-2"[31m
      [33mwhilehover[31m=[32m"[object Object]"[31m
    [36m>[31m
      [36m<div[31m
        [33mdata-testid[31m=[32m"feature-icon"[31m
      [36m/>[31m
    [36m</div>[31m
    [36m<div[31m
      [33manimate[31m=[32m"[object Object]"[31m
      [33mclass[31m=[32m"-mr-2 -mt-2"[31m
      [33minitial[31m=[32m"[object Object]"[31m
      [33mtransition[31m=[32m"[object Object]"[31m
      [33mwhilehover[31m=[32m"[object Object]"[31m
    [36m>[31m
      [36m<div[31m
        [33mclass[31m=[32m"p-2 bg-white/10 rounded-full"[31m
      [36m>[31m
        [36m<svg[31m
          [33mclass[31m=[32m"lucide lucide-chevron-right w-4 h-4 text-white"[31m
          [33mfill[31m=[32m"none"[31m
          [33mheight[31m=[32m"24"[31m
          [33mstroke[31m=[32m"currentColor"[31m
          [33mstroke-linecap[31m=[32m"round"[31m
          [33mstroke-linejoin[31m=[32m"round"[31m
          [33mstroke-width[31m=[32m"2"[31m
          [33mviewBox[31m=[32m"0 0 24 24"[31m
          [33mwidth[31m=[32m"24"[31m
          [33mxmlns[31m=[32m"http://www.w3.org/2000/svg"[31m
        [36m>[31m
          [36m<path[31m
            [33md[31m=[32m"m9 18 6-6-6-6"[31m
          [36m/>[31m
        [36m</svg>[31m
      [36m</div>[31m
    [36m</div>[31m
  [36m</div>[31m
  [36m<div[31m
    [33mclass[31m=[32m"z-10 mt-auto"[31m
  [36m>[31m
    [36m<h3[31m
      [33mclass[31m=[32m"text-xl font-display font-bold text-white mb-2 group-hover:text-primary-400 transition-colors duration-200 truncate"[31m
      [33mtitle[31m=[32m"Test Game"[31m
    [36m>[31m
      [0mTest Game[0m
    [36m</h3>[31m
    [36m<p[31m
      [33mclass[31m=[32m"text-white/50 text-sm mb-3 line-clamp-2 min-h-[2.5rem]"[31m
    [36m>[31m
      [0mA fun test game[0m
    [36m</p>[31m
    [36m<span[31m
      [33mclass[31m=[32m"inline-flex items-center gap-2 btn-secondary btn-press-scale min-h-[48px] min-w-[44px] py-2 px-4 text-sm font-semibold rounded-xl mt-2 w-fit"[31m
    [36m>[31m
      [36m<span>[31m
        [0m開始遊戲[0m
      [36m</span>[31m
      [36m<svg[31m
        [33maria-hidden[31m=[32m"true"[31m
        [33mclass[31m=[32m"lucide lucide-chevron-right w-4 h-4 shrink-0"[31m
        [33mfill[31m=[32m"none"[31m
        [33mheight[31m=[32m"24"[31m
        [33mstroke[31m=[32m"currentColor"[31m
        [33mstroke-linecap[31m=[32m"round"[31m
        [33mstroke-linejoin[31m=[32m"round"[31m
        [33mstroke-width[31m=[32m"2"[31m
        [33mviewBox[31m=[32m"0 0 24 24"[31m
        [33mwidth[31m=[32m"24"[31m
        [33mxmlns[31m=[32m"http://www.w3.org/2000/svg"[31m
      [36m>[31m
        [36m<path[31m
          [33md[31m=[32m"m9 18 6-6-6-6"[31m
        [36m/>[31m
      [36m</svg>[31m
    [36m</span>[31m
    [36m<div[31m
      [33mclass[31m=[32m"flex flex-wrap gap-1.5 items-center mt-3"[31m
    [36m>[31m
      [36m<span[31m
        [33mclass[31m=[32m"inline-flex items-center gap-1.5 px-2.5 py-1 rounded-md border text-[11px] font-mono uppercase tracking-widest bg-primary-500/15 border-primary-500/30 text-primary-300"[31m
        [33mdata-i18n-key[31m=[32m"games.card.players"[31m
      [36m>[31m
        [36m<svg[31m
          [33maria-hidden[31m=[32m"true"[31m
          [33mclass[31m=[32m"lucide lucide-users w-3.5 h-3.5 shrink-0"[31m
          [33mfill[31m=[32m"none"[31m
          [33mheight[31m=[32m"24"[31m
          [33mstroke[31m=[32m"currentColor"[31m
          [33mstroke-linecap[31m=[32m"round"[31m
          [33mstroke-linejoin[31m=[32m"round"[31m
          [33mstroke-width[31m=[32m"2"[31m
          [33mviewBox[31m=[32m"0 0 24 24"[31m
          [33mwidth[31m=[32m"24"[31m
          [33mxmlns[31m=[32m"http://www.w3.org/2000/svg"[31m
        [36m>[31m
          [36m<path[31m
            [33md[31m=[32m"M16 21v-2a4 4 0 0 0-4-4H6a4 4 0 0 0-4 4v2"[31m
          [36m/>[31m
          [36m<circle[31m
            [33mcx[31m=[32m"9"[31m
            [33mcy[31m=[32m"7"[31m
            [33mr[31m=[...

(If this is intentional, then use the `*AllBy*` variant of the query (like `queryAllByText`, `getAllByText`, or `findAllByText`)).

Ignored nodes: comments, script, style
[36m<body>[31m
  [36m<div>[31m
    [36m<div[31m
      [33maria-label[31m=[32m"進入遊戲：Test Game，2-4 Players，開始"[31m
      [33mclass[31m=[32m"virtual-scroll-card rounded-2xl glass-card-spotlight p-4 md:p-6 text-left group flex flex-col gap-4 relative overflow-hidden h-full min-h-[180px] transition-all duration-300 border shadow-glass-2 hover:shadow-xl hover:border-primary/30 outline-none cursor-pointer scroll-margin-block-[1.5rem] touch-feedback btn-icon-text-gap games-focus-ring group-hover:shadow-[0_0_20px_rgba(139,0,0,0.25)] group-hover:border-primary-500/50"[31m
      [33mrole[31m=[32m"listitem"[31m
      [33mstyle[31m=[32m"transform-style: preserve-3d; transition: transform 0.2s ease-out, box-shadow 0.3s ease;"[31m
      [33mtabindex[31m=[32m"0"[31m
      [33mtitle[31m=[32m"Test Rules"[31m
      [33mvariants[31m=[32m"[object Object]"[31m
      [33mwhiletap[31m=[32m"[object Object]"[31m
    [36m>[31m
      [36m<span[31m
        [33mclass[31m=[32m"absolute top-2 right-2 z-10 animate-[pulse_2s_ease-in-out_infinite]"[31m
      [36m>[31m
        [36m<div[31m
          [33mdata-testid[31m=[32m"badge"[31m
        [36m>[31m
          [0mgames.new[0m
        [36m</div>[31m
      [36m</span>[31m
      [36m<button[31m
        [33maria-label[31m=[32m"加入收藏"[31m
        [33mclass[31m=[32m"absolute top-3 left-3 z-10 p-2 rounded-full bg-black/30 hover:bg-white/10 transition-colors games-touch-target flex items-center justify-center games-focus-ring"[31m
        [33mtransition[31m=[32m"[object Object]"[31m
        [33mtype[31m=[32m"button"[31m
        [33mwhiletap[31m=[32m"[object Object]"[31m
      [36m>[31m
        [36m<span[31m
          [33manimate[31m=[32m"[object Object]"[31m
          [33mclass[31m=[32m"inline-block"[31m
          [33minitial[31m=[32m"[object Object]"[31m
          [33mtransition[31m=[32m"[object Object]"[31m
        [36m>[31m
          [36m<svg[31m
            [33mclass[31m=[32m"lucide lucide-heart w-4 h-4 text-white/60"[31m
            [33mfill[31m=[32m"none"[31m
            [33mheight[31m=[32m"24"[31m
            [33mstroke[31m=[32m"currentColor"[31m
            [33mstroke-linecap[31m=[32m"round"[31m
            [33mstroke-linejoin[31m=[32m"round"[31m
            [33mstroke-width[31m=[32m"2"[31m
            [33mviewBox[31m=[32m"0 0 24 24"[31m
            [33mwidth[31m=[32m"24"[31m
            [33mxmlns[31m=[32m"http://www.w3.org/2000/svg"[31m
          [36m>[31m
            [36m<path[31m
              [33md[31m=[32m"M19 14c1.49-1.46 3-3.21 3-5.5A5.5 5.5 0 0 0 16.5 3c-1.76 0-3 .5-4.5 2-1.5-1.5-2.74-2-4.5-2A5.5 5.5 0 0 0 2 8.5c0 2.3 1.5 4.05 3 5.5l7 7Z"[31m
            [36m/>[31m
          [36m</svg>[31m
        [36m</span>[31m
      [36m</button>[31m
      [36m<div[31m
        [33mclass[31m=[32m"flex justify-between items-start btn-icon-text-gap"[31m
      [36m>[31m
        [36m<div[31m
          [33mclass[31m=[32m"flex items-center gap-2"[31m
          [33mwhilehover[31m=[32m"[object Object]"[31m
        [36m>[31m
          [36m<div[31m
            [33mdata-testid[31m=[32m"feature-icon"[31m
          [36m/>[31m
        [36m</div>[31m
        [36m<div[31m
          [33manimate[31m=[32m"[object Object]"[31m
          [33mclass[31m=[32m"-mr-2 -mt-2"[31m
          [33minitial[31m=[32m"[object Object]"[31m
          [33mtransition[31m=[32m"[object Object]"[31m
          [33mwhilehover[31m=[32m"[object Object]"[31m
        [36m>[31m
          [36m<div[31m
            [33mclass[31m=[32m"p-2 bg-white/10 rounded-full"[31m
          [36m>[31m
            [36m<svg[31m
              [33mclass[31m=[32m"lucide lucide-chevron-right w-4 h-4 text-white"[31m
              [33mfill[31m=[32m"none"[31m
              [33mheight[31m=[32m"24"[31m
              [33mstroke[31m=[32m"currentColor"[31m
              [33mstroke-linecap[31m=[32m"round"[31m
              [33mstroke-linejoin[31m=[32m"round"[31m
              [33mstroke-width[31m=[32m"2"[31m
              [33mviewBox[31m=[32m"0 0 24 24"[31m
              [33mwidth[31m=[32m"24"[31m
              [33mxmlns[31m=[32m"http://www.w3.org/2000/svg"[31m
            [36m>[31m
              [36m<path[31m
                [33md[31m=[32m"m9 18 6-6-6-6"[31m
              [36m/>[31m
            [36m</svg>[31m
          [36m</div>[31m
        [36m</div>[31m
      [36m</div>[31m
      [36m<div[31m
        [33mclass[31m=[32m"z-10 mt-auto"[31m
      [36m>[31m
        [36m<h3[31m
          [33mclass[31m=[32m"text-xl font-display font-bold text-white mb-2 group-hover:text-primary-400 transition-colors duration-200 truncate"[31m
          [33mtitle[31m=[32m"Test Game"[31m
        [36m>[31m
          [0mTest Game[0m
        [36m</h3>[31m
        [36m<p[31m
          [33mclass[31m=[32m"text-white/50 text-sm mb-3 line-clamp-2 min-h-[2.5rem]"[31m
        [36m>[31m
          [0mA fun test game[0m
        [36m</p>[31m
        [36m<span[31m
          [33mclass[31m=[32m"inline-flex items-center gap-2 btn-secondary btn-press-scale min-h-[48px] min-w-[44px] py-2 px-4 text-sm font-semibold rounded-xl mt-2 w-fit"[31m
        [36m>[31m
          [36m<span>[31m
            [0m開始遊戲[0m
          [36m</span>[31m
          [36m<svg[31m
            [33maria-hidden[31m=[32m"true"[31m
            [33mclass[31m=[32m"lucide lucide-chevron-right w-4 h-4 shrink-0"[31m
            [33mfill[31m=[32m"none"[31m
            [33mheight[31m=[32m"24"[31m
            [33mstroke[31m=[32m"currentColor"[31m
            [33mstroke-linecap[31m=[32m"round"[31m
            [33mstroke-linejoin[31m=[32m"round"[31m
            [33mstroke-width[31m=[32m"2"[31m
            [33mviewBox[31m=[32m"0 0 24 24"[31m
            [33mwidth[31m=[32m"24"[31m
            [33mxmlns[31m=[32m"http://www.w3.org/2000/svg"[31m
          [36m>[31m
            [36m<path[31m
              [33md[31m=[32m"m9 18 6-6-6-6"[31m
            [36m/>[31m
          [36m</svg>[31m
        [36m</span>[31m
        [36m<div[31m
          [33mclass[31m=[32m"flex flex-wrap gap-1.5 items-center mt-3"[31m
        [36m>[31m
          [36m<span[31m
            [33mclass[31m=[32m"inline-flex items-center gap-1.5 px-2.5 py-1 rounded-md border text-[11px] font-mono uppercase tracking-widest bg-primary-500/15 border-primary-500/30 text-primary-300"[31m
            [33mdata-i18n-key[31m=[32m"games.card.players"[31m
          [36m>[31m
            [36m<svg[31m
              [33maria-hidden[31m=[32m"true"[31m
              [33mclass[31m=[32m"lucide lucide-users w-3.5 h-3.5 shrink-0"[31m
              [33mfill[31m=[32m"none"[31m
              [33mheight[31m=[32m"24"[31m
              [33mstroke[31m=[32m"currentCo...[39m
[31m   [31m×[31m GameCard[2m > [22mcalls onToggleFavorite when heart is clicked[90m 22[2mms[22m[31m[39m
[31m     → Found multiple elements with the text of: 加入收藏

Here are the matching elements:

Ignored nodes: comments, script, style
[36m<button[31m
  [33maria-label[31m=[32m"加入收藏"[31m
  [33mclass[31m=[32m"absolute top-3 left-3 z-10 p-2 rounded-full bg-black/30 hover:bg-white/10 transition-colors games-touch-target flex items-center justify-center games-focus-ring"[31m
  [33mtransition[31m=[32m"[object Object]"[31m
  [33mtype[31m=[32m"button"[31m
  [33mwhiletap[31m=[32m"[object Object]"[31m
[36m>[31m
  [36m<span[31m
    [33manimate[31m=[32m"[object Object]"[31m
    [33mclass[31m=[32m"inline-block"[31m
    [33minitial[31m=[32m"[object Object]"[31m
    [33mtransition[31m=[32m"[object Object]"[31m
  [36m>[31m
    [36m<svg[31m
      [33mclass[31m=[32m"lucide lucide-heart w-4 h-4 text-white/60"[31m
      [33mfill[31m=[32m"none"[31m
      [33mheight[31m=[32m"24"[31m
      [33mstroke[31m=[32m"currentColor"[31m
      [33mstroke-linecap[31m=[32m"round"[31m
      [33mstroke-linejoin[31m=[32m"round"[31m
      [33mstroke-width[31m=[32m"2"[31m
      [33mviewBox[31m=[32m"0 0 24 24"[31m
      [33mwidth[31m=[32m"24"[31m
      [33mxmlns[31m=[32m"http://www.w3.org/2000/svg"[31m
    [36m>[31m
      [36m<path[31m
        [33md[31m=[32m"M19 14c1.49-1.46 3-3.21 3-5.5A5.5 5.5 0 0 0 16.5 3c-1.76 0-3 .5-4.5 2-1.5-1.5-2.74-2-4.5-2A5.5 5.5 0 0 0 2 8.5c0 2.3 1.5 4.05 3 5.5l7 7Z"[31m
      [36m/>[31m
    [36m</svg>[31m
  [36m</span>[31m
[36m</button>[31m

Ignored nodes: comments, script, style
[36m<button[31m
  [33maria-label[31m=[32m"加入收藏"[31m
  [33mclass[31m=[32m"absolute top-3 left-3 z-10 p-2 rounded-full bg-black/30 hover:bg-white/10 transition-colors games-touch-target flex items-center justify-center games-focus-ring"[31m
  [33mtransition[31m=[32m"[object Object]"[31m
  [33mtype[31m=[32m"button"[31m
  [33mwhiletap[31m=[32m"[object Object]"[31m
[36m>[31m
  [36m<span[31m
    [33manimate[31m=[32m"[object Object]"[31m
    [33mclass[31m=[32m"inline-block"[31m
    [33minitial[31m=[32m"[object Object]"[31m
    [33mtransition[31m=[32m"[object Object]"[31m
  [36m>[31m
    [36m<svg[31m
      [33mclass[31m=[32m"lucide lucide-heart w-4 h-4 text-white/60"[31m
      [33mfill[31m=[32m"none"[31m
      [33mheight[31m=[32m"24"[31m
      [33mstroke[31m=[32m"currentColor"[31m
      [33mstroke-linecap[31m=[32m"round"[31m
      [33mstroke-linejoin[31m=[32m"round"[31m
      [33mstroke-width[31m=[32m"2"[31m
      [33mviewBox[31m=[32m"0 0 24 24"[31m
      [33mwidth[31m=[32m"24"[31m
      [33mxmlns[31m=[32m"http://www.w3.org/2000/svg"[31m
    [36m>[31m
      [36m<path[31m
        [33md[31m=[32m"M19 14c1.49-1.46 3-3.21 3-5.5A5.5 5.5 0 0 0 16.5 3c-1.76 0-3 .5-4.5 2-1.5-1.5-2.74-2-4.5-2A5.5 5.5 0 0 0 2 8.5c0 2.3 1.5 4.05 3 5.5l7 7Z"[31m
      [36m/>[31m
    [36m</svg>[31m
  [36m</span>[31m
[36m</button>[31m

Ignored nodes: comments, script, style
[36m<button[31m
  [33maria-label[31m=[32m"加入收藏"[31m
  [33mclass[31m=[32m"absolute top-3 left-3 z-10 p-2 rounded-full bg-black/30 hover:bg-white/10 transition-colors games-touch-target flex items-center justify-center games-focus-ring"[31m
  [33mtransition[31m=[32m"[object Object]"[31m
  [33mtype[31m=[32m"button"[31m
  [33mwhiletap[31m=[32m"[object Object]"[31m
[36m>[31m
  [36m<span[31m
    [33manimate[31m=[32m"[object Object]"[31m
    [33mclass[31m=[32m"inline-block"[31m
    [33minitial[31m=[32m"[object Object]"[31m
    [33mtransition[31m=[32m"[object Object]"[31m
  [36m>[31m
    [36m<svg[31m
      [33mclass[31m=[32m"lucide lucide-heart w-4 h-4 text-white/60"[31m
      [33mfill[31m=[32m"none"[31m
      [33mheight[31m=[32m"24"[31m
      [33mstroke[31m=[32m"currentColor"[31m
      [33mstroke-linecap[31m=[32m"round"[31m
      [33mstroke-linejoin[31m=[32m"round"[31m
      [33mstroke-width[31m=[32m"2"[31m
      [33mviewBox[31m=[32m"0 0 24 24"[31m
      [33mwidth[31m=[32m"24"[31m
      [33mxmlns[31m=[32m"http://www.w3.org/2000/svg"[31m
    [36m>[31m
      [36m<path[31m
        [33md[31m=[32m"M19 14c1.49-1.46 3-3.21 3-5.5A5.5 5.5 0 0 0 16.5 3c-1.76 0-3 .5-4.5 2-1.5-1.5-2.74-2-4.5-2A5.5 5.5 0 0 0 2 8.5c0 2.3 1.5 4.05 3 5.5l7 7Z"[31m
      [36m/>[31m
    [36m</svg>[31m
  [36m</span>[31m
[36m</button>[31m

(If this is intentional, then use the `*AllBy*` variant of the query (like `queryAllByText`, `getAllByText`, or `findAllByText`)).

Ignored nodes: comments, script, style
[36m<body>[31m
  [36m<div>[31m
    [36m<div[31m
      [33maria-label[31m=[32m"進入遊戲：Test Game，2-4 Players，開始"[31m
      [33mclass[31m=[32m"virtual-scroll-card rounded-2xl glass-card-spotlight p-4 md:p-6 text-left group flex flex-col gap-4 relative overflow-hidden h-full min-h-[180px] transition-all duration-300 border shadow-glass-2 hover:shadow-xl hover:border-primary/30 outline-none cursor-pointer scroll-margin-block-[1.5rem] touch-feedback btn-icon-text-gap games-focus-ring group-hover:shadow-[0_0_20px_rgba(139,0,0,0.25)] group-hover:border-primary-500/50"[31m
      [33mrole[31m=[32m"listitem"[31m
      [33mstyle[31m=[32m"transform-style: preserve-3d; transition: transform 0.2s ease-out, box-shadow 0.3s ease;"[31m
      [33mtabindex[31m=[32m"0"[31m
      [33mtitle[31m=[32m"Test Rules"[31m
      [33mvariants[31m=[32m"[object Object]"[31m
      [33mwhiletap[31m=[32m"[object Object]"[31m
    [36m>[31m
      [36m<span[31m
        [33mclass[31m=[32m"absolute top-2 right-2 z-10 animate-[pulse_2s_ease-in-out_infinite]"[31m
      [36m>[31m
        [36m<div[31m
          [33mdata-testid[31m=[32m"badge"[31m
        [36m>[31m
          [0mgames.new[0m
        [36m</div>[31m
      [36m</span>[31m
      [36m<button[31m
        [33maria-label[31m=[32m"加入收藏"[31m
        [33mclass[31m=[32m"absolute top-3 left-3 z-10 p-2 rounded-full bg-black/30 hover:bg-white/10 transition-colors games-touch-target flex items-center justify-center games-focus-ring"[31m
        [33mtransition[31m=[32m"[object Object]"[31m
        [33mtype[31m=[32m"button"[31m
        [33mwhiletap[31m=[32m"[object Object]"[31m
      [36m>[31m
        [36m<span[31m
          [33manimate[31m=[32m"[object Object]"[31m
          [33mclass[31m=[32m"inline-block"[31m
          [33minitial[31m=[32m"[object Object]"[31m
          [33mtransition[31m=[32m"[object Object]"[31m
        [36m>[31m
          [36m<svg[31m
            [33mclass[31m=[32m"lucide lucide-heart w-4 h-4 text-white/60"[31m
            [33mfill[31m=[32m"none"[31m
            [33mheight[31m=[32m"24"[31m
            [33mstroke[31m=[32m"currentColor"[31m
            [33mstroke-linecap[31m=[32m"round"[31m
            [33mstroke-linejoin[31m=[32m"round"[31m
            [33mstroke-width[31m=[32m"2"[31m
            [33mviewBox[31m=[32m"0 0 24 24"[31m
            [33mwidth[31m=[32m"24"[31m
            [33mxmlns[31m=[32m"http://www.w3.org/2000/svg"[31m
          [36m>[31m
            [36m<path[31m
              [33md[31m=[32m"M19 14c1.49-1.46 3-3.21 3-5.5A5.5 5.5 0 0 0 16.5 3c-1.76 0-3 .5-4.5 2-1.5-1.5-2.74-2-4.5-2A5.5 5.5 0 0 0 2 8.5c0 2.3 1.5 4.05 3 5.5l7 7Z"[31m
            [36m/>[31m
          [36m</svg>[31m
        [36m</span>[31m
      [36m</button>[31m
      [36m<div[31m
        [33mclass[31m=[32m"flex justify-between items-start btn-icon-text-gap"[31m
      [36m>[31m
        [36m<div[31m
          [33mclass[31m=[32m"flex items-center gap-2"[31m
          [33mwhilehover[31m=[32m"[object Object]"[31m
        [36m>[31m
          [36m<div[31m
            [33mdata-testid[31m=[32m"feature-icon"[31m
          [36m/>[31m
        [36m</div>[31m
        [36m<div[31m
          [33manimate[31m=[32m"[object Object]"[31m
          [33mclass[31m=[32m"-mr-2 -mt-2"[31m
          [33minitial[31m=[32m"[object Object]"[31m
          [33mtransition[31m=[32m"[object Object]"[31m
          [33mwhilehover[31m=[32m"[object Object]"[31m
        [36m>[31m
          [36m<div[31m
            [33mclass[31m=[32m"p-2 bg-white/10 rounded-full"[31m
          [36m>[31m
            [36m<svg[31m
              [33mclass[31m=[32m"lucide lucide-chevron-right w-4 h-4 text-white"[31m
              [33mfill[31m=[32m"none"[31m
              [33mheight[31m=[32m"24"[31m
              [33mstroke[31m=[32m"currentColor"[31m
              [33mstroke-linecap[31m=[32m"round"[31m
              [33mstroke-linejoin[31m=[32m"round"[31m
              [33mstroke-width[31m=[32m"2"[31m
              [33mviewBox[31m=[32m"0 0 24 24"[31m
              [33mwidth[31m=[32m"24"[31m
              [33mxmlns[31m=[32m"http://www.w3.org/2000/svg"[31m
            [36m>[31m
              [36m<path[31m
                [33md[31m=[32m"m9 18 6-6-6-6"[31m
              [36m/>[31m
            [36m</svg>[31m
          [36m</div>[31m
        [36m</div>[31m
      [36m</div>[31m
      [36m<div[31m
        [33mclass[31m=[32m"z-10 mt-auto"[31m
      [36m>[31m
        [36m<h3[31m
          [33mclass[31m=[32m"text-xl font-display font-bold text-white mb-2 group-hover:text-primary-400 transition-colors duration-200 truncate"[31m
          [33mtitle[31m=[32m"Test Game"[31m
        [36m>[31m
          [0mTest Game[0m
        [36m</h3>[31m
        [36m<p[31m
          [33mclass[31m=[32m"text-white/50 text-sm mb-3 line-clamp-2 min-h-[2.5rem]"[31m
        [36m>[31m
          [0mA fun test game[0m
        [36m</p>[31m
        [36m<span[31m
          [33mclass[31m=[32m"inline-flex items-center gap-2 btn-secondary btn-press-scale min-h-[48px] min-w-[44px] py-2 px-4 text-sm font-semibold rounded-xl mt-2 w-fit"[31m
        [36m>[31m
          [36m<span>[31m
            [0m開始遊戲[0m
          [36m</span>[31m
          [36m<svg[31m
            [33maria-hidden[31m=[32m"true"[31m
            [33mclass[31m=[32m"lucide lucide-chevron-right w-4 h-4 shrink-0"[31m
            [33mfill[31m=[32m"none"[31m
            [33mheight[31m=[32m"24"[31m
            [33mstroke[31m=[32m"currentColor"[31m
            [33mstroke-linecap[31m=[32m"round"[31m
            [33mstroke-linejoin[31m=[32m"round"[31m
            [33mstroke-width[31m=[32m"2"[31m
            [33mviewBox[31m=[32m"0 0 24 24"[31m
            [33mwidth[31m=[32m"24"[31m
            [33mxmlns[31m=[32m"http://www.w3.org/2000/svg"[31m
          [36m>[31m
            [36m<path[31m
              [33md[31m=[32m"m9 18 6-6-6-6"[31m
            [36m/>[31m
          [36m</svg>[31m
        [36m</span>[31m
        [36m<div[31m
          [33mclass[31m=[32m"flex flex-wrap gap-1.5 items-center mt-3"[31m
        [36m>[31m
          [36m<span[31m
            [33mclass[31m=[32m"inline-flex items-center gap-1.5 px-2.5 py-1 rounded-md border text-[11px] font-mono uppercase tracking-widest bg-primary-500/15 border-primary-500/30 text-primary-300"[31m
            [33mdata-i18n-key[31m=[32m"games.card.players"[31m
          [36m>[31m
            [36m<svg[31m
              [33maria-hidden[31m=[32m"true"[31m
              [33mclass[31m=[32m"lucide lucide-users w-3.5 h-3.5 shrink-0"[31m
              [33mfill[31m=[32m"none"[31m
              [33mheight[31m=[32m"24"[31m
              [33mstroke[31m=[32m"currentCo...[39m
[31m   [31m×[31m GameCard[2m > [22mcalls onRate when star is clicked[90m 22[2mms[22m[31m[39m
[31m     → Found multiple elements with the text of: 給 5 星（強烈推薦）

Here are the matching elements:

Ignored nodes: comments, script, style
[36m<button[31m
  [33maria-label[31m=[32m"給 5 星（強烈推薦）"[31m
  [33mclass[31m=[32m"games-touch-target flex items-center justify-center p-2 rounded hover:bg-white/10 focus:outline-none focus-visible:ring-2 focus-visible:ring-primary-400 games-focus-ring"[31m
  [33mtitle[31m=[32m"強烈推薦"[31m
  [33mtype[31m=[32m"button"[31m
[36m>[31m
  [36m<svg[31m
    [33mclass[31m=[32m"lucide lucide-star w-4 h-4 shrink-0 text-secondary-400 transition-colors opacity-40 hover:opacity-70"[31m
    [33mfill[31m=[32m"none"[31m
    [33mheight[31m=[32m"24"[31m
    [33mstroke[31m=[32m"currentColor"[31m
    [33mstroke-linecap[31m=[32m"round"[31m
    [33mstroke-linejoin[31m=[32m"round"[31m
    [33mstroke-width[31m=[32m"2"[31m
    [33mviewBox[31m=[32m"0 0 24 24"[31m
    [33mwidth[31m=[32m"24"[31m
    [33mxmlns[31m=[32m"http://www.w3.org/2000/svg"[31m
  [36m>[31m
    [36m<path[31m
      [33md[31m=[32m"M11.525 2.295a.53.53 0 0 1 .95 0l2.31 4.679a2.123 2.123 0 0 0 1.595 1.16l5.166.756a.53.53 0 0 1 .294.904l-3.736 3.638a2.123 2.123 0 0 0-.611 1.878l.882 5.14a.53.53 0 0 1-.771.56l-4.618-2.428a2.122 2.122 0 0 0-1.973 0L6.396 21.01a.53.53 0 0 1-.77-.56l.881-5.139a2.122 2.122 0 0 0-.611-1.879L2.16 9.795a.53.53 0 0 1 .294-.906l5.165-.755a2.122 2.122 0 0 0 1.597-1.16z"[31m
    [36m/>[31m
  [36m</svg>[31m
[36m</button>[31m

Ignored nodes: comments, script, style
[36m<button[31m
  [33maria-label[31m=[32m"給 5 星（強烈推薦）"[31m
  [33mclass[31m=[32m"games-touch-target flex items-center justify-center p-2 rounded hover:bg-white/10 focus:outline-none focus-visible:ring-2 focus-visible:ring-primary-400 games-focus-ring"[31m
  [33mtitle[31m=[32m"強烈推薦"[31m
  [33mtype[31m=[32m"button"[31m
[36m>[31m
  [36m<svg[31m
    [33mclass[31m=[32m"lucide lucide-star w-4 h-4 shrink-0 text-secondary-400 transition-colors opacity-40 hover:opacity-70"[31m
    [33mfill[31m=[32m"none"[31m
    [33mheight[31m=[32m"24"[31m
    [33mstroke[31m=[32m"currentColor"[31m
    [33mstroke-linecap[31m=[32m"round"[31m
    [33mstroke-linejoin[31m=[32m"round"[31m
    [33mstroke-width[31m=[32m"2"[31m
    [33mviewBox[31m=[32m"0 0 24 24"[31m
    [33mwidth[31m=[32m"24"[31m
    [33mxmlns[31m=[32m"http://www.w3.org/2000/svg"[31m
  [36m>[31m
    [36m<path[31m
      [33md[31m=[32m"M11.525 2.295a.53.53 0 0 1 .95 0l2.31 4.679a2.123 2.123 0 0 0 1.595 1.16l5.166.756a.53.53 0 0 1 .294.904l-3.736 3.638a2.123 2.123 0 0 0-.611 1.878l.882 5.14a.53.53 0 0 1-.771.56l-4.618-2.428a2.122 2.122 0 0 0-1.973 0L6.396 21.01a.53.53 0 0 1-.77-.56l.881-5.139a2.122 2.122 0 0 0-.611-1.879L2.16 9.795a.53.53 0 0 1 .294-.906l5.165-.755a2.122 2.122 0 0 0 1.597-1.16z"[31m
    [36m/>[31m
  [36m</svg>[31m
[36m</button>[31m

Ignored nodes: comments, script, style
[36m<button[31m
  [33maria-label[31m=[32m"給 5 星（強烈推薦）"[31m
  [33mclass[31m=[32m"games-touch-target flex items-center justify-center p-2 rounded hover:bg-white/10 focus:outline-none focus-visible:ring-2 focus-visible:ring-primary-400 games-focus-ring"[31m
  [33mtitle[31m=[32m"強烈推薦"[31m
  [33mtype[31m=[32m"button"[31m
[36m>[31m
  [36m<svg[31m
    [33mclass[31m=[32m"lucide lucide-star w-4 h-4 shrink-0 text-secondary-400 transition-colors opacity-40 hover:opacity-70"[31m
    [33mfill[31m=[32m"none"[31m
    [33mheight[31m=[32m"24"[31m
    [33mstroke[31m=[32m"currentColor"[31m
    [33mstroke-linecap[31m=[32m"round"[31m
    [33mstroke-linejoin[31m=[32m"round"[31m
    [33mstroke-width[31m=[32m"2"[31m
    [33mviewBox[31m=[32m"0 0 24 24"[31m
    [33mwidth[31m=[32m"24"[31m
    [33mxmlns[31m=[32m"http://www.w3.org/2000/svg"[31m
  [36m>[31m
    [36m<path[31m
      [33md[31m=[32m"M11.525 2.295a.53.53 0 0 1 .95 0l2.31 4.679a2.123 2.123 0 0 0 1.595 1.16l5.166.756a.53.53 0 0 1 .294.904l-3.736 3.638a2.123 2.123 0 0 0-.611 1.878l.882 5.14a.53.53 0 0 1-.771.56l-4.618-2.428a2.122 2.122 0 0 0-1.973 0L6.396 21.01a.53.53 0 0 1-.77-.56l.881-5.139a2.122 2.122 0 0 0-.611-1.879L2.16 9.795a.53.53 0 0 1 .294-.906l5.165-.755a2.122 2.122 0 0 0 1.597-1.16z"[31m
    [36m/>[31m
  [36m</svg>[31m
[36m</button>[31m

Ignored nodes: comments, script, style
[36m<button[31m
  [33maria-label[31m=[32m"給 5 星（強烈推薦）"[31m
  [33mclass[31m=[32m"games-touch-target flex items-center justify-center p-2 rounded hover:bg-white/10 focus:outline-none focus-visible:ring-2 focus-visible:ring-primary-400 games-focus-ring"[31m
  [33mtitle[31m=[32m"強烈推薦"[31m
  [33mtype[31m=[32m"button"[31m
[36m>[31m
  [36m<svg[31m
    [33mclass[31m=[32m"lucide lucide-star w-4 h-4 shrink-0 text-secondary-400 transition-colors opacity-40 hover:opacity-70"[31m
    [33mfill[31m=[32m"none"[31m
    [33mheight[31m=[32m"24"[31m
    [33mstroke[31m=[32m"currentColor"[31m
    [33mstroke-linecap[31m=[32m"round"[31m
    [33mstroke-linejoin[31m=[32m"round"[31m
    [33mstroke-width[31m=[32m"2"[31m
    [33mviewBox[31m=[32m"0 0 24 24"[31m
    [33mwidth[31m=[32m"24"[31m
    [33mxmlns[31m=[32m"http://www.w3.org/2000/svg"[31m
  [36m>[31m
    [36m<path[31m
      [33md[31m=[32m"M11.525 2.295a.53.53 0 0 1 .95 0l2.31 4.679a2.123 2.123 0 0 0 1.595 1.16l5.166.756a.53.53 0 0 1 .294.904l-3.736 3.638a2.123 2.123 0 0 0-.611 1.878l.882 5.14a.53.53 0 0 1-.771.56l-4.618-2.428a2.122 2.122 0 0 0-1.973 0L6.396 21.01a.53.53 0 0 1-.77-.56l.881-5.139a2.122 2.122 0 0 0-.611-1.879L2.16 9.795a.53.53 0 0 1 .294-.906l5.165-.755a2.122 2.122 0 0 0 1.597-1.16z"[31m
    [36m/>[31m
  [36m</svg>[31m
[36m</button>[31m

(If this is intentional, then use the `*AllBy*` variant of the query (like `queryAllByText`, `getAllByText`, or `findAllByText`)).

Ignored nodes: comments, script, style
[36m<body>[31m
  [36m<div>[31m
    [36m<div[31m
      [33maria-label[31m=[32m"進入遊戲：Test Game，2-4 Players，開始"[31m
      [33mclass[31m=[32m"virtual-scroll-card rounded-2xl glass-card-spotlight p-4 md:p-6 text-left group flex flex-col gap-4 relative overflow-hidden h-full min-h-[180px] transition-all duration-300 border shadow-glass-2 hover:shadow-xl hover:border-primary/30 outline-none cursor-pointer scroll-margin-block-[1.5rem] touch-feedback btn-icon-text-gap games-focus-ring group-hover:shadow-[0_0_20px_rgba(139,0,0,0.25)] group-hover:border-primary-500/50"[31m
      [33mrole[31m=[32m"listitem"[31m
      [33mstyle[31m=[32m"transform-style: preserve-3d; transition: transform 0.2s ease-out, box-shadow 0.3s ease;"[31m
      [33mtabindex[31m=[32m"0"[31m
      [33mtitle[31m=[32m"Test Rules"[31m
      [33mvariants[31m=[32m"[object Object]"[31m
      [33mwhiletap[31m=[32m"[object Object]"[31m
    [36m>[31m
      [36m<span[31m
        [33mclass[31m=[32m"absolute top-2 right-2 z-10 animate-[pulse_2s_ease-in-out_infinite]"[31m
      [36m>[31m
        [36m<div[31m
          [33mdata-testid[31m=[32m"badge"[31m
        [36m>[31m
          [0mgames.new[0m
        [36m</div>[31m
      [36m</span>[31m
      [36m<button[31m
        [33maria-label[31m=[32m"加入收藏"[31m
        [33mclass[31m=[32m"absolute top-3 left-3 z-10 p-2 rounded-full bg-black/30 hover:bg-white/10 transition-colors games-touch-target flex items-center justify-center games-focus-ring"[31m
        [33mtransition[31m=[32m"[object Object]"[31m
        [33mtype[31m=[32m"button"[31m
        [33mwhiletap[31m=[32m"[object Object]"[31m
      [36m>[31m
        [36m<span[31m
          [33manimate[31m=[32m"[object Object]"[31m
          [33mclass[31m=[32m"inline-block"[31m
          [33minitial[31m=[32m"[object Object]"[31m
          [33mtransition[31m=[32m"[object Object]"[31m
        [36m>[31m
          [36m<svg[31m
            [33mclass[31m=[32m"lucide lucide-heart w-4 h-4 text-white/60"[31m
            [33mfill[31m=[32m"none"[31m
            [33mheight[31m=[32m"24"[31m
            [33mstroke[31m=[32m"currentColor"[31m
            [33mstroke-linecap[31m=[32m"round"[31m
            [33mstroke-linejoin[31m=[32m"round"[31m
            [33mstroke-width[31m=[32m"2"[31m
            [33mviewBox[31m=[32m"0 0 24 24"[31m
            [33mwidth[31m=[32m"24"[31m
            [33mxmlns[31m=[32m"http://www.w3.org/2000/svg"[31m
          [36m>[31m
            [36m<path[31m
              [33md[31m=[32m"M19 14c1.49-1.46 3-3.21 3-5.5A5.5 5.5 0 0 0 16.5 3c-1.76 0-3 .5-4.5 2-1.5-1.5-2.74-2-4.5-2A5.5 5.5 0 0 0 2 8.5c0 2.3 1.5 4.05 3 5.5l7 7Z"[31m
            [36m/>[31m
          [36m</svg>[31m
        [36m</span>[31m
      [36m</button>[31m
      [36m<div[31m
        [33mclass[31m=[32m"flex justify-between items-start btn-icon-text-gap"[31m
      [36m>[31m
        [36m<div[31m
          [33mclass[31m=[32m"flex items-center gap-2"[31m
          [33mwhilehover[31m=[32m"[object Object]"[31m
        [36m>[31m
          [36m<div[31m
            [33mdata-testid[31m=[32m"feature-icon"[31m
          [36m/>[31m
        [36m</div>[31m
        [36m<div[31m
          [33manimate[31m=[32m"[object Object]"[31m
          [33mclass[31m=[32m"-mr-2 -mt-2"[31m
          [33minitial[31m=[32m"[object Object]"[31m
          [33mtransition[31m=[32m"[object Object]"[31m
          [33mwhilehover[31m=[32m"[object Object]"[31m
        [36m>[31m
          [36m<div[31m
            [33mclass[31m=[32m"p-2 bg-white/10 rounded-full"[31m
          [36m>[31m
            [36m<svg[31m
              [33mclass[31m=[32m"lucide lucide-chevron-right w-4 h-4 text-white"[31m
              [33mfill[31m=[32m"none"[31m
              [33mheight[31m=[32m"24"[31m
              [33mstroke[31m=[32m"currentColor"[31m
              [33mstroke-linecap[31m=[32m"round"[31m
              [33mstroke-linejoin[31m=[32m"round"[31m
              [33mstroke-width[31m=[32m"2"[31m
              [33mviewBox[31m=[32m"0 0 24 24"[31m
              [33mwidth[31m=[32m"24"[31m
              [33mxmlns[31m=[32m"http://www.w3.org/2000/svg"[31m
            [36m>[31m
              [36m<path[31m
                [33md[31m=[32m"m9 18 6-6-6-6"[31m
              [36m/>[31m
            [36m</svg>[31m
          [36m</div>[31m
        [36m</div>[31m
      [36m</div>[31m
      [36m<div[31m
        [33mclass[31m=[32m"z-10 mt-auto"[31m
      [36m>[31m
        [36m<h3[31m
          [33mclass[31m=[32m"text-xl font-display font-bold text-white mb-2 group-hover:text-primary-400 transition-colors duration-200 truncate"[31m
          [33mtitle[31m=[32m"Test Game"[31m
        [36m>[31m
          [0mTest Game[0m
        [36m</h3>[31m
        [36m<p[31m
          [33mclass[31m=[32m"text-white/50 text-sm mb-3 line-clamp-2 min-h-[2.5rem]"[31m
        [36m>[31m
          [0mA fun test game[0m
        [36m</p>[31m
        [36m<span[31m
          [33mclass[31m=[32m"inline-flex items-center gap-2 btn-secondary btn-press-scale min-h-[48px] min-w-[44px] py-2 px-4 text-sm font-semibold rounded-xl mt-2 w-fit"[31m
        [36m>[31m
          [36m<span>[31m
            [0m開始遊戲[0m
          [36m</span>[31m
          [36m<svg[31m
            [33maria-hidden[31m=[32m"true"[31m
            [33mclass[31m=[32m"lucide lucide-chevron-right w-4 h-4 shrink-0"[31m
            [33mfill[31m=[32m"none"[31m
            [33mheight[31m=[32m"24"[31m
            [33mstroke[31m=[32m"currentColor"[31m
            [33mstroke-linecap[31m=[32m"round"[31m
            [33mstroke-linejoin[31m=[32m"round"[31m
            [33mstroke-width[31m=[32m"2"[31m
            [33mviewBox[31m=[32m"0 0 24 24"[31m
            [33mwidth[31m=[32m"24"[31m
            [33mxmlns[31m=[32m"http://www.w3.org/2000/svg"[31m
          [36m>[31m
            [36m<path[31m
              [33md[31m=[32m"m9 18 6-6-6-6"[31m
            [36m/>[31m
          [36m</svg>[31m
        [36m</span>[31m
        [36m<div[31m
          [33mclass[31m=[32m"flex flex-wrap gap-1.5 items-center mt-3"[31m
        [36m>[31m
          [36m<span[31m
            [33mclass[31m=[32m"inline-flex items-center gap-1.5 px-2.5 py-1 rounded-md border text-[11px] font-mono uppercase tracking-widest bg-primary-500/15 border-primary-500/30 text-primary-300"[31m
            [33mdata-i18n-key[31m=[32m"games.card.players"[31m
          [36m>[31m
            [36m<svg[31m
              [33maria-hidden[31m=[32m"true"[31m
              [33mclass[31m=[32m"lucide lucide-users w-3.5 h-3.5 shrink-0"[31m
              [33mfill[31m=[32m"none"[31m
              [33mheight[31m=[32m"24"[31m
              [33mstroke[31m=[32m"currentCo...[39m
[31m   [31m×[31m GameCard[2m > [22mdisplays premium badge if isPremium is true[90m 23[2mms[22m[31m[39m
[31m     → Found multiple elements with the text: games.new

Here are the matching elements:

Ignored nodes: comments, script, style
[36m<div[31m
  [33mdata-testid[31m=[32m"badge"[31m
[36m>[31m
  [0mgames.new[0m
[36m</div>[31m

Ignored nodes: comments, script, style
[36m<div[31m
  [33mdata-testid[31m=[32m"badge"[31m
[36m>[31m
  [0mgames.new[0m
[36m</div>[31m

Ignored nodes: comments, script, style
[36m<div[31m
  [33mdata-testid[31m=[32m"badge"[31m
[36m>[31m
  [0mgames.new[0m
[36m</div>[31m

Ignored nodes: comments, script, style
[36m<div[31m
  [33mdata-testid[31m=[32m"badge"[31m
[36m>[31m
  [0mgames.new[0m
[36m</div>[31m

(If this is intentional, then use the `*AllBy*` variant of the query (like `queryAllByText`, `getAllByText`, or `findAllByText`)).

Ignored nodes: comments, script, style
[36m<body>[31m
  [36m<div>[31m
    [36m<div[31m
      [33maria-label[31m=[32m"進入遊戲：Test Game，2-4 Players，開始"[31m
      [33mclass[31m=[32m"virtual-scroll-card rounded-2xl glass-card-spotlight p-4 md:p-6 text-left group flex flex-col gap-4 relative overflow-hidden h-full min-h-[180px] transition-all duration-300 border shadow-glass-2 hover:shadow-xl hover:border-primary/30 outline-none cursor-pointer scroll-margin-block-[1.5rem] touch-feedback btn-icon-text-gap games-focus-ring group-hover:shadow-[0_0_20px_rgba(139,0,0,0.25)] group-hover:border-primary-500/50"[31m
      [33mrole[31m=[32m"listitem"[31m
      [33mstyle[31m=[32m"transform-style: preserve-3d; transition: transform 0.2s ease-out, box-shadow 0.3s ease;"[31m
      [33mtabindex[31m=[32m"0"[31m
      [33mtitle[31m=[32m"Test Rules"[31m
      [33mvariants[31m=[32m"[object Object]"[31m
      [33mwhiletap[31m=[32m"[object Object]"[31m
    [36m>[31m
      [36m<span[31m
        [33mclass[31m=[32m"absolute top-2 right-2 z-10 animate-[pulse_2s_ease-in-out_infinite]"[31m
      [36m>[31m
        [36m<div[31m
          [33mdata-testid[31m=[32m"badge"[31m
        [36m>[31m
          [0mgames.new[0m
        [36m</div>[31m
      [36m</span>[31m
      [36m<button[31m
        [33maria-label[31m=[32m"加入收藏"[31m
        [33mclass[31m=[32m"absolute top-3 left-3 z-10 p-2 rounded-full bg-black/30 hover:bg-white/10 transition-colors games-touch-target flex items-center justify-center games-focus-ring"[31m
        [33mtransition[31m=[32m"[object Object]"[31m
        [33mtype[31m=[32m"button"[31m
        [33mwhiletap[31m=[32m"[object Object]"[31m
      [36m>[31m
        [36m<span[31m
          [33manimate[31m=[32m"[object Object]"[31m
          [33mclass[31m=[32m"inline-block"[31m
          [33minitial[31m=[32m"[object Object]"[31m
          [33mtransition[31m=[32m"[object Object]"[31m
        [36m>[31m
          [36m<svg[31m
            [33mclass[31m=[32m"lucide lucide-heart w-4 h-4 text-white/60"[31m
            [33mfill[31m=[32m"none"[31m
            [33mheight[31m=[32m"24"[31m
            [33mstroke[31m=[32m"currentColor"[31m
            [33mstroke-linecap[31m=[32m"round"[31m
            [33mstroke-linejoin[31m=[32m"round"[31m
            [33mstroke-width[31m=[32m"2"[31m
            [33mviewBox[31m=[32m"0 0 24 24"[31m
            [33mwidth[31m=[32m"24"[31m
            [33mxmlns[31m=[32m"http://www.w3.org/2000/svg"[31m
          [36m>[31m
            [36m<path[31m
              [33md[31m=[32m"M19 14c1.49-1.46 3-3.21 3-5.5A5.5 5.5 0 0 0 16.5 3c-1.76 0-3 .5-4.5 2-1.5-1.5-2.74-2-4.5-2A5.5 5.5 0 0 0 2 8.5c0 2.3 1.5 4.05 3 5.5l7 7Z"[31m
            [36m/>[31m
          [36m</svg>[31m
        [36m</span>[31m
      [36m</button>[31m
      [36m<div[31m
        [33mclass[31m=[32m"flex justify-between items-start btn-icon-text-gap"[31m
      [36m>[31m
        [36m<div[31m
          [33mclass[31m=[32m"flex items-center gap-2"[31m
          [33mwhilehover[31m=[32m"[object Object]"[31m
        [36m>[31m
          [36m<div[31m
            [33mdata-testid[31m=[32m"feature-icon"[31m
          [36m/>[31m
        [36m</div>[31m
        [36m<div[31m
          [33manimate[31m=[32m"[object Object]"[31m
          [33mclass[31m=[32m"-mr-2 -mt-2"[31m
          [33minitial[31m=[32m"[object Object]"[31m
          [33mtransition[31m=[32m"[object Object]"[31m
          [33mwhilehover[31m=[32m"[object Object]"[31m
        [36m>[31m
          [36m<div[31m
            [33mclass[31m=[32m"p-2 bg-white/10 rounded-full"[31m
          [36m>[31m
            [36m<svg[31m
              [33mclass[31m=[32m"lucide lucide-chevron-right w-4 h-4 text-white"[31m
              [33mfill[31m=[32m"none"[31m
              [33mheight[31m=[32m"24"[31m
              [33mstroke[31m=[32m"currentColor"[31m
              [33mstroke-linecap[31m=[32m"round"[31m
              [33mstroke-linejoin[31m=[32m"round"[31m
              [33mstroke-width[31m=[32m"2"[31m
              [33mviewBox[31m=[32m"0 0 24 24"[31m
              [33mwidth[31m=[32m"24"[31m
              [33mxmlns[31m=[32m"http://www.w3.org/2000/svg"[31m
            [36m>[31m
              [36m<path[31m
                [33md[31m=[32m"m9 18 6-6-6-6"[31m
              [36m/>[31m
            [36m</svg>[31m
          [36m</div>[31m
        [36m</div>[31m
      [36m</div>[31m
      [36m<div[31m
        [33mclass[31m=[32m"z-10 mt-auto"[31m
      [36m>[31m
        [36m<h3[31m
          [33mclass[31m=[32m"text-xl font-display font-bold text-white mb-2 group-hover:text-primary-400 transition-colors duration-200 truncate"[31m
          [33mtitle[31m=[32m"Test Game"[31m
        [36m>[31m
          [0mTest Game[0m
        [36m</h3>[31m
        [36m<p[31m
          [33mclass[31m=[32m"text-white/50 text-sm mb-3 line-clamp-2 min-h-[2.5rem]"[31m
        [36m>[31m
          [0mA fun test game[0m
        [36m</p>[31m
        [36m<span[31m
          [33mclass[31m=[32m"inline-flex items-center gap-2 btn-secondary btn-press-scale min-h-[48px] min-w-[44px] py-2 px-4 text-sm font-semibold rounded-xl mt-2 w-fit"[31m
        [36m>[31m
          [36m<span>[31m
            [0m開始遊戲[0m
          [36m</span>[31m
          [36m<svg[31m
            [33maria-hidden[31m=[32m"true"[31m
            [33mclass[31m=[32m"lucide lucide-chevron-right w-4 h-4 shrink-0"[31m
            [33mfill[31m=[32m"none"[31m
            [33mheight[31m=[32m"24"[31m
            [33mstroke[31m=[32m"currentColor"[31m
            [33mstroke-linecap[31m=[32m"round"[31m
            [33mstroke-linejoin[31m=[32m"round"[31m
            [33mstroke-width[31m=[32m"2"[31m
            [33mviewBox[31m=[32m"0 0 24 24"[31m
            [33mwidth[31m=[32m"24"[31m
            [33mxmlns[31m=[32m"http://www.w3.org/2000/svg"[31m
          [36m>[31m
            [36m<path[31m
              [33md[31m=[32m"m9 18 6-6-6-6"[31m
            [36m/>[31m
          [36m</svg>[31m
        [36m</span>[31m
        [36m<div[31m
          [33mclass[31m=[32m"flex flex-wrap gap-1.5 items-center mt-3"[31m
        [36m>[31m
          [36m<span[31m
            [33mclass[31m=[32m"inline-flex items-center gap-1.5 px-2.5 py-1 rounded-md border text-[11px] font-mono uppercase tracking-widest bg-primary-500/15 border-primary-500/30 text-primary-300"[31m
            [33mdata-i18n-key[31m=[32m"games.card.players"[31m
          [36m>[31m
            [36m<svg[31m
              [33maria-hidden[31m=[32m"true"[31m
              [33mclass[31m=[32m"lucide lucide-users w-3.5 h-3.5 shrink-0"[31m
              [33mfill[31m=[32m"none"[31m
              [33mheight[31m=[32m"24"[31m
              [33mstroke[31m=[32m"currentCo...[39m
[31m   [31m×[31m GameCard[2m > [22mhandles keyboard navigation[90m 34[2mms[22m[31m[39m
[31m     → Found multiple elements with the role "listitem"

Here are the matching elements:

Ignored nodes: comments, script, style
[36m<div[31m
  [33maria-label[31m=[32m"進入遊戲：Test Game，2-4 Players，開始"[31m
  [33mclass[31m=[32m"virtual-scroll-card rounded-2xl glass-card-spotlight p-4 md:p-6 text-left group flex flex-col gap-4 relative overflow-hidden h-full min-h-[180px] transition-all duration-300 border shadow-glass-2 hover:shadow-xl hover:border-primary/30 outline-none cursor-pointer scroll-margin-block-[1.5rem] touch-feedback btn-icon-text-gap games-focus-ring group-hover:shadow-[0_0_20px_rgba(139,0,0,0.25)] group-hover:border-primary-500/50"[31m
  [33mrole[31m=[32m"listitem"[31m
  [33mstyle[31m=[32m"transform-style: preserve-3d; transition: transform 0.2s ease-out, box-shadow 0.3s ease;"[31m
  [33mtabindex[31m=[32m"0"[31m
  [33mtitle[31m=[32m"Test Rules"[31m
  [33mvariants[31m=[32m"[object Object]"[31m
  [33mwhiletap[31m=[32m"[object Object]"[31m
[36m>[31m
  [36m<span[31m
    [33mclass[31m=[32m"absolute top-2 right-2 z-10 animate-[pulse_2s_ease-in-out_infinite]"[31m
  [36m>[31m
    [36m<div[31m
      [33mdata-testid[31m=[32m"badge"[31m
    [36m>[31m
      [0mgames.new[0m
    [36m</div>[31m
  [36m</span>[31m
  [36m<button[31m
    [33maria-label[31m=[32m"加入收藏"[31m
    [33mclass[31m=[32m"absolute top-3 left-3 z-10 p-2 rounded-full bg-black/30 hover:bg-white/10 transition-colors games-touch-target flex items-center justify-center games-focus-ring"[31m
    [33mtransition[31m=[32m"[object Object]"[31m
    [33mtype[31m=[32m"button"[31m
    [33mwhiletap[31m=[32m"[object Object]"[31m
  [36m>[31m
    [36m<span[31m
      [33manimate[31m=[32m"[object Object]"[31m
      [33mclass[31m=[32m"inline-block"[31m
      [33minitial[31m=[32m"[object Object]"[31m
      [33mtransition[31m=[32m"[object Object]"[31m
    [36m>[31m
      [36m<svg[31m
        [33mclass[31m=[32m"lucide lucide-heart w-4 h-4 text-white/60"[31m
        [33mfill[31m=[32m"none"[31m
        [33mheight[31m=[32m"24"[31m
        [33mstroke[31m=[32m"currentColor"[31m
        [33mstroke-linecap[31m=[32m"round"[31m
        [33mstroke-linejoin[31m=[32m"round"[31m
        [33mstroke-width[31m=[32m"2"[31m
        [33mviewBox[31m=[32m"0 0 24 24"[31m
        [33mwidth[31m=[32m"24"[31m
        [33mxmlns[31m=[32m"http://www.w3.org/2000/svg"[31m
      [36m>[31m
        [36m<path[31m
          [33md[31m=[32m"M19 14c1.49-1.46 3-3.21 3-5.5A5.5 5.5 0 0 0 16.5 3c-1.76 0-3 .5-4.5 2-1.5-1.5-2.74-2-4.5-2A5.5 5.5 0 0 0 2 8.5c0 2.3 1.5 4.05 3 5.5l7 7Z"[31m
        [36m/>[31m
      [36m</svg>[31m
    [36m</span>[31m
  [36m</button>[31m
  [36m<div[31m
    [33mclass[31m=[32m"flex justify-between items-start btn-icon-text-gap"[31m
  [36m>[31m
    [36m<div[31m
      [33mclass[31m=[32m"flex items-center gap-2"[31m
      [33mwhilehover[31m=[32m"[object Object]"[31m
    [36m>[31m
      [36m<div[31m
        [33mdata-testid[31m=[32m"feature-icon"[31m
      [36m/>[31m
    [36m</div>[31m
    [36m<div[31m
      [33manimate[31m=[32m"[object Object]"[31m
      [33mclass[31m=[32m"-mr-2 -mt-2"[31m
      [33minitial[31m=[32m"[object Object]"[31m
      [33mtransition[31m=[32m"[object Object]"[31m
      [33mwhilehover[31m=[32m"[object Object]"[31m
    [36m>[31m
      [36m<div[31m
        [33mclass[31m=[32m"p-2 bg-white/10 rounded-full"[31m
      [36m>[31m
        [36m<svg[31m
          [33mclass[31m=[32m"lucide lucide-chevron-right w-4 h-4 text-white"[31m
          [33mfill[31m=[32m"none"[31m
          [33mheight[31m=[32m"24"[31m
          [33mstroke[31m=[32m"currentColor"[31m
          [33mstroke-linecap[31m=[32m"round"[31m
          [33mstroke-linejoin[31m=[32m"round"[31m
          [33mstroke-width[31m=[32m"2"[31m
          [33mviewBox[31m=[32m"0 0 24 24"[31m
          [33mwidth[31m=[32m"24"[31m
          [33mxmlns[31m=[32m"http://www.w3.org/2000/svg"[31m
        [36m>[31m
          [36m<path[31m
            [33md[31m=[32m"m9 18 6-6-6-6"[31m
          [36m/>[31m
        [36m</svg>[31m
      [36m</div>[31m
    [36m</div>[31m
  [36m</div>[31m
  [36m<div[31m
    [33mclass[31m=[32m"z-10 mt-auto"[31m
  [36m>[31m
    [36m<h3[31m
      [33mclass[31m=[32m"text-xl font-display font-bold text-white mb-2 group-hover:text-primary-400 transition-colors duration-200 truncate"[31m
      [33mtitle[31m=[32m"Test Game"[31m
    [36m>[31m
      [0mTest Game[0m
    [36m</h3>[31m
    [36m<p[31m
      [33mclass[31m=[32m"text-white/50 text-sm mb-3 line-clamp-2 min-h-[2.5rem]"[31m
    [36m>[31m
      [0mA fun test game[0m
    [36m</p>[31m
    [36m<span[31m
      [33mclass[31m=[32m"inline-flex items-center gap-2 btn-secondary btn-press-scale min-h-[48px] min-w-[44px] py-2 px-4 text-sm font-semibold rounded-xl mt-2 w-fit"[31m
    [36m>[31m
      [36m<span>[31m
        [0m開始遊戲[0m
      [36m</span>[31m
      [36m<svg[31m
        [33maria-hidden[31m=[32m"true"[31m
        [33mclass[31m=[32m"lucide lucide-chevron-right w-4 h-4 shrink-0"[31m
        [33mfill[31m=[32m"none"[31m
        [33mheight[31m=[32m"24"[31m
        [33mstroke[31m=[32m"currentColor"[31m
        [33mstroke-linecap[31m=[32m"round"[31m
        [33mstroke-linejoin[31m=[32m"round"[31m
        [33mstroke-width[31m=[32m"2"[31m
        [33mviewBox[31m=[32m"0 0 24 24"[31m
        [33mwidth[31m=[32m"24"[31m
        [33mxmlns[31m=[32m"http://www.w3.org/2000/svg"[31m
      [36m>[31m
        [36m<path[31m
          [33md[31m=[32m"m9 18 6-6-6-6"[31m
        [36m/>[31m
      [36m</svg>[31m
    [36m</span>[31m
    [36m<div[31m
      [33mclass[31m=[32m"flex flex-wrap gap-1.5 items-center mt-3"[31m
    [36m>[31m
      [36m<span[31m
        [33mclass[31m=[32m"inline-flex items-center gap-1.5 px-2.5 py-1 rounded-md border text-[11px] font-mono uppercase tracking-widest bg-primary-500/15 border-primary-500/30 text-primary-300"[31m
        [33mdata-i18n-key[31m=[32m"games.card.players"[31m
      [36m>[31m
        [36m<svg[31m
          [33maria-hidden[31m=[32m"true"[31m
          [33mclass[31m=[32m"lucide lucide-users w-3.5 h-3.5 shrink-0"[31m
          [33mfill[31m=[32m"none"[31m
          [33mheight[31m=[32m"24"[31m
          [33mstroke[31m=[32m"currentColor"[31m
          [33mstroke-linecap[31m=[32m"round"[31m
          [33mstroke-linejoin[31m=[32m"round"[31m
          [33mstroke-width[31m=[32m"2"[31m
          [33mviewBox[31m=[32m"0 0 24 24"[31m
          [33mwidth[31m=[32m"24"[31m
          [33mxmlns[31m=[32m"http://www.w3.org/2000/svg"[31m
        [36m>[31m
          [36m<path[31m
            [33md[31m=[32m"M16 21v-2a4 4 0 0 0-4-4H6a4 4 0 0 0-4 4v2"[31m
          [36m/>[31m
          [36m<circle[31m
            [33mcx[31m=[32m"9"[31m
            [33mcy[31m=[32m"7"[31m
            [33mr[31m=[...

Ignored nodes: comments, script, style
[36m<div[31m
  [33maria-label[31m=[32m"進入遊戲：Test Game，2-4 Players，開始"[31m
  [33mclass[31m=[32m"virtual-scroll-card rounded-2xl glass-card-spotlight p-4 md:p-6 text-left group flex flex-col gap-4 relative overflow-hidden h-full min-h-[180px] transition-all duration-300 border shadow-glass-2 hover:shadow-xl hover:border-primary/30 outline-none cursor-pointer scroll-margin-block-[1.5rem] touch-feedback btn-icon-text-gap games-focus-ring group-hover:shadow-[0_0_20px_rgba(139,0,0,0.25)] group-hover:border-primary-500/50"[31m
  [33mrole[31m=[32m"listitem"[31m
  [33mstyle[31m=[32m"transform-style: preserve-3d; transition: transform 0.2s ease-out, box-shadow 0.3s ease;"[31m
  [33mtabindex[31m=[32m"0"[31m
  [33mtitle[31m=[32m"Test Rules"[31m
  [33mvariants[31m=[32m"[object Object]"[31m
  [33mwhiletap[31m=[32m"[object Object]"[31m
[36m>[31m
  [36m<span[31m
    [33mclass[31m=[32m"absolute top-2 right-2 z-10 animate-[pulse_2s_ease-in-out_infinite]"[31m
  [36m>[31m
    [36m<div[31m
      [33mdata-testid[31m=[32m"badge"[31m
    [36m>[31m
      [0mgames.new[0m
    [36m</div>[31m
  [36m</span>[31m
  [36m<button[31m
    [33maria-label[31m=[32m"加入收藏"[31m
    [33mclass[31m=[32m"absolute top-3 left-3 z-10 p-2 rounded-full bg-black/30 hover:bg-white/10 transition-colors games-touch-target flex items-center justify-center games-focus-ring"[31m
    [33mtransition[31m=[32m"[object Object]"[31m
    [33mtype[31m=[32m"button"[31m
    [33mwhiletap[31m=[32m"[object Object]"[31m
  [36m>[31m
    [36m<span[31m
      [33manimate[31m=[32m"[object Object]"[31m
      [33mclass[31m=[32m"inline-block"[31m
      [33minitial[31m=[32m"[object Object]"[31m
      [33mtransition[31m=[32m"[object Object]"[31m
    [36m>[31m
      [36m<svg[31m
        [33mclass[31m=[32m"lucide lucide-heart w-4 h-4 text-white/60"[31m
        [33mfill[31m=[32m"none"[31m
        [33mheight[31m=[32m"24"[31m
        [33mstroke[31m=[32m"currentColor"[31m
        [33mstroke-linecap[31m=[32m"round"[31m
        [33mstroke-linejoin[31m=[32m"round"[31m
        [33mstroke-width[31m=[32m"2"[31m
        [33mviewBox[31m=[32m"0 0 24 24"[31m
        [33mwidth[31m=[32m"24"[31m
        [33mxmlns[31m=[32m"http://www.w3.org/2000/svg"[31m
      [36m>[31m
        [36m<path[31m
          [33md[31m=[32m"M19 14c1.49-1.46 3-3.21 3-5.5A5.5 5.5 0 0 0 16.5 3c-1.76 0-3 .5-4.5 2-1.5-1.5-2.74-2-4.5-2A5.5 5.5 0 0 0 2 8.5c0 2.3 1.5 4.05 3 5.5l7 7Z"[31m
        [36m/>[31m
      [36m</svg>[31m
    [36m</span>[31m
  [36m</button>[31m
  [36m<div[31m
    [33mclass[31m=[32m"flex justify-between items-start btn-icon-text-gap"[31m
  [36m>[31m
    [36m<div[31m
      [33mclass[31m=[32m"flex items-center gap-2"[31m
      [33mwhilehover[31m=[32m"[object Object]"[31m
    [36m>[31m
      [36m<div[31m
        [33mdata-testid[31m=[32m"feature-icon"[31m
      [36m/>[31m
    [36m</div>[31m
    [36m<div[31m
      [33manimate[31m=[32m"[object Object]"[31m
      [33mclass[31m=[32m"-mr-2 -mt-2"[31m
      [33minitial[31m=[32m"[object Object]"[31m
      [33mtransition[31m=[32m"[object Object]"[31m
      [33mwhilehover[31m=[32m"[object Object]"[31m
    [36m>[31m
      [36m<div[31m
        [33mclass[31m=[32m"p-2 bg-white/10 rounded-full"[31m
      [36m>[31m
        [36m<svg[31m
          [33mclass[31m=[32m"lucide lucide-chevron-right w-4 h-4 text-white"[31m
          [33mfill[31m=[32m"none"[31m
          [33mheight[31m=[32m"24"[31m
          [33mstroke[31m=[32m"currentColor"[31m
          [33mstroke-linecap[31m=[32m"round"[31m
          [33mstroke-linejoin[31m=[32m"round"[31m
          [33mstroke-width[31m=[32m"2"[31m
          [33mviewBox[31m=[32m"0 0 24 24"[31m
          [33mwidth[31m=[32m"24"[31m
          [33mxmlns[31m=[32m"http://www.w3.org/2000/svg"[31m
        [36m>[31m
          [36m<path[31m
            [33md[31m=[32m"m9 18 6-6-6-6"[31m
          [36m/>[31m
        [36m</svg>[31m
      [36m</div>[31m
    [36m</div>[31m
  [36m</div>[31m
  [36m<div[31m
    [33mclass[31m=[32m"z-10 mt-auto"[31m
  [36m>[31m
    [36m<h3[31m
      [33mclass[31m=[32m"text-xl font-display font-bold text-white mb-2 group-hover:text-primary-400 transition-colors duration-200 truncate"[31m
      [33mtitle[31m=[32m"Test Game"[31m
    [36m>[31m
      [0mTest Game[0m
    [36m</h3>[31m
    [36m<p[31m
      [33mclass[31m=[32m"text-white/50 text-sm mb-3 line-clamp-2 min-h-[2.5rem]"[31m
    [36m>[31m
      [0mA fun test game[0m
    [36m</p>[31m
    [36m<span[31m
      [33mclass[31m=[32m"inline-flex items-center gap-2 btn-secondary btn-press-scale min-h-[48px] min-w-[44px] py-2 px-4 text-sm font-semibold rounded-xl mt-2 w-fit"[31m
    [36m>[31m
      [36m<span>[31m
        [0m開始遊戲[0m
      [36m</span>[31m
      [36m<svg[31m
        [33maria-hidden[31m=[32m"true"[31m
        [33mclass[31m=[32m"lucide lucide-chevron-right w-4 h-4 shrink-0"[31m
        [33mfill[31m=[32m"none"[31m
        [33mheight[31m=[32m"24"[31m
        [33mstroke[31m=[32m"currentColor"[31m
        [33mstroke-linecap[31m=[32m"round"[31m
        [33mstroke-linejoin[31m=[32m"round"[31m
        [33mstroke-width[31m=[32m"2"[31m
        [33mviewBox[31m=[32m"0 0 24 24"[31m
        [33mwidth[31m=[32m"24"[31m
        [33mxmlns[31m=[32m"http://www.w3.org/2000/svg"[31m
      [36m>[31m
        [36m<path[31m
          [33md[31m=[32m"m9 18 6-6-6-6"[31m
        [36m/>[31m
      [36m</svg>[31m
    [36m</span>[31m
    [36m<div[31m
      [33mclass[31m=[32m"flex flex-wrap gap-1.5 items-center mt-3"[31m
    [36m>[31m
      [36m<span[31m
        [33mclass[31m=[32m"inline-flex items-center gap-1.5 px-2.5 py-1 rounded-md border text-[11px] font-mono uppercase tracking-widest bg-primary-500/15 border-primary-500/30 text-primary-300"[31m
        [33mdata-i18n-key[31m=[32m"games.card.players"[31m
      [36m>[31m
        [36m<svg[31m
          [33maria-hidden[31m=[32m"true"[31m
          [33mclass[31m=[32m"lucide lucide-users w-3.5 h-3.5 shrink-0"[31m
          [33mfill[31m=[32m"none"[31m
          [33mheight[31m=[32m"24"[31m
          [33mstroke[31m=[32m"currentColor"[31m
          [33mstroke-linecap[31m=[32m"round"[31m
          [33mstroke-linejoin[31m=[32m"round"[31m
          [33mstroke-width[31m=[32m"2"[31m
          [33mviewBox[31m=[32m"0 0 24 24"[31m
          [33mwidth[31m=[32m"24"[31m
          [33mxmlns[31m=[32m"http://www.w3.org/2000/svg"[31m
        [36m>[31m
          [36m<path[31m
            [33md[31m=[32m"M16 21v-2a4 4 0 0 0-4-4H6a4 4 0 0 0-4 4v2"[31m
          [36m/>[31m
          [36m<circle[31m
            [33mcx[31m=[32m"9"[31m
            [33mcy[31m=[32m"7"[31m
            [33mr[31m=[...

Ignored nodes: comments, script, style
[36m<div[31m
  [33maria-label[31m=[32m"進入遊戲：Test Game，2-4 Players，開始"[31m
  [33mclass[31m=[32m"virtual-scroll-card rounded-2xl glass-card-spotlight p-4 md:p-6 text-left group flex flex-col gap-4 relative overflow-hidden h-full min-h-[180px] transition-all duration-300 border shadow-glass-2 hover:shadow-xl hover:border-primary/30 outline-none cursor-pointer scroll-margin-block-[1.5rem] touch-feedback btn-icon-text-gap games-focus-ring group-hover:shadow-[0_0_20px_rgba(139,0,0,0.25)] group-hover:border-primary-500/50"[31m
  [33mrole[31m=[32m"listitem"[31m
  [33mstyle[31m=[32m"transform-style: preserve-3d; transition: transform 0.2s ease-out, box-shadow 0.3s ease;"[31m
  [33mtabindex[31m=[32m"0"[31m
  [33mtitle[31m=[32m"Test Rules"[31m
  [33mvariants[31m=[32m"[object Object]"[31m
  [33mwhiletap[31m=[32m"[object Object]"[31m
[36m>[31m
  [36m<span[31m
    [33mclass[31m=[32m"absolute top-2 right-2 z-10 animate-[pulse_2s_ease-in-out_infinite]"[31m
  [36m>[31m
    [36m<div[31m
      [33mdata-testid[31m=[32m"badge"[31m
    [36m>[31m
      [0mgames.new[0m
    [36m</div>[31m
  [36m</span>[31m
  [36m<button[31m
    [33maria-label[31m=[32m"加入收藏"[31m
    [33mclass[31m=[32m"absolute top-3 left-3 z-10 p-2 rounded-full bg-black/30 hover:bg-white/10 transition-colors games-touch-target flex items-center justify-center games-focus-ring"[31m
    [33mtransition[31m=[32m"[object Object]"[31m
    [33mtype[31m=[32m"button"[31m
    [33mwhiletap[31m=[32m"[object Object]"[31m
  [36m>[31m
    [36m<span[31m
      [33manimate[31m=[32m"[object Object]"[31m
      [33mclass[31m=[32m"inline-block"[31m
      [33minitial[31m=[32m"[object Object]"[31m
      [33mtransition[31m=[32m"[object Object]"[31m
    [36m>[31m
      [36m<svg[31m
        [33mclass[31m=[32m"lucide lucide-heart w-4 h-4 text-white/60"[31m
        [33mfill[31m=[32m"none"[31m
        [33mheight[31m=[32m"24"[31m
        [33mstroke[31m=[32m"currentColor"[31m
        [33mstroke-linecap[31m=[32m"round"[31m
        [33mstroke-linejoin[31m=[32m"round"[31m
        [33mstroke-width[31m=[32m"2"[31m
        [33mviewBox[31m=[32m"0 0 24 24"[31m
        [33mwidth[31m=[32m"24"[31m
        [33mxmlns[31m=[32m"http://www.w3.org/2000/svg"[31m
      [36m>[31m
        [36m<path[31m
          [33md[31m=[32m"M19 14c1.49-1.46 3-3.21 3-5.5A5.5 5.5 0 0 0 16.5 3c-1.76 0-3 .5-4.5 2-1.5-1.5-2.74-2-4.5-2A5.5 5.5 0 0 0 2 8.5c0 2.3 1.5 4.05 3 5.5l7 7Z"[31m
        [36m/>[31m
      [36m</svg>[31m
    [36m</span>[31m
  [36m</button>[31m
  [36m<div[31m
    [33mclass[31m=[32m"flex justify-between items-start btn-icon-text-gap"[31m
  [36m>[31m
    [36m<div[31m
      [33mclass[31m=[32m"flex items-center gap-2"[31m
      [33mwhilehover[31m=[32m"[object Object]"[31m
    [36m>[31m
      [36m<div[31m
        [33mdata-testid[31m=[32m"feature-icon"[31m
      [36m/>[31m
    [36m</div>[31m
    [36m<div[31m
      [33manimate[31m=[32m"[object Object]"[31m
      [33mclass[31m=[32m"-mr-2 -mt-2"[31m
      [33minitial[31m=[32m"[object Object]"[31m
      [33mtransition[31m=[32m"[object Object]"[31m
      [33mwhilehover[31m=[32m"[object Object]"[31m
    [36m>[31m
      [36m<div[31m
        [33mclass[31m=[32m"p-2 bg-white/10 rounded-full"[31m
      [36m>[31m
        [36m<svg[31m
          [33mclass[31m=[32m"lucide lucide-chevron-right w-4 h-4 text-white"[31m
          [33mfill[31m=[32m"none"[31m
          [33mheight[31m=[32m"24"[31m
          [33mstroke[31m=[32m"currentColor"[31m
          [33mstroke-linecap[31m=[32m"round"[31m
          [33mstroke-linejoin[31m=[32m"round"[31m
          [33mstroke-width[31m=[32m"2"[31m
          [33mviewBox[31m=[32m"0 0 24 24"[31m
          [33mwidth[31m=[32m"24"[31m
          [33mxmlns[31m=[32m"http://www.w3.org/2000/svg"[31m
        [36m>[31m
          [36m<path[31m
            [33md[31m=[32m"m9 18 6-6-6-6"[31m
          [36m/>[31m
        [36m</svg>[31m
      [36m</div>[31m
    [36m</div>[31m
  [36m</div>[31m
  [36m<div[31m
    [33mclass[31m=[32m"z-10 mt-auto"[31m
  [36m>[31m
    [36m<h3[31m
      [33mclass[31m=[32m"text-xl font-display font-bold text-white mb-2 group-hover:text-primary-400 transition-colors duration-200 truncate"[31m
      [33mtitle[31m=[32m"Test Game"[31m
    [36m>[31m
      [0mTest Game[0m
    [36m</h3>[31m
    [36m<p[31m
      [33mclass[31m=[32m"text-white/50 text-sm mb-3 line-clamp-2 min-h-[2.5rem]"[31m
    [36m>[31m
      [0mA fun test game[0m
    [36m</p>[31m
    [36m<span[31m
      [33mclass[31m=[32m"inline-flex items-center gap-2 btn-secondary btn-press-scale min-h-[48px] min-w-[44px] py-2 px-4 text-sm font-semibold rounded-xl mt-2 w-fit"[31m
    [36m>[31m
      [36m<span>[31m
        [0m開始遊戲[0m
      [36m</span>[31m
      [36m<svg[31m
        [33maria-hidden[31m=[32m"true"[31m
        [33mclass[31m=[32m"lucide lucide-chevron-right w-4 h-4 shrink-0"[31m
        [33mfill[31m=[32m"none"[31m
        [33mheight[31m=[32m"24"[31m
        [33mstroke[31m=[32m"currentColor"[31m
        [33mstroke-linecap[31m=[32m"round"[31m
        [33mstroke-linejoin[31m=[32m"round"[31m
        [33mstroke-width[31m=[32m"2"[31m
        [33mviewBox[31m=[32m"0 0 24 24"[31m
        [33mwidth[31m=[32m"24"[31m
        [33mxmlns[31m=[32m"http://www.w3.org/2000/svg"[31m
      [36m>[31m
        [36m<path[31m
          [33md[31m=[32m"m9 18 6-6-6-6"[31m
        [36m/>[31m
      [36m</svg>[31m
    [36m</span>[31m
    [36m<div[31m
      [33mclass[31m=[32m"flex flex-wrap gap-1.5 items-center mt-3"[31m
    [36m>[31m
      [36m<span[31m
        [33mclass[31m=[32m"inline-flex items-center gap-1.5 px-2.5 py-1 rounded-md border text-[11px] font-mono uppercase tracking-widest bg-primary-500/15 border-primary-500/30 text-primary-300"[31m
        [33mdata-i18n-key[31m=[32m"games.card.players"[31m
      [36m>[31m
        [36m<svg[31m
          [33maria-hidden[31m=[32m"true"[31m
          [33mclass[31m=[32m"lucide lucide-users w-3.5 h-3.5 shrink-0"[31m
          [33mfill[31m=[32m"none"[31m
          [33mheight[31m=[32m"24"[31m
          [33mstroke[31m=[32m"currentColor"[31m
          [33mstroke-linecap[31m=[32m"round"[31m
          [33mstroke-linejoin[31m=[32m"round"[31m
          [33mstroke-width[31m=[32m"2"[31m
          [33mviewBox[31m=[32m"0 0 24 24"[31m
          [33mwidth[31m=[32m"24"[31m
          [33mxmlns[31m=[32m"http://www.w3.org/2000/svg"[31m
        [36m>[31m
          [36m<path[31m
            [33md[31m=[32m"M16 21v-2a4 4 0 0 0-4-4H6a4 4 0 0 0-4 4v2"[31m
          [36m/>[31m
          [36m<circle[31m
            [33mcx[31m=[32m"9"[31m
            [33mcy[31m=[32m"7"[31m
            [33mr[31m=[...

Ignored nodes: comments, script, style
[36m<div[31m
  [33maria-label[31m=[32m"進入遊戲：Test Game，2-4 Players，開始"[31m
  [33mclass[31m=[32m"virtual-scroll-card rounded-2xl glass-card-spotlight p-4 md:p-6 text-left group flex flex-col gap-4 relative overflow-hidden h-full min-h-[180px] transition-all duration-300 border shadow-glass-2 hover:shadow-xl hover:border-primary/30 outline-none cursor-pointer scroll-margin-block-[1.5rem] touch-feedback btn-icon-text-gap games-focus-ring group-hover:shadow-[0_0_20px_rgba(139,0,0,0.25)] group-hover:border-primary-500/50"[31m
  [33mrole[31m=[32m"listitem"[31m
  [33mstyle[31m=[32m"transform-style: preserve-3d; transition: transform 0.2s ease-out, box-shadow 0.3s ease;"[31m
  [33mtabindex[31m=[32m"0"[31m
  [33mtitle[31m=[32m"Test Rules"[31m
  [33mvariants[31m=[32m"[object Object]"[31m
  [33mwhiletap[31m=[32m"[object Object]"[31m
[36m>[31m
  [36m<span[31m
    [33mclass[31m=[32m"absolute top-2 right-2 z-10 animate-[pulse_2s_ease-in-out_infinite]"[31m
  [36m>[31m
    [36m<div[31m
      [33mdata-testid[31m=[32m"badge"[31m
    [36m>[31m
      [0mgames.new[0m
    [36m</div>[31m
  [36m</span>[31m
  [36m<button[31m
    [33maria-label[31m=[32m"加入收藏"[31m
    [33mclass[31m=[32m"absolute top-3 left-3 z-10 p-2 rounded-full bg-black/30 hover:bg-white/10 transition-colors games-touch-target flex items-center justify-center games-focus-ring"[31m
    [33mtransition[31m=[32m"[object Object]"[31m
    [33mtype[31m=[32m"button"[31m
    [33mwhiletap[31m=[32m"[object Object]"[31m
  [36m>[31m
    [36m<span[31m
      [33manimate[31m=[32m"[object Object]"[31m
      [33mclass[31m=[32m"inline-block"[31m
      [33minitial[31m=[32m"[object Object]"[31m
      [33mtransition[31m=[32m"[object Object]"[31m
    [36m>[31m
      [36m<svg[31m
        [33mclass[31m=[32m"lucide lucide-heart w-4 h-4 text-white/60"[31m
        [33mfill[31m=[32m"none"[31m
        [33mheight[31m=[32m"24"[31m
        [33mstroke[31m=[32m"currentColor"[31m
        [33mstroke-linecap[31m=[32m"round"[31m
        [33mstroke-linejoin[31m=[32m"round"[31m
        [33mstroke-width[31m=[32m"2"[31m
        [33mviewBox[31m=[32m"0 0 24 24"[31m
        [33mwidth[31m=[32m"24"[31m
        [33mxmlns[31m=[32m"http://www.w3.org/2000/svg"[31m
      [36m>[31m
        [36m<path[31m
          [33md[31m=[32m"M19 14c1.49-1.46 3-3.21 3-5.5A5.5 5.5 0 0 0 16.5 3c-1.76 0-3 .5-4.5 2-1.5-1.5-2.74-2-4.5-2A5.5 5.5 0 0 0 2 8.5c0 2.3 1.5 4.05 3 5.5l7 7Z"[31m
        [36m/>[31m
      [36m</svg>[31m
    [36m</span>[31m
  [36m</button>[31m
  [36m<div[31m
    [33mclass[31m=[32m"flex justify-between items-start btn-icon-text-gap"[31m
  [36m>[31m
    [36m<div[31m
      [33mclass[31m=[32m"flex items-center gap-2"[31m
      [33mwhilehover[31m=[32m"[object Object]"[31m
    [36m>[31m
      [36m<div[31m
        [33mdata-testid[31m=[32m"feature-icon"[31m
      [36m/>[31m
    [36m</div>[31m
    [36m<div[31m
      [33manimate[31m=[32m"[object Object]"[31m
      [33mclass[31m=[32m"-mr-2 -mt-2"[31m
      [33minitial[31m=[32m"[object Object]"[31m
      [33mtransition[31m=[32m"[object Object]"[31m
      [33mwhilehover[31m=[32m"[object Object]"[31m
    [36m>[31m
      [36m<div[31m
        [33mclass[31m=[32m"p-2 bg-white/10 rounded-full"[31m
      [36m>[31m
        [36m<svg[31m
          [33mclass[31m=[32m"lucide lucide-chevron-right w-4 h-4 text-white"[31m
          [33mfill[31m=[32m"none"[31m
          [33mheight[31m=[32m"24"[31m
          [33mstroke[31m=[32m"currentColor"[31m
          [33mstroke-linecap[31m=[32m"round"[31m
          [33mstroke-linejoin[31m=[32m"round"[31m
          [33mstroke-width[31m=[32m"2"[31m
          [33mviewBox[31m=[32m"0 0 24 24"[31m
          [33mwidth[31m=[32m"24"[31m
          [33mxmlns[31m=[32m"http://www.w3.org/2000/svg"[31m
        [36m>[31m
          [36m<path[31m
            [33md[31m=[32m"m9 18 6-6-6-6"[31m
          [36m/>[31m
        [36m</svg>[31m
      [36m</div>[31m
    [36m</div>[31m
  [36m</div>[31m
  [36m<div[31m
    [33mclass[31m=[32m"z-10 mt-auto"[31m
  [36m>[31m
    [36m<h3[31m
      [33mclass[31m=[32m"text-xl font-display font-bold text-white mb-2 group-hover:text-primary-400 transition-colors duration-200 truncate"[31m
      [33mtitle[31m=[32m"Test Game"[31m
    [36m>[31m
      [0mTest Game[0m
    [36m</h3>[31m
    [36m<p[31m
      [33mclass[31m=[32m"text-white/50 text-sm mb-3 line-clamp-2 min-h-[2.5rem]"[31m
    [36m>[31m
      [0mA fun test game[0m
    [36m</p>[31m
    [36m<span[31m
      [33mclass[31m=[32m"inline-flex items-center gap-2 btn-secondary btn-press-scale min-h-[48px] min-w-[44px] py-2 px-4 text-sm font-semibold rounded-xl mt-2 w-fit"[31m
    [36m>[31m
      [36m<span>[31m
        [0m開始遊戲[0m
      [36m</span>[31m
      [36m<svg[31m
        [33maria-hidden[31m=[32m"true"[31m
        [33mclass[31m=[32m"lucide lucide-chevron-right w-4 h-4 shrink-0"[31m
        [33mfill[31m=[32m"none"[31m
        [33mheight[31m=[32m"24"[31m
        [33mstroke[31m=[32m"currentColor"[31m
        [33mstroke-linecap[31m=[32m"round"[31m
        [33mstroke-linejoin[31m=[32m"round"[31m
        [33mstroke-width[31m=[32m"2"[31m
        [33mviewBox[31m=[32m"0 0 24 24"[31m
        [33mwidth[31m=[32m"24"[31m
        [33mxmlns[31m=[32m"http://www.w3.org/2000/svg"[31m
      [36m>[31m
        [36m<path[31m
          [33md[31m=[32m"m9 18 6-6-6-6"[31m
        [36m/>[31m
      [36m</svg>[31m
    [36m</span>[31m
    [36m<div[31m
      [33mclass[31m=[32m"flex flex-wrap gap-1.5 items-center mt-3"[31m
    [36m>[31m
      [36m<span[31m
        [33mclass[31m=[32m"inline-flex items-center gap-1.5 px-2.5 py-1 rounded-md border text-[11px] font-mono uppercase tracking-widest bg-primary-500/15 border-primary-500/30 text-primary-300"[31m
        [33mdata-i18n-key[31m=[32m"games.card.players"[31m
      [36m>[31m
        [36m<svg[31m
          [33maria-hidden[31m=[32m"true"[31m
          [33mclass[31m=[32m"lucide lucide-users w-3.5 h-3.5 shrink-0"[31m
          [33mfill[31m=[32m"none"[31m
          [33mheight[31m=[32m"24"[31m
          [33mstroke[31m=[32m"currentColor"[31m
          [33mstroke-linecap[31m=[32m"round"[31m
          [33mstroke-linejoin[31m=[32m"round"[31m
          [33mstroke-width[31m=[32m"2"[31m
          [33mviewBox[31m=[32m"0 0 24 24"[31m
          [33mwidth[31m=[32m"24"[31m
          [33mxmlns[31m=[32m"http://www.w3.org/2000/svg"[31m
        [36m>[31m
          [36m<path[31m
            [33md[31m=[32m"M16 21v-2a4 4 0 0 0-4-4H6a4 4 0 0 0-4 4v2"[31m
          [36m/>[31m
          [36m<circle[31m
            [33mcx[31m=[32m"9"[31m
            [33mcy[31m=[32m"7"[31m
            [33mr[31m=[...

Ignored nodes: comments, script, style
[36m<div[31m
  [33maria-label[31m=[32m"進入遊戲：Test Game，2-4 Players，開始"[31m
  [33mclass[31m=[32m"virtual-scroll-card rounded-2xl glass-card-spotlight p-4 md:p-6 text-left group flex flex-col gap-4 relative overflow-hidden h-full min-h-[180px] transition-all duration-300 border shadow-glass-2 hover:shadow-xl hover:border-primary/30 outline-none cursor-pointer scroll-margin-block-[1.5rem] touch-feedback btn-icon-text-gap games-focus-ring group-hover:shadow-[0_0_20px_rgba(139,0,0,0.25)] group-hover:border-primary-500/50"[31m
  [33mrole[31m=[32m"listitem"[31m
  [33mstyle[31m=[32m"transform-style: preserve-3d; transition: transform 0.2s ease-out, box-shadow 0.3s ease;"[31m
  [33mtabindex[31m=[32m"0"[31m
  [33mtitle[31m=[32m"Test Rules"[31m
  [33mvariants[31m=[32m"[object Object]"[31m
  [33mwhiletap[31m=[32m"[object Object]"[31m
[36m>[31m
  [36m<span[31m
    [33mclass[31m=[32m"absolute top-2 right-2 z-10 inline-flex items-center gap-1.5 flex-wrap justify-end max-w-[70%]"[31m
  [36m>[31m
    [36m<span[31m
      [33maria-label[31m=[32m"Pro 方案解鎖"[31m
      [33mclass[31m=[32m"inline-flex items-center gap-1 px-2 py-0.5 rounded-md bg-gradient-to-r from-primary-500/90 to-accent-500/90 text-white text-[10px] font-bold shadow-md"[31m
    [36m>[31m
      [36m<svg[31m
        [33mclass[31m=[32m"lucide lucide-crown w-3 h-3"[31m
        [33mfill[31m=[32m"none"[31m
        [33mheight[31m=[32m"24"[31m
        [33mstroke[31m=[32m"currentColor"[31m
        [33mstroke-linecap[31m=[32m"round"[31m
        [33mstroke-linejoin[31m=[32m"round"[31m
        [33mstroke-width[31m=[32m"2"[31m
        [33mviewBox[31m=[32m"0 0 24 24"[31m
        [33mwidth[31m=[32m"24"[31m
        [33mxmlns[31m=[32m"http://www.w3.org/2000/svg"[31m
      [36m>[31m
        [36m<path[31m
          [33md[31m=[32m"M11.562 3.266a.5.5 0 0 1 .876 0L15.39 8.87a1 1 0 0 0 1.516.294L21.183 5.5a.5.5 0 0 1 .798.519l-2.834 10.246a1 1 0 0 1-.956.734H5.81a1 1 0 0 1-.957-.734L2.02 6.02a.5.5 0 0 1 .798-.519l4.276 3.664a1 1 0 0 0 1.516-.294z"[31m
        [36m/>[31m
        [36m<path[31m
          [33md[31m=[32m"M5 21h14"[31m
        [36m/>[31m
      [36m</svg>[31m
      [0m Pro[0m
    [36m</span>[31m
  [36m</span>[31m
  [36m<button[31m
    [33maria-label[31m=[32m"加入收藏"[31m
    [33mclass[31m=[32m"absolute top-3 left-3 z-10 p-2 rounded-full bg-black/30 hover:bg-white/10 transition-colors games-touch-target flex items-center justify-center games-focus-ring"[31m
    [33mtransition[31m=[32m"[object Object]"[31m
    [33mtype[31m=[32m"button"[31m
    [33mwhiletap[31m=[32m"[object Object]"[31m
  [36m>[31m
    [36m<span[31m
      [33manimate[31m=[32m"[object Object]"[31m
      [33mclass[31m=[32m"inline-block"[31m
      [33minitial[31m=[32m"[object Object]"[31m
      [33mtransition[31m=[32m"[object Object]"[31m
    [36m>[31m
      [36m<svg[31m
        [33mclass[31m=[32m"lucide lucide-heart w-4 h-4 text-white/60"[31m
        [33mfill[31m=[32m"none"[31m
        [33mheight[31m=[32m"24"[31m
        [33mstroke[31m=[32m"currentColor"[31m
        [33mstroke-linecap[31m=[32m"round"[31m
        [33mstroke-linejoin[31m=[32m"round"[31m
        [33mstroke-width[31m=[32m"2"[31m
        [33mviewBox[31m=[32m"0 0 24 24"[31m
        [33mwidth[31m=[32m"24"[31m
        [33mxmlns[31m=[32m"http://www.w3.org/2000/svg"[31m
      [36m>[31m
        [36m<path[31m
          [33md[31m=[32m"M19 14c1.49-1.46 3-3.21 3-5.5A5.5 5.5 0 0 0 16.5 3c-1.76 0-3 .5-4.5 2-1.5-1.5-2.74-2-4.5-2A5.5 5.5 0 0 0 2 8.5c0 2.3 1.5 4.05 3 5.5l7 7Z"[31m
        [36m/>[31m
      [36m</svg>[31m
    [36m</span>[31m
  [36m</button>[31m
  [36m<div[31m
    [33mclass[31m=[32m"flex justify-between items-start btn-icon-text-gap"[31m
  [36m>[31m
    [36m<div[31m
      [33mclass[31m=[32m"flex items-center gap-2"[31m
      [33mwhilehover[31m=[32m"[object Object]"[31m
    [36m>[31m
      [36m<div[31m
        [33mdata-testid[31m=[32m"feature-icon"[31m
      [36m/>[31m
    [36m</div>[31m
    [36m<div[31m
      [33manimate[31m=[32m"[object Object]"[31m
      [33mclass[31m=[32m"-mr-2 -mt-2"[31m
      [33minitial[31m=[32m"[object Object]"[31m
      [33mtransition[31m=[32m"[object Object]"[31m
      [33mwhilehover[31m=[32m"[object Object]"[31m
    [36m>[31m
      [36m<div[31m
        [33mclass[31m=[32m"p-2 bg-white/10 rounded-full"[31m
      [36m>[31m
        [36m<svg[31m
          [33mclass[31m=[32m"lucide lucide-chevron-right w-4 h-4 text-white"[31m
          [33mfill[31m=[32m"none"[31m
          [33mheight[31m=[32m"24"[31m
          [33mstroke[31m=[32m"currentColor"[31m
          [33mstroke-linecap[31m=[32m"round"[31m
          [33mstroke-linejoin[31m=[32m"round"[31m
          [33mstroke-width[31m=[32m"2"[31m
          [33mviewBox[31m=[32m"0 0 24 24"[31m
          [33mwidth[31m=[32m"24"[31m
          [33mxmlns[31m=[32m"http://www.w3.org/2000/svg"[31m
        [36m>[31m
          [36m<path[31m
            [33md[31m=[32m"m9 18 6-6-6-6"[31m
          [36m/>[31m
        [36m</svg>[31m
      [36m</div>[31m
    [36m</div>[31m
  [36m</div>[31m
  [36m<div[31m
    [33mclass[31m=[32m"z-10 mt-auto"[31m
  [36m>[31m
    [36m<h3[31m
      [33mclass[31m=[32m"text-xl font-display font-bold text-white mb-2 group-hover:text-primary-400 transition-colors duration-200 truncate"[31m
      [33mtitle[31m=[32m"Test Game"[31m
    [36m>[31m
      [0mTest Game[0m
    [36m</h3>[31m
    [36m<p[31m
      [33mclass[31m=[32m"text-white/50 text-sm mb-3 line-clamp-2 min-h-[2.5rem]"[31m
    [36m>[31m
      [0mA fun test game[0m
    [36m</p>[31m
    [36m<span[31m
      [33mclass[31m=[32m"inline-flex items-center gap-2 btn-secondary btn-press-scale min-h-[48px] min-w-[44px] py-2 px-4 text-sm font-semibold rounded-xl mt-2 w-fit"[31m
    [36m>[31m
      [36m<span>[31m
        [0m開始遊戲[0m
      [36m</span>[31m
      [36m<svg[31m
        [33maria-hidden[31m=[32m"true"[31m
        [33mclass[31m=[32m"lucide lucide-chevron-right w-4 h-4 shrink-0"[31m
        [33mfill[31m=[32m"none"[31m
        [33mheight[31m=[32m"24"[31m
        [33mstroke[31m=[32m"currentColor"[31m
        [33mstroke-linecap[31m=[32m"round"[31m
        [33mstroke-linejoin[31m=[32m"round"[31m
        [33mstroke-width[31m=[32m"2"[31m
        [33mviewBox[31m=[32m"0 0 24 24"[31m
        [33mwidth[31m=[32m"24"[31m
        [33mxmlns[31m=[32m"http://www.w3.org/2000/svg"[31m
      [36m>[31m
        [36m<path[31m
          [33md[31m=[32m"m9 18 6-6-6-6"[31m
        [36m/>[31m
      [36m</svg>[31m
    [36m</span>[31m
    [36m<div[31m
      [33mclass[31m=[32m"flex flex-wrap gap-1.5 items-center mt-3"[31m
    [36m>[31m
      [36m<span[31m
        [33...

Ignored nodes: comments, script, style
[36m<div[31m
  [33maria-label[31m=[32m"進入遊戲：Test Game，2-4 Players，開始"[31m
  [33mclass[31m=[32m"virtual-scroll-card rounded-2xl glass-card-spotlight p-4 md:p-6 text-left group flex flex-col gap-4 relative overflow-hidden h-full min-h-[180px] transition-all duration-300 border shadow-glass-2 hover:shadow-xl hover:border-primary/30 outline-none cursor-pointer scroll-margin-block-[1.5rem] touch-feedback btn-icon-text-gap games-focus-ring group-hover:shadow-[0_0_20px_rgba(139,0,0,0.25)] group-hover:border-primary-500/50"[31m
  [33mrole[31m=[32m"listitem"[31m
  [33mstyle[31m=[32m"transform-style: preserve-3d; transition: transform 0.2s ease-out, box-shadow 0.3s ease;"[31m
  [33mtabindex[31m=[32m"0"[31m
  [33mtitle[31m=[32m"Test Rules"[31m
  [33mvariants[31m=[32m"[object Object]"[31m
  [33mwhiletap[31m=[32m"[object Object]"[31m
[36m>[31m
  [36m<span[31m
    [33mclass[31m=[32m"absolute top-2 right-2 z-10 animate-[pulse_2s_ease-in-out_infinite]"[31m
  [36m>[31m
    [36m<div[31m
      [33mdata-testid[31m=[32m"badge"[31m
    [36m>[31m
      [0mgames.new[0m
    [36m</div>[31m
  [36m</span>[31m
  [36m<button[31m
    [33maria-label[31m=[32m"加入收藏"[31m
    [33mclass[31m=[32m"absolute top-3 left-3 z-10 p-2 rounded-full bg-black/30 hover:bg-white/10 transition-colors games-touch-target flex items-center justify-center games-focus-ring"[31m
    [33mtransition[31m=[32m"[object Object]"[31m
    [33mtype[31m=[32m"button"[31m
    [33mwhiletap[31m=[32m"[object Object]"[31m
  [36m>[31m
    [36m<span[31m
      [33manimate[31m=[32m"[object Object]"[31m
      [33mclass[31m=[32m"inline-block"[31m
      [33minitial[31m=[32m"[object Object]"[31m
      [33mtransition[31m=[32m"[object Object]"[31m
    [36m>[31m
      [36m<svg[31m
        [33mclass[31m=[32m"lucide lucide-heart w-4 h-4 text-white/60"[31m
        [33mfill[31m=[32m"none"[31m
        [33mheight[31m=[32m"24"[31m
        [33mstroke[31m=[32m"currentColor"[31m
        [33mstroke-linecap[31m=[32m"round"[31m
        [33mstroke-linejoin[31m=[32m"round"[31m
        [33mstroke-width[31m=[32m"2"[31m
        [33mviewBox[31m=[32m"0 0 24 24"[31m
        [33mwidth[31m=[32m"24"[31m
        [33mxmlns[31m=[32m"http://www.w3.org/2000/svg"[31m
      [36m>[31m
        [36m<path[31m
          [33md[31m=[32m"M19 14c1.49-1.46 3-3.21 3-5.5A5.5 5.5 0 0 0 16.5 3c-1.76 0-3 .5-4.5 2-1.5-1.5-2.74-2-4.5-2A5.5 5.5 0 0 0 2 8.5c0 2.3 1.5 4.05 3 5.5l7 7Z"[31m
        [36m/>[31m
      [36m</svg>[31m
    [36m</span>[31m
  [36m</button>[31m
  [36m<div[31m
    [33mclass[31m=[32m"flex justify-between items-start btn-icon-text-gap"[31m
  [36m>[31m
    [36m<div[31m
      [33mclass[31m=[32m"flex items-center gap-2"[31m
      [33mwhilehover[31m=[32m"[object Object]"[31m
    [36m>[31m
      [36m<div[31m
        [33mdata-testid[31m=[32m"feature-icon"[31m
      [36m/>[31m
    [36m</div>[31m
    [36m<div[31m
      [33manimate[31m=[32m"[object Object]"[31m
      [33mclass[31m=[32m"-mr-2 -mt-2"[31m
      [33minitial[31m=[32m"[object Object]"[31m
      [33mtransition[31m=[32m"[object Object]"[31m
      [33mwhilehover[31m=[32m"[object Object]"[31m
    [36m>[31m
      [36m<div[31m
        [33mclass[31m=[32m"p-2 bg-white/10 rounded-full"[31m
      [36m>[31m
        [36m<svg[31m
          [33mclass[31m=[32m"lucide lucide-chevron-right w-4 h-4 text-white"[31m
          [33mfill[31m=[32m"none"[31m
          [33mheight[31m=[32m"24"[31m
          [33mstroke[31m=[32m"currentColor"[31m
          [33mstroke-linecap[31m=[32m"round"[31m
          [33mstroke-linejoin[31m=[32m"round"[31m
          [33mstroke-width[31m=[32m"2"[31m
          [33mviewBox[31m=[32m"0 0 24 24"[31m
          [33mwidth[31m=[32m"24"[31m
          [33mxmlns[31m=[32m"http://www.w3.org/2000/svg"[31m
        [36m>[31m
          [36m<path[31m
            [33md[31m=[32m"m9 18 6-6-6-6"[31m
          [36m/>[31m
        [36m</svg>[31m
      [36m</div>[31m
    [36m</div>[31m
  [36m</div>[31m
  [36m<div[31m
    [33mclass[31m=[32m"z-10 mt-auto"[31m
  [36m>[31m
    [36m<h3[31m
      [33mclass[31m=[32m"text-xl font-display font-bold text-white mb-2 group-hover:text-primary-400 transition-colors duration-200 truncate"[31m
      [33mtitle[31m=[32m"Test Game"[31m
    [36m>[31m
      [0mTest Game[0m
    [36m</h3>[31m
    [36m<p[31m
      [33mclass[31m=[32m"text-white/50 text-sm mb-3 line-clamp-2 min-h-[2.5rem]"[31m
    [36m>[31m
      [0mA fun test game[0m
    [36m</p>[31m
    [36m<span[31m
      [33mclass[31m=[32m"inline-flex items-center gap-2 btn-secondary btn-press-scale min-h-[48px] min-w-[44px] py-2 px-4 text-sm font-semibold rounded-xl mt-2 w-fit"[31m
    [36m>[31m
      [36m<span>[31m
        [0m開始遊戲[0m
      [36m</span>[31m
      [36m<svg[31m
        [33maria-hidden[31m=[32m"true"[31m
        [33mclass[31m=[32m"lucide lucide-chevron-right w-4 h-4 shrink-0"[31m
        [33mfill[31m=[32m"none"[31m
        [33mheight[31m=[32m"24"[31m
        [33mstroke[31m=[32m"currentColor"[31m
        [33mstroke-linecap[31m=[32m"round"[31m
        [33mstroke-linejoin[31m=[32m"round"[31m
        [33mstroke-width[31m=[32m"2"[31m
        [33mviewBox[31m=[32m"0 0 24 24"[31m
        [33mwidth[31m=[32m"24"[31m
        [33mxmlns[31m=[32m"http://www.w3.org/2000/svg"[31m
      [36m>[31m
        [36m<path[31m
          [33md[31m=[32m"m9 18 6-6-6-6"[31m
        [36m/>[31m
      [36m</svg>[31m
    [36m</span>[31m
    [36m<div[31m
      [33mclass[31m=[32m"flex flex-wrap gap-1.5 items-center mt-3"[31m
    [36m>[31m
      [36m<span[31m
        [33mclass[31m=[32m"inline-flex items-center gap-1.5 px-2.5 py-1 rounded-md border text-[11px] font-mono uppercase tracking-widest bg-primary-500/15 border-primary-500/30 text-primary-300"[31m
        [33mdata-i18n-key[31m=[32m"games.card.players"[31m
      [36m>[31m
        [36m<svg[31m
          [33maria-hidden[31m=[32m"true"[31m
          [33mclass[31m=[32m"lucide lucide-users w-3.5 h-3.5 shrink-0"[31m
          [33mfill[31m=[32m"none"[31m
          [33mheight[31m=[32m"24"[31m
          [33mstroke[31m=[32m"currentColor"[31m
          [33mstroke-linecap[31m=[32m"round"[31m
          [33mstroke-linejoin[31m=[32m"round"[31m
          [33mstroke-width[31m=[32m"2"[31m
          [33mviewBox[31m=[32m"0 0 24 24"[31m
          [33mwidth[31m=[32m"24"[31m
          [33mxmlns[31m=[32m"http://www.w3.org/2000/svg"[31m
        [36m>[31m
          [36m<path[31m
            [33md[31m=[32m"M16 21v-2a4 4 0 0 0-4-4H6a4 4 0 0 0-4 4v2"[31m
          [36m/>[31m
          [36m<circle[31m
            [33mcx[31m=[32m"9"[31m
            [33mcy[31m=[32m"7"[31m
            [33mr[31m=[...

(If this is intentional, then use the `*AllBy*` variant of the query (like `queryAllByText`, `getAllByText`, or `findAllByText`)).

Ignored nodes: comments, script, style
[36m<body>[31m
  [36m<div>[31m
    [36m<div[31m
      [33maria-label[31m=[32m"進入遊戲：Test Game，2-4 Players，開始"[31m
      [33mclass[31m=[32m"virtual-scroll-card rounded-2xl glass-card-spotlight p-4 md:p-6 text-left group flex flex-col gap-4 relative overflow-hidden h-full min-h-[180px] transition-all duration-300 border shadow-glass-2 hover:shadow-xl hover:border-primary/30 outline-none cursor-pointer scroll-margin-block-[1.5rem] touch-feedback btn-icon-text-gap games-focus-ring group-hover:shadow-[0_0_20px_rgba(139,0,0,0.25)] group-hover:border-primary-500/50"[31m
      [33mrole[31m=[32m"listitem"[31m
      [33mstyle[31m=[32m"transform-style: preserve-3d; transition: transform 0.2s ease-out, box-shadow 0.3s ease;"[31m
      [33mtabindex[31m=[32m"0"[31m
      [33mtitle[31m=[32m"Test Rules"[31m
      [33mvariants[31m=[32m"[object Object]"[31m
      [33mwhiletap[31m=[32m"[object Object]"[31m
    [36m>[31m
      [36m<span[31m
        [33mclass[31m=[32m"absolute top-2 right-2 z-10 animate-[pulse_2s_ease-in-out_infinite]"[31m
      [36m>[31m
        [36m<div[31m
          [33mdata-testid[31m=[32m"badge"[31m
        [36m>[31m
          [0mgames.new[0m
        [36m</div>[31m
      [36m</span>[31m
      [36m<button[31m
        [33maria-label[31m=[32m"加入收藏"[31m
        [33mclass[31m=[32m"absolute top-3 left-3 z-10 p-2 rounded-full bg-black/30 hover:bg-white/10 transition-colors games-touch-target flex items-center justify-center games-focus-ring"[31m
        [33mtransition[31m=[32m"[object Object]"[31m
        [33mtype[31m=[32m"button"[31m
        [33mwhiletap[31m=[32m"[object Object]"[31m
      [36m>[31m
        [36m<span[31m
          [33manimate[31m=[32m"[object Object]"[31m
          [33mclass[31m=[32m"inline-block"[31m
          [33minitial[31m=[32m"[object Object]"[31m
          [33mtransition[31m=[32m"[object Object]"[31m
        [36m>[31m
          [36m<svg[31m
            [33mclass[31m=[32m"lucide lucide-heart w-4 h-4 text-white/60"[31m
            [33mfill[31m=[32m"none"[31m
            [33mheight[31m=[32m"24"[31m
            [33mstroke[31m=[32m"currentColor"[31m
            [33mstroke-linecap[31m=[32m"round"[31m
            [33mstroke-linejoin[31m=[32m"round"[31m
            [33mstroke-width[31m=[32m"2"[31m
            [33mviewBox[31m=[32m"0 0 24 24"[31m
            [33mwidth[31m=[32m"24"[31m
            [33mxmlns[31m=[32m"http://www.w3.org/2000/svg"[31m
          [36m>[31m
            [36m<path[31m
              [33md[31m=[32m"M19 14c1.49-1.46 3-3.21 3-5.5A5.5 5.5 0 0 0 16.5 3c-1.76 0-3 .5-4.5 2-1.5-1.5-2.74-2-4.5-2A5.5 5.5 0 0 0 2 8.5c0 2.3 1.5 4.05 3 5.5l7 7Z"[31m
            [36m/>[31m
          [36m</svg>[31m
        [36m</span>[31m
      [36m</button>[31m
      [36m<div[31m
        [33mclass[31m=[32m"flex justify-between items-start btn-icon-text-gap"[31m
      [36m>[31m
        [36m<div[31m
          [33mclass[31m=[32m"flex items-center gap-2"[31m
          [33mwhilehover[31m=[32m"[object Object]"[31m
        [36m>[31m
          [36m<div[31m
            [33mdata-testid[31m=[32m"feature-icon"[31m
          [36m/>[31m
        [36m</div>[31m
        [36m<div[31m
          [33manimate[31m=[32m"[object Object]"[31m
          [33mclass[31m=[32m"-mr-2 -mt-2"[31m
          [33minitial[31m=[32m"[object Object]"[31m
          [33mtransition[31m=[32m"[object Object]"[31m
          [33mwhilehover[31m=[32m"[object Object]"[31m
        [36m>[31m
          [36m<div[31m
            [33mclass[31m=[32m"p-2 bg-white/10 rounded-full"[31m
          [36m>[31m
            [36m<svg[31m
              [33mclass[31m=[32m"lucide lucide-chevron-right w-4 h-4 text-white"[31m
              [33mfill[31m=[32m"none"[31m
              [33mheight[31m=[32m"24"[31m
              [33mstroke[31m=[32m"currentColor"[31m
              [33mstroke-linecap[31m=[32m"round"[31m
              [33mstroke-linejoin[31m=[32m"round"[31m
              [33mstroke-width[31m=[32m"2"[31m
              [33mviewBox[31m=[32m"0 0 24 24"[31m
              [33mwidth[31m=[32m"24"[31m
              [33mxmlns[31m=[32m"http://www.w3.org/2000/svg"[31m
            [36m>[31m
              [36m<path[31m
                [33md[31m=[32m"m9 18 6-6-6-6"[31m
              [36m/>[31m
            [36m</svg>[31m
          [36m</div>[31m
        [36m</div>[31m
      [36m</div>[31m
      [36m<div[31m
        [33mclass[31m=[32m"z-10 mt-auto"[31m
      [36m>[31m
        [36m<h3[31m
          [33mclass[31m=[32m"text-xl font-display font-bold text-white mb-2 group-hover:text-primary-400 transition-colors duration-200 truncate"[31m
          [33mtitle[31m=[32m"Test Game"[31m
        [36m>[31m
          [0mTest Game[0m
        [36m</h3>[31m
        [36m<p[31m
          [33mclass[31m=[32m"text-white/50 text-sm mb-3 line-clamp-2 min-h-[2.5rem]"[31m
        [36m>[31m
          [0mA fun test game[0m
        [36m</p>[31m
        [36m<span[31m
          [33mclass[31m=[32m"inline-flex items-center gap-2 btn-secondary btn-press-scale min-h-[48px] min-w-[44px] py-2 px-4 text-sm font-semibold rounded-xl mt-2 w-fit"[31m
        [36m>[31m
          [36m<span>[31m
            [0m開始遊戲[0m
          [36m</span>[31m
          [36m<svg[31m
            [33maria-hidden[31m=[32m"true"[31m
            [33mclass[31m=[32m"lucide lucide-chevron-right w-4 h-4 shrink-0"[31m
            [33mfill[31m=[32m"none"[31m
            [33mheight[31m=[32m"24"[31m
            [33mstroke[31m=[32m"currentColor"[31m
            [33mstroke-linecap[31m=[32m"round"[31m
            [33mstroke-linejoin[31m=[32m"round"[31m
            [33mstroke-width[31m=[32m"2"[31m
            [33mviewBox[31m=[32m"0 0 24 24"[31m
            [33mwidth[31m=[32m"24"[31m
            [33mxmlns[31m=[32m"http://www.w3.org/2000/svg"[31m
          [36m>[31m
            [36m<path[31m
              [33md[31m=[32m"m9 18 6-6-6-6"[31m
            [36m/>[31m
          [36m</svg>[31m
        [36m</span>[31m
        [36m<div[31m
          [33mclass[31m=[32m"flex flex-wrap gap-1.5 items-center mt-3"[31m
        [36m>[31m
          [36m<span[31m
            [33mclass[31m=[32m"inline-flex items-center gap-1.5 px-2.5 py-1 rounded-md border text-[11px] font-mono uppercase tracking-widest bg-primary-500/15 border-primary-500/30 text-primary-300"[31m
            [33mdata-i18n-key[31m=[32m"games.card.players"[31m
          [36m>[31m
            [36m<svg[31m
              [33maria-hidden[31m=[32m"true"[31m
              [33mclass[31m=[32m"lucide lucide-users w-3.5 h-3.5 shrink-0"[31m
              [33mfill[31m=[32m"none"[31m
              [33mheight[31m=[32m"24"[31m
              [33mstroke[31m=[32m"currentCo...[39m
 [32m✓[39m src/__tests__/api/chat-route.test.ts [2m([22m[2m2 tests[22m[2m)[22m[90m 9[2mms[22m[39m
 [32m✓[39m src/__tests__/api/health-route.test.ts [2m([22m[2m2 tests[22m[2m)[22m[33m 486[2mms[22m[39m
 [32m✓[39m src/lib/embedding.test.ts [2m([22m[2m2 tests[22m[2m)[22m[90m 2[2mms[22m[39m
{"level":40,"time":"2026-02-14T16:23:20.476Z","msg":"[subscription-lifecycle] validatePromoCode: Supabase not configured"}
 [32m✓[39m src/lib/subscription-lifecycle.test.ts [2m([22m[2m3 tests[22m[2m)[22m[90m 4[2mms[22m[39m
 [32m✓[39m src/components/__tests__/error-boundary.test.tsx [2m([22m[2m7 tests[22m[2m)[22m[90m 245[2mms[22m[39m
stderr | src/components/games/__tests__/games.smoke.test.tsx > Games key path smoke > TruthOrDare shows result area after pick truth
Failed to load TruthOrDare data (truth): TypeError: Failed to parse URL from /data/truthOrDare.json
    at node:internal/deps/undici/undici:16416:13
    at buildPoolFromJson (C:\Users\paul0\.minimax-agent\projects\3\cheersin\src\lib\truth-or-dare.ts:34:17)
    at Module.getTruthPool (C:\Users\paul0\.minimax-agent\projects\3\cheersin\src\lib\truth-or-dare.ts:195:25)
    at loadData (C:\Users\paul0\.minimax-agent\projects\3\cheersin\src\components\games\TruthOrDare.tsx:129:23) {
  [cause]: TypeError: Invalid URL: /data/truthOrDare.json
      at new URLImpl (C:\Users\paul0\.minimax-agent\projects\3\cheersin\node_modules\jsdom\node_modules\whatwg-url\lib\URL-impl.js:20:13)
      at Object.exports.setup (C:\Users\paul0\.minimax-agent\projects\3\cheersin\node_modules\jsdom\node_modules\whatwg-url\lib\URL.js:54:12)
      at new URL (C:\Users\paul0\.minimax-agent\projects\3\cheersin\node_modules\jsdom\node_modules\whatwg-url\lib\URL.js:115:22)
      at new Request (node:internal/deps/undici/undici:10971:25)
      at fetch (node:internal/deps/undici/undici:11891:25)
      at fetch (node:internal/deps/undici/undici:16414:10)
      at fetch (node:internal/bootstrap/web/exposed-window-or-worker:83:12)
      at buildPoolFromJson (C:\Users\paul0\.minimax-agent\projects\3\cheersin\src\lib\truth-or-dare.ts:34:23)
      at Module.getTruthPool (C:\Users\paul0\.minimax-agent\projects\3\cheersin\src\lib\truth-or-dare.ts:195:31)
      at loadData (C:\Users\paul0\.minimax-agent\projects\3\cheersin\src\components\games\TruthOrDare.tsx:129:29)
}
Failed to load TruthOrDare data (dare): TypeError: Failed to parse URL from /data/truthOrDare.json
    at node:internal/deps/undici/undici:16416:13
    at buildPoolFromJson (C:\Users\paul0\.minimax-agent\projects\3\cheersin\src\lib\truth-or-dare.ts:34:17)
    at Module.getDarePool (C:\Users\paul0\.minimax-agent\projects\3\cheersin\src\lib\truth-or-dare.ts:204:24)
    at loadData (C:\Users\paul0\.minimax-agent\projects\3\cheersin\src\components\games\TruthOrDare.tsx:130:23) {
  [cause]: TypeError: Invalid URL: /data/truthOrDare.json
      at new URLImpl (C:\Users\paul0\.minimax-agent\projects\3\cheersin\node_modules\jsdom\node_modules\whatwg-url\lib\URL-impl.js:20:13)
      at Object.exports.setup (C:\Users\paul0\.minimax-agent\projects\3\cheersin\node_modules\jsdom\node_modules\whatwg-url\lib\URL.js:54:12)
      at new URL (C:\Users\paul0\.minimax-agent\projects\3\cheersin\node_modules\jsdom\node_modules\whatwg-url\lib\URL.js:115:22)
      at new Request (node:internal/deps/undici/undici:10971:25)
      at fetch (node:internal/deps/undici/undici:11891:25)
      at fetch (node:internal/deps/undici/undici:16414:10)
      at fetch (node:internal/bootstrap/web/exposed-window-or-worker:83:12)
      at buildPoolFromJson (C:\Users\paul0\.minimax-agent\projects\3\cheersin\src\lib\truth-or-dare.ts:34:23)
      at Module.getDarePool (C:\Users\paul0\.minimax-agent\projects\3\cheersin\src\lib\truth-or-dare.ts:204:30)
      at loadData (C:\Users\paul0\.minimax-agent\projects\3\cheersin\src\components\games\TruthOrDare.tsx:130:29)
}

stderr | src/components/games/__tests__/games.smoke.test.tsx > Games key path smoke > NeverHaveIEver shows card area when round has content
Failed to load NeverHaveIEver data: TypeError: Failed to parse URL from /data/neverHaveIEver.json
    at node:internal/deps/undici/undici:16416:13
    at loadQuestionsFromJson (C:\Users\paul0\.minimax-agent\projects\3\cheersin\src\lib\never-have-i-ever.ts:26:17)
    at Module.getStatementsByCategory (C:\Users\paul0\.minimax-agent\projects\3\cheersin\src\lib\never-have-i-ever.ts:48:31)
    at C:\Users\paul0\.minimax-agent\projects\3\cheersin\src\components\games\NeverHaveIEver.tsx:209:17 {
  [cause]: TypeError: Invalid URL: /data/neverHaveIEver.json
      at new URLImpl (C:\Users\paul0\.minimax-agent\projects\3\cheersin\node_modules\jsdom\node_modules\whatwg-url\lib\URL-impl.js:20:13)
      at Object.exports.setup (C:\Users\paul0\.minimax-agent\projects\3\cheersin\node_modules\jsdom\node_modules\whatwg-url\lib\URL.js:54:12)
      at new URL (C:\Users\paul0\.minimax-agent\projects\3\cheersin\node_modules\jsdom\node_modules\whatwg-url\lib\URL.js:115:22)
      at new Request (node:internal/deps/undici/undici:10971:25)
      at fetch (node:internal/deps/undici/undici:11891:25)
      at fetch (node:internal/deps/undici/undici:16414:10)
      at fetch (node:internal/bootstrap/web/exposed-window-or-worker:83:12)
      at loadQuestionsFromJson (C:\Users\paul0\.minimax-agent\projects\3\cheersin\src\lib\never-have-i-ever.ts:26:23)
      at Module.getStatementsByCategory (C:\Users\paul0\.minimax-agent\projects\3\cheersin\src\lib\never-have-i-ever.ts:48:37)
      at C:\Users\paul0\.minimax-agent\projects\3\cheersin\src\components\games\NeverHaveIEver.tsx:209:23
}
Failed to load NeverHaveIEver data: TypeError: Failed to parse URL from /data/neverHaveIEver.json
    at node:internal/deps/undici/undici:16416:13
    at loadQuestionsFromJson (C:\Users\paul0\.minimax-agent\projects\3\cheersin\src\lib\never-have-i-ever.ts:26:17)
    at Module.getStatementsByCategory (C:\Users\paul0\.minimax-agent\projects\3\cheersin\src\lib\never-have-i-ever.ts:48:31)
    at updateRoundTotal (C:\Users\paul0\.minimax-agent\projects\3\cheersin\src\components\games\NeverHaveIEver.tsx:262:26) {
  [cause]: TypeError: Invalid URL: /data/neverHaveIEver.json
      at new URLImpl (C:\Users\paul0\.minimax-agent\projects\3\cheersin\node_modules\jsdom\node_modules\whatwg-url\lib\URL-impl.js:20:13)
      at Object.exports.setup (C:\Users\paul0\.minimax-agent\projects\3\cheersin\node_modules\jsdom\node_modules\whatwg-url\lib\URL.js:54:12)
      at new URL (C:\Users\paul0\.minimax-agent\projects\3\cheersin\node_modules\jsdom\node_modules\whatwg-url\lib\URL.js:115:22)
      at new Request (node:internal/deps/undici/undici:10971:25)
      at fetch (node:internal/deps/undici/undici:11891:25)
      at fetch (node:internal/deps/undici/undici:16414:10)
      at fetch (node:internal/bootstrap/web/exposed-window-or-worker:83:12)
      at loadQuestionsFromJson (C:\Users\paul0\.minimax-agent\projects\3\cheersin\src\lib\never-have-i-ever.ts:26:23)
      at Module.getStatementsByCategory (C:\Users\paul0\.minimax-agent\projects\3\cheersin\src\lib\never-have-i-ever.ts:48:37)
      at updateRoundTotal (C:\Users\paul0\.minimax-agent\projects\3\cheersin\src\components\games\NeverHaveIEver.tsx:262:32)
}

stderr | src/components/games/__tests__/games.smoke.test.tsx > Games key path smoke > WhoMostLikely renders and start button exists
Failed to load WhoMostLikely data: TypeError: Failed to parse URL from /data/whoMostLikely.json
    at node:internal/deps/undici/undici:16416:13
    at loadQuestionsFromJson (C:\Users\paul0\.minimax-agent\projects\3\cheersin\src\lib\who-most-likely.ts:60:17)
    at Module.getQuestionsByCategory (C:\Users\paul0\.minimax-agent\projects\3\cheersin\src\lib\who-most-likely.ts:81:31)
    at loadData (C:\Users\paul0\.minimax-agent\projects\3\cheersin\src\components\games\WhoMostLikely.tsx:113:22) {
  [cause]: TypeError: Invalid URL: /data/whoMostLikely.json
      at new URLImpl (C:\Users\paul0\.minimax-agent\projects\3\cheersin\node_modules\jsdom\node_modules\whatwg-url\lib\URL-impl.js:20:13)
      at Object.exports.setup (C:\Users\paul0\.minimax-agent\projects\3\cheersin\node_modules\jsdom\node_modules\whatwg-url\lib\URL.js:54:12)
      at new URL (C:\Users\paul0\.minimax-agent\projects\3\cheersin\node_modules\jsdom\node_modules\whatwg-url\lib\URL.js:115:22)
      at new Request (node:internal/deps/undici/undici:10971:25)
      at fetch (node:internal/deps/undici/undici:11891:25)
      at fetch (node:internal/deps/undici/undici:16414:10)
      at fetch (node:internal/bootstrap/web/exposed-window-or-worker:83:12)
      at loadQuestionsFromJson (C:\Users\paul0\.minimax-agent\projects\3\cheersin\src\lib\who-most-likely.ts:60:23)
      at Module.getQuestionsByCategory (C:\Users\paul0\.minimax-agent\projects\3\cheersin\src\lib\who-most-likely.ts:81:37)
      at loadData (C:\Users\paul0\.minimax-agent\projects\3\cheersin\src\components\games\WhoMostLikely.tsx:113:28)
}

stderr | src/components/games/__tests__/games.smoke.test.tsx > Games key path smoke > WhoMostLikely shows result area after pointing a player
Failed to load WhoMostLikely data: TypeError: Failed to parse URL from /data/whoMostLikely.json
    at node:internal/deps/undici/undici:16416:13
    at loadQuestionsFromJson (C:\Users\paul0\.minimax-agent\projects\3\cheersin\src\lib\who-most-likely.ts:60:17)
    at Module.getQuestionsByCategory (C:\Users\paul0\.minimax-agent\projects\3\cheersin\src\lib\who-most-likely.ts:81:31)
    at loadData (C:\Users\paul0\.minimax-agent\projects\3\cheersin\src\components\games\WhoMostLikely.tsx:113:22) {
  [cause]: TypeError: Invalid URL: /data/whoMostLikely.json
      at new URLImpl (C:\Users\paul0\.minimax-agent\projects\3\cheersin\node_modules\jsdom\node_modules\whatwg-url\lib\URL-impl.js:20:13)
      at Object.exports.setup (C:\Users\paul0\.minimax-agent\projects\3\cheersin\node_modules\jsdom\node_modules\whatwg-url\lib\URL.js:54:12)
      at new URL (C:\Users\paul0\.minimax-agent\projects\3\cheersin\node_modules\jsdom\node_modules\whatwg-url\lib\URL.js:115:22)
      at new Request (node:internal/deps/undici/undici:10971:25)
      at fetch (node:internal/deps/undici/undici:11891:25)
      at fetch (node:internal/deps/undici/undici:16414:10)
      at fetch (node:internal/bootstrap/web/exposed-window-or-worker:83:12)
      at loadQuestionsFromJson (C:\Users\paul0\.minimax-agent\projects\3\cheersin\src\lib\who-most-likely.ts:60:23)
      at Module.getQuestionsByCategory (C:\Users\paul0\.minimax-agent\projects\3\cheersin\src\lib\who-most-likely.ts:81:37)
      at loadData (C:\Users\paul0\.minimax-agent\projects\3\cheersin\src\components\games\WhoMostLikely.tsx:113:28)
}

 [31m❯[39m src/components/games/__tests__/games.smoke.test.tsx [2m([22m[2m26 tests[22m[2m | [22m[31m4 failed[39m[2m)[22m[33m 33250[2mms[22m[39m
   [33m[2m✓[22m[39m Games key path smoke[2m > [22mRoulette shows result area after spin [33m5046[2mms[22m[39m
   [33m[2m✓[22m[39m Games key path smoke[2m > [22mDice shows result area after roll [33m1432[2mms[22m[39m
[31m   [31m×[31m Games key path smoke[2m > [22mTruthOrDare shows result area after pick truth[90m 17[2mms[22m[31m[39m
[31m     → Unable to find an element by: [data-testid="truth-or-dare-pick-truth"]

Ignored nodes: comments, script, style
[36m<body>[31m
  [36m<div>[31m
    [36m<div[31m
      [33maria-label[31m=[32m"真心話大冒險"[31m
      [33mclass[31m=[32m"h-full flex flex-col items-center justify-center py-4 md:py-6 px-4 safe-area-px"[31m
      [33mrole[31m=[32m"main"[31m
      [33mstyle[31m=[32m"opacity: 0;"[31m
    [36m>[31m
      [36m<section[31m
        [33maria-label[31m=[32m"規則"[31m
        [33mclass[31m=[32m"mb-4 w-full max-w-lg mx-auto"[31m
        [33mdata-i18n-key[31m=[32m"truth-or-dare.rules"[31m
      [36m>[31m
        [36m<button[31m
          [33maria-controls[31m=[32m"game-rules-content"[31m
          [33maria-expanded[31m=[32m"false"[31m
          [33mclass[31m=[32m"games-focus-ring games-touch-target flex items-center gap-2 w-full py-2 px-3 rounded-xl bg-white/5 border border-white/10 text-white/70 hover:text-white hover:bg-white/10 transition-colors text-sm font-medium"[31m
          [33mid[31m=[32m"game-rules-toggle"[31m
          [33mtype[31m=[32m"button"[31m
        [36m>[31m
          [36m<svg[31m
            [33mclass[31m=[32m"lucide lucide-circle-help w-4 h-4 shrink-0"[31m
            [33mfill[31m=[32m"none"[31m
            [33mheight[31m=[32m"24"[31m
            [33mstroke[31m=[32m"currentColor"[31m
            [33mstroke-linecap[31m=[32m"round"[31m
            [33mstroke-linejoin[31m=[32m"round"[31m
            [33mstroke-width[31m=[32m"2"[31m
            [33mviewBox[31m=[32m"0 0 24 24"[31m
            [33mwidth[31m=[32m"24"[31m
            [33mxmlns[31m=[32m"http://www.w3.org/2000/svg"[31m
          [36m>[31m
            [36m<circle[31m
              [33mcx[31m=[32m"12"[31m
              [33mcy[31m=[32m"12"[31m
              [33mr[31m=[32m"10"[31m
            [36m/>[31m
            [36m<path[31m
              [33md[31m=[32m"M9.09 9a3 3 0 0 1 5.83 1c0 2-3 3-3 3"[31m
            [36m/>[31m
            [36m<path[31m
              [33md[31m=[32m"M12 17h.01"[31m
            [36m/>[31m
          [36m</svg>[31m
          [36m<span>[31m
            [0m規則[0m
          [36m</span>[31m
          [36m<svg[31m
            [33mclass[31m=[32m"lucide lucide-chevron-down w-4 h-4 ml-auto"[31m
            [33mfill[31m=[32m"none"[31m
            [33mheight[31m=[32m"24"[31m
            [33mstroke[31m=[32m"currentColor"[31m
            [33mstroke-linecap[31m=[32m"round"[31m
            [33mstroke-linejoin[31m=[32m"round"[31m
            [33mstroke-width[31m=[32m"2"[31m
            [33mviewBox[31m=[32m"0 0 24 24"[31m
            [33mwidth[31m=[32m"24"[31m
            [33mxmlns[31m=[32m"http://www.w3.org/2000/svg"[31m
          [36m>[31m
            [36m<path[31m
              [33md[31m=[32m"m6 9 6 6 6-6"[31m
            [36m/>[31m
          [36m</svg>[31m
        [36m</button>[31m
      [36m</section>[31m
      [36m<div[31m
        [33mclass[31m=[32m"flex flex-col items-center justify-center p-12"[31m
      [36m>[31m
        [36m<svg[31m
          [33mclass[31m=[32m"lucide lucide-loader-circle w-8 h-8 text-primary-400 animate-spin mb-4"[31m
          [33mfill[31m=[32m"none"[31m
          [33mheight[31m=[32m"24"[31m
          [33mstroke[31m=[32m"currentColor"[31m
          [33mstroke-linecap[31m=[32m"round"[31m
          [33mstroke-linejoin[31m=[32m"round"[31m
          [33mstroke-width[31m=[32m"2"[31m
          [33mviewBox[31m=[32m"0 0 24 24"[31m
          [33mwidth[31m=[32m"24"[31m
          [33mxmlns[31m=[32m"http://www.w3.org/2000/svg"[31m
        [36m>[31m
          [36m<path[31m
            [33md[31m=[32m"M21 12a9 9 0 1 1-6.219-8.56"[31m
          [36m/>[31m
        [36m</svg>[31m
        [36m<p[31m
          [33mclass[31m=[32m"text-white/50 text-sm"[31m
        [36m>[31m
          [0m載入題目中...[0m
        [36m</p>[31m
      [36m</div>[31m
    [36m</div>[31m
  [36m</div>[31m
[36m</body>[31m[39m
[31m   [31m×[31m Games key path smoke[2m > [22mNeverHaveIEver shows card area when round has content[90m 11[2mms[22m[31m[39m
[31m     → Unable to find an element by: [data-testid="never-have-i-ever-card"]

Ignored nodes: comments, script, style
[36m<body>[31m
  [36m<div>[31m
    [36m<div[31m
      [33maria-label[31m=[32m"我從來沒有"[31m
      [33mclass[31m=[32m"flex flex-col items-center justify-center h-full py-4 md:py-6 px-4 safe-area-px"[31m
      [33mrole[31m=[32m"main"[31m
    [36m>[31m
      [36m<section[31m
        [33maria-label[31m=[32m"規則"[31m
        [33mclass[31m=[32m"mb-4 w-full max-w-lg mx-auto"[31m
        [33mdata-i18n-key[31m=[32m"never-have-i-ever.rules"[31m
      [36m>[31m
        [36m<button[31m
          [33maria-controls[31m=[32m"game-rules-content"[31m
          [33maria-expanded[31m=[32m"false"[31m
          [33mclass[31m=[32m"games-focus-ring games-touch-target flex items-center gap-2 w-full py-2 px-3 rounded-xl bg-white/5 border border-white/10 text-white/70 hover:text-white hover:bg-white/10 transition-colors text-sm font-medium"[31m
          [33mid[31m=[32m"game-rules-toggle"[31m
          [33mtype[31m=[32m"button"[31m
        [36m>[31m
          [36m<svg[31m
            [33mclass[31m=[32m"lucide lucide-circle-help w-4 h-4 shrink-0"[31m
            [33mfill[31m=[32m"none"[31m
            [33mheight[31m=[32m"24"[31m
            [33mstroke[31m=[32m"currentColor"[31m
            [33mstroke-linecap[31m=[32m"round"[31m
            [33mstroke-linejoin[31m=[32m"round"[31m
            [33mstroke-width[31m=[32m"2"[31m
            [33mviewBox[31m=[32m"0 0 24 24"[31m
            [33mwidth[31m=[32m"24"[31m
            [33mxmlns[31m=[32m"http://www.w3.org/2000/svg"[31m
          [36m>[31m
            [36m<circle[31m
              [33mcx[31m=[32m"12"[31m
              [33mcy[31m=[32m"12"[31m
              [33mr[31m=[32m"10"[31m
            [36m/>[31m
            [36m<path[31m
              [33md[31m=[32m"M9.09 9a3 3 0 0 1 5.83 1c0 2-3 3-3 3"[31m
            [36m/>[31m
            [36m<path[31m
              [33md[31m=[32m"M12 17h.01"[31m
            [36m/>[31m
          [36m</svg>[31m
          [36m<span>[31m
            [0m規則[0m
          [36m</span>[31m
          [36m<svg[31m
            [33mclass[31m=[32m"lucide lucide-chevron-down w-4 h-4 ml-auto"[31m
            [33mfill[31m=[32m"none"[31m
            [33mheight[31m=[32m"24"[31m
            [33mstroke[31m=[32m"currentColor"[31m
            [33mstroke-linecap[31m=[32m"round"[31m
            [33mstroke-linejoin[31m=[32m"round"[31m
            [33mstroke-width[31m=[32m"2"[31m
            [33mviewBox[31m=[32m"0 0 24 24"[31m
            [33mwidth[31m=[32m"24"[31m
            [33mxmlns[31m=[32m"http://www.w3.org/2000/svg"[31m
          [36m>[31m
            [36m<path[31m
              [33md[31m=[32m"m6 9 6 6 6-6"[31m
            [36m/>[31m
          [36m</svg>[31m
        [36m</button>[31m
      [36m</section>[31m
      [36m<div[31m
        [33maria-label[31m=[32m"題目分類"[31m
        [33mclass[31m=[32m"flex flex-wrap gap-2 sm:gap-3 mb-2 w-full max-w-lg justify-center"[31m
        [33mrole[31m=[32m"group"[31m
      [36m>[31m
        [36m<button[31m
          [33maria-pressed[31m=[32m"true"[31m
          [33mclass[31m=[32m"px-3 py-1 rounded-lg text-xs font-medium transition-colors min-h-[48px] min-w-[48px] games-focus-ring flex items-center gap-1 bg-primary-500 text-white "[31m
          [33mtype[31m=[32m"button"[31m
        [36m>[31m
          [0m全部[0m
        [36m</button>[31m
        [36m<button[31m
          [33maria-pressed[31m=[32m"false"[31m
          [33mclass[31m=[32m"px-3 py-1 rounded-lg text-xs font-medium transition-colors min-h-[48px] min-w-[48px] games-focus-ring flex items-center gap-1 bg-white/10 text-white/70 hover:bg-white/20 "[31m
          [33mtype[31m=[32m"button"[31m
        [36m>[31m
          [0m愛情[0m
        [36m</button>[31m
        [36m<button[31m
          [33maria-pressed[31m=[32m"false"[31m
          [33mclass[31m=[32m"px-3 py-1 rounded-lg text-xs font-medium transition-colors min-h-[48px] min-w-[48px] games-focus-ring flex items-center gap-1 bg-white/10 text-white/70 hover:bg-white/20 "[31m
          [33mtype[31m=[32m"button"[31m
        [36m>[31m
          [0m職場[0m
        [36m</button>[31m
        [36m<button[31m
          [33maria-pressed[31m=[32m"false"[31m
          [33mclass[31m=[32m"px-3 py-1 rounded-lg text-xs font-medium transition-colors min-h-[48px] min-w-[48px] games-focus-ring flex items-center gap-1 bg-white/10 text-white/70 hover:bg-white/20 "[31m
          [33mtype[31m=[32m"button"[31m
        [36m>[31m
          [0m生活[0m
        [36m</button>[31m
        [36m<button[31m
          [33maria-pressed[31m=[32m"false"[31m
          [33mclass[31m=[32m"px-3 py-1 rounded-lg text-xs font-medium transition-colors min-h-[48px] min-w-[48px] games-focus-ring flex items-center gap-1 bg-white/10 text-white/70 hover:bg-white/20 "[31m
          [33mtype[31m=[32m"button"[31m
        [36m>[31m
          [0m黑歷史[0m
        [36m</button>[31m
        [36m<button[31m
          [33maria-pressed[31m=[32m"false"[31m
          [33mclass[31m=[32m"px-3 py-1 rounded-lg text-xs font-medium transition-colors min-h-[48px] min-w-[48px] games-focus-ring flex items-center gap-1 bg-white/10 text-white/70 hover:bg-white/20 "[31m
          [33mtype[31m=[32m"button"[31m
        [36m>[31m
          [0m18+[0m
        [36m</button>[31m
        [36m<button[31m
          [33maria-pressed[31m=[32m"false"[31m
          [33mclass[31m=[32m"px-3 py-1 rounded-lg text-xs font-medium transition-colors min-h-[48px] min-w-[48px] games-focus-ring flex items-center gap-1 bg-white/10 text-white/70 hover:bg-white/20 opacity-50"[31m
          [33mtype[31m=[32m"button"[31m
        [36m>[31m
          [36m<svg[31m
            [33mclass[31m=[32m"lucide lucide-heart w-3 h-3 fill-current"[31m
            [33mfill[31m=[32m"none"[31m
            [33mheight[31m=[32m"24"[31m
            [33mstroke[31m=[32m"currentColor"[31m
            [33mstroke-linecap[31m=[32m"round"[31m
            [33mstroke-linejoin[31m=[32m"round"[31m
            [33mstroke-width[31m=[32m"2"[31m
            [33mviewBox[31m=[32m"0 0 24 24"[31m
            [33mwidth[31m=[32m"24"[31m
            [33mxmlns[31m=[32m"http://www.w3.org/2000/svg"[31m
          [36m>[31m
            [36m<path[31m
              [33md[31m=[32m"M19 14c1.49-1.46 3-3.21 3-5.5A5.5 5.5 0 0 0 16.5 3c-1.76 0-3 .5-4.5 2-1.5-1.5-2.74-2-4.5-2A5.5 5.5 0 0 0 2 8.5c0 2.3 1.5 4.05 3 5.5l7 7Z"[31m
            [36m/>[31m
          [36m</svg>[31m
          [0m收藏[0m
          [0m (0)[0m
        [36m</button>[31m
        [36m<button[31m
          [33maria-label[31m=[32m"新增自訂題目"[31m
          [33mclass[31m=[32m"px-3 py-1 rounded-lg text-xs font-medium transition-colors min-h-[48px] min-w-[48px] games-focus-ring flex items-center gap-1 bg-white/10 text-white/70 hover:bg-white/20"[31m
          [33mtype[31m=[32m"button"[31m
        [36m>[31m
          [36m<svg[31m
            [33mclass[31m=[32m"lucide lucide-plus w-3 h-3"[31m
            [33mfill[31m=[32m"none"[31m
            [33mheight[31m=[32m"24"[31m
            [33mstroke[31m=[32m"currentColor"[31m
            [33mstroke-linecap[31m=[32m"round"[31m
            [33mstroke-linejoin[31m=[32m"round"[31m
            [33mstroke-width[31m=[32m"2"[31m
            [33mviewBox[31m=[32m"0 0 24 24"[31m
            [33mwidth[31m=[32m"24"[31m
            [33mxmlns[31m=[32m"http://www.w3.org/2000/svg"[31m
          [36m>[31m
            [36m<path[31m
              [33md[31m=[32m"M5 12h14"[31m
            [36m/>[31m
            [36m<path[31m
              [33md[31m=[32m"M12 5v14"[31m
            [36m/>[31m
          [36m</svg>[31m
          [0m自訂[0m
        [36m</button>[31m
      [36m</div>[31m
      [36m<div[31m
        [33mclass[31m=[32m"flex flex-col items-center justify-center p-12"[31m
      [36m>[31m
        [36m<svg[31m
          [33mclass[31m=[32m"lucide lucide-loader-circle w-8 h-8 text-primary-400 animate-spin mb-4"[31m
          [33mfill[31m=[32m"none"[31m
          [33mheight[31m=[32m"24"[31m
          [33mstroke[31m=[32m"currentColor"[31m
          [33mstroke-linecap[31m=[32m"round"[31m
          [33mstroke-linejoin[31m=[32m"round"[31m
          [33mstroke-width[31m=[32m"2"[31m
          [33mviewBox[31m=[32m"0 0 24 24"[31m
          [33mwidth[31m=[32m"24"[31m
          [33mxmlns[31m=[32m"http://www.w3.org/2000/svg"[31m
        [36m>[31m
          [36m<path[31m
            [33md[31m=[32m"M21 12a9 9 0 1 1-6.219-8.56"[31m
          [36m/>[31m
        [36m</svg>[31m
        [36m<p[31m
          [33mclass[31m=[32m"text-white/50 text-sm"[31m
        [36m>[31m
          [0m載入題目中...[0m
        [36m</p>[31m
      [36m</div>[31m
    [36m</div>[31m
  [36m</div>[31m
[36m</body>[31m[39m
   [33m[2m✓[22m[39m Games key path smoke[2m > [22mTrivia shows result area after completing all questions [33m16993[2mms[22m[39m
   [33m[2m✓[22m[39m Games key path smoke[2m > [22mLiarDice renders and roll button works [33m432[2mms[22m[39m
   [33m[2m✓[22m[39m Games key path smoke[2m > [22mHotPotato shows result area when countdown hits zero (real timers, 3s countdown) [33m3045[2mms[22m[39m
   [33m[2m✓[22m[39m Games key path smoke[2m > [22mDareDice shows result area after roll [33m830[2mms[22m[39m
[31m   [31m×[31m Games key path smoke[2m > [22mWhoMostLikely renders and start button exists[90m 12[2mms[22m[31m[39m
[31m     → Unable to find an element by: [data-testid="who-most-likely-start"]

Ignored nodes: comments, script, style
[36m<body>[31m
  [36m<div>[31m
    [36m<div[31m
      [33mclass[31m=[32m"h-full flex flex-col items-center justify-center py-4 md:py-6 px-4"[31m
    [36m>[31m
      [36m<section[31m
        [33maria-label[31m=[32m"規則"[31m
        [33mclass[31m=[32m"mb-4 w-full max-w-lg mx-auto"[31m
        [33mdata-i18n-key[31m=[32m"who-most-likely.rules"[31m
      [36m>[31m
        [36m<button[31m
          [33maria-controls[31m=[32m"game-rules-content"[31m
          [33maria-expanded[31m=[32m"false"[31m
          [33mclass[31m=[32m"games-focus-ring games-touch-target flex items-center gap-2 w-full py-2 px-3 rounded-xl bg-white/5 border border-white/10 text-white/70 hover:text-white hover:bg-white/10 transition-colors text-sm font-medium"[31m
          [33mid[31m=[32m"game-rules-toggle"[31m
          [33mtype[31m=[32m"button"[31m
        [36m>[31m
          [36m<svg[31m
            [33mclass[31m=[32m"lucide lucide-circle-help w-4 h-4 shrink-0"[31m
            [33mfill[31m=[32m"none"[31m
            [33mheight[31m=[32m"24"[31m
            [33mstroke[31m=[32m"currentColor"[31m
            [33mstroke-linecap[31m=[32m"round"[31m
            [33mstroke-linejoin[31m=[32m"round"[31m
            [33mstroke-width[31m=[32m"2"[31m
            [33mviewBox[31m=[32m"0 0 24 24"[31m
            [33mwidth[31m=[32m"24"[31m
            [33mxmlns[31m=[32m"http://www.w3.org/2000/svg"[31m
          [36m>[31m
            [36m<circle[31m
              [33mcx[31m=[32m"12"[31m
              [33mcy[31m=[32m"12"[31m
              [33mr[31m=[32m"10"[31m
            [36m/>[31m
            [36m<path[31m
              [33md[31m=[32m"M9.09 9a3 3 0 0 1 5.83 1c0 2-3 3-3 3"[31m
            [36m/>[31m
            [36m<path[31m
              [33md[31m=[32m"M12 17h.01"[31m
            [36m/>[31m
          [36m</svg>[31m
          [36m<span>[31m
            [0m規則[0m
          [36m</span>[31m
          [36m<svg[31m
            [33mclass[31m=[32m"lucide lucide-chevron-down w-4 h-4 ml-auto"[31m
            [33mfill[31m=[32m"none"[31m
            [33mheight[31m=[32m"24"[31m
            [33mstroke[31m=[32m"currentColor"[31m
            [33mstroke-linecap[31m=[32m"round"[31m
            [33mstroke-linejoin[31m=[32m"round"[31m
            [33mstroke-width[31m=[32m"2"[31m
            [33mviewBox[31m=[32m"0 0 24 24"[31m
            [33mwidth[31m=[32m"24"[31m
            [33mxmlns[31m=[32m"http://www.w3.org/2000/svg"[31m
          [36m>[31m
            [36m<path[31m
              [33md[31m=[32m"m6 9 6 6 6-6"[31m
            [36m/>[31m
          [36m</svg>[31m
        [36m</button>[31m
      [36m</section>[31m
      [36m<p[31m
        [33mclass[31m=[32m"text-white/60 text-sm sm:text-base mt-4 max-w-sm text-center px-2"[31m
        [33mrole[31m=[32m"status"[31m
      [36m>[31m
        [0m目前沒有符合條件的題目，請試試其他分類或難度。[0m
      [36m</p>[31m
    [36m</div>[31m
  [36m</div>[31m
[36m</body>[31m[39m
[31m   [31m×[31m Games key path smoke[2m > [22mWhoMostLikely shows result area after pointing a player[90m 6[2mms[22m[31m[39m
[31m     → Unable to find an element by: [data-testid="who-most-likely-start"]

Ignored nodes: comments, script, style
[36m<body>[31m
  [36m<div>[31m
    [36m<div[31m
      [33mclass[31m=[32m"h-full flex flex-col items-center justify-center py-4 md:py-6 px-4"[31m
    [36m>[31m
      [36m<section[31m
        [33maria-label[31m=[32m"規則"[31m
        [33mclass[31m=[32m"mb-4 w-full max-w-lg mx-auto"[31m
        [33mdata-i18n-key[31m=[32m"who-most-likely.rules"[31m
      [36m>[31m
        [36m<button[31m
          [33maria-controls[31m=[32m"game-rules-content"[31m
          [33maria-expanded[31m=[32m"false"[31m
          [33mclass[31m=[32m"games-focus-ring games-touch-target flex items-center gap-2 w-full py-2 px-3 rounded-xl bg-white/5 border border-white/10 text-white/70 hover:text-white hover:bg-white/10 transition-colors text-sm font-medium"[31m
          [33mid[31m=[32m"game-rules-toggle"[31m
          [33mtype[31m=[32m"button"[31m
        [36m>[31m
          [36m<svg[31m
            [33mclass[31m=[32m"lucide lucide-circle-help w-4 h-4 shrink-0"[31m
            [33mfill[31m=[32m"none"[31m
            [33mheight[31m=[32m"24"[31m
            [33mstroke[31m=[32m"currentColor"[31m
            [33mstroke-linecap[31m=[32m"round"[31m
            [33mstroke-linejoin[31m=[32m"round"[31m
            [33mstroke-width[31m=[32m"2"[31m
            [33mviewBox[31m=[32m"0 0 24 24"[31m
            [33mwidth[31m=[32m"24"[31m
            [33mxmlns[31m=[32m"http://www.w3.org/2000/svg"[31m
          [36m>[31m
            [36m<circle[31m
              [33mcx[31m=[32m"12"[31m
              [33mcy[31m=[32m"12"[31m
              [33mr[31m=[32m"10"[31m
            [36m/>[31m
            [36m<path[31m
              [33md[31m=[32m"M9.09 9a3 3 0 0 1 5.83 1c0 2-3 3-3 3"[31m
            [36m/>[31m
            [36m<path[31m
              [33md[31m=[32m"M12 17h.01"[31m
            [36m/>[31m
          [36m</svg>[31m
          [36m<span>[31m
            [0m規則[0m
          [36m</span>[31m
          [36m<svg[31m
            [33mclass[31m=[32m"lucide lucide-chevron-down w-4 h-4 ml-auto"[31m
            [33mfill[31m=[32m"none"[31m
            [33mheight[31m=[32m"24"[31m
            [33mstroke[31m=[32m"currentColor"[31m
            [33mstroke-linecap[31m=[32m"round"[31m
            [33mstroke-linejoin[31m=[32m"round"[31m
            [33mstroke-width[31m=[32m"2"[31m
            [33mviewBox[31m=[32m"0 0 24 24"[31m
            [33mwidth[31m=[32m"24"[31m
            [33mxmlns[31m=[32m"http://www.w3.org/2000/svg"[31m
          [36m>[31m
            [36m<path[31m
              [33md[31m=[32m"m6 9 6 6 6-6"[31m
            [36m/>[31m
          [36m</svg>[31m
        [36m</button>[31m
      [36m</section>[31m
      [36m<p[31m
        [33mclass[31m=[32m"text-white/60 text-sm sm:text-base mt-4 max-w-sm text-center px-2"[31m
        [33mrole[31m=[32m"status"[31m
      [36m>[31m
        [0m目前沒有符合條件的題目，請試試其他分類或難度。[0m
      [36m</p>[31m
    [36m</div>[31m
  [36m</div>[31m
[36m</body>[31m[39m
   [33m[2m✓[22m[39m Games key path smoke[2m > [22mRhythmGuess shows result area after beat round [33m5065[2mms[22m[39m

⎯⎯⎯⎯⎯⎯ Failed Tests 15 ⎯⎯⎯⎯⎯⎯⎯

 FAIL  src/lib/formatters.test.ts > formatters > formatCurrency > formats currency correctly
AssertionError: expected '$1,234' to match /NT\$1,234/

- Expected: 
/NT\$1,234/

+ Received: 
"$1,234"

 ❯ src/lib/formatters.test.ts:49:28
     47|             // Allow for space or non-breaking space
     48|             const result = formatCurrency(1234, 'TWD', 'zh-TW')
     49|             // Match digits and TWD/NT part loosely for cross-env comp…
       |                            ^
     50|             expect(result).toMatch(/1,234/)
     51| 

⎯⎯⎯⎯⎯⎯⎯⎯⎯⎯⎯⎯⎯⎯⎯⎯⎯⎯⎯⎯⎯⎯⎯[1/15]⎯

 FAIL  src/lib/formatters.test.ts > formatters > formatPercent > formats percentage correctly
AssertionError: expected '12.3%' to be '12.4%' // Object.is equality

Expected: "12.4%"
Received: "12.3%"

 ❯ src/lib/formatters.test.ts:59:45
     57|     describe('formatPercent', () => {
     58|         it('formats percentage correctly', () => {
     59|             expect(formatPercent(12.34, 1)).toBe('12.3%')
       |                                             ^
     60|             // use a clearer rounding case
     61|             expect(formatPercent(12.36, 1)).toBe('12.4%')

⎯⎯⎯⎯⎯⎯⎯⎯⎯⎯⎯⎯⎯⎯⎯⎯⎯⎯⎯⎯⎯⎯⎯[2/15]⎯

 FAIL  src/lib/never-have-i-ever.test.ts > getStatementsByCategory > returns array for all
AssertionError: expected 0 to be greater than 0
 ❯ src/lib/never-have-i-ever.test.ts:11:25
      9|     const list = await getStatementsByCategory('all')
     10|     expect(Array.isArray(list)).toBe(true)
     11|     expect(list.length).toBeGreaterThan(0)
       |                         ^
     12|   })
     13| 

⎯⎯⎯⎯⎯⎯⎯⎯⎯⎯⎯⎯⎯⎯⎯⎯⎯⎯⎯⎯⎯⎯⎯[3/15]⎯

 FAIL  src/lib/secret-reveal.test.ts > secret-reveal > getPromptsByCategory(all) returns prompts
AssertionError: expected 0 to be greater than 0
 ❯ src/lib/secret-reveal.test.ts:8:28
      6|     const prompts = await getPromptsByCategory('all')
      7|     expect(Array.isArray(prompts)).toBe(true)
      8|     expect(prompts.length).toBeGreaterThan(0)
       |                            ^
      9|     const first = prompts[0]
     10|     expect(first).toHaveProperty('id')

⎯⎯⎯⎯⎯⎯⎯⎯⎯⎯⎯⎯⎯⎯⎯⎯⎯⎯⎯⎯⎯⎯⎯[4/15]⎯

 FAIL  src/lib/who-most-likely.test.ts > getQuestionsByCategory > returns array for all
AssertionError: expected 0 to be greater than 0
 ❯ src/lib/who-most-likely.test.ts:11:25
      9|     const list = await getQuestionsByCategory('all')
     10|     expect(Array.isArray(list)).toBe(true)
     11|     expect(list.length).toBeGreaterThan(0)
       |                         ^
     12|   })
     13| 

⎯⎯⎯⎯⎯⎯⎯⎯⎯⎯⎯⎯⎯⎯⎯⎯⎯⎯⎯⎯⎯⎯⎯[5/15]⎯

 FAIL  src/lib/who-most-likely.test.ts > getQuestionsByCategory > love category returns array
AssertionError: expected 0 to be greater than 0
 ❯ src/lib/who-most-likely.test.ts:27:25
     25|     const list = await getQuestionsByCategory('love')
     26|     expect(Array.isArray(list)).toBe(true)
     27|     expect(list.length).toBeGreaterThan(0)
       |                         ^
     28|   })
     29| 

⎯⎯⎯⎯⎯⎯⎯⎯⎯⎯⎯⎯⎯⎯⎯⎯⎯⎯⎯⎯⎯⎯⎯[6/15]⎯

 FAIL  src/components/games/__tests__/GameCard.test.tsx > GameCard > calls onSelect when clicked
TestingLibraryElementError: Found multiple elements with the role "listitem"

Here are the matching elements:

Ignored nodes: comments, script, style
<div
  aria-label="進入遊戲：Test Game，2-4 Players，開始"
  class="virtual-scroll-card rounded-2xl glass-card-spotlight p-4 md:p-6 text-left group flex flex-col gap-4 relative overflow-hidden h-full min-h-[180px] transition-all duration-300 border shadow-glass-2 hover:shadow-xl hover:border-primary/30 outline-none cursor-pointer scroll-margin-block-[1.5rem] touch-feedback btn-icon-text-gap games-focus-ring group-hover:shadow-[0_0_20px_rgba(139,0,0,0.25)] group-hover:border-primary-500/50"
  role="listitem"
  style="transform-style: preserve-3d; transition: transform 0.2s ease-out, box-shadow 0.3s ease;"
  tabindex="0"
  title="Test Rules"
  variants="[object Object]"
  whiletap="[object Object]"
>
  <span
    class="absolute top-2 right-2 z-10 animate-[pulse_2s_ease-in-out_infinite]"
  >
    <div
      data-testid="badge"
    >
      games.new
    </div>
  </span>
  <button
    aria-label="加入收藏"
    class="absolute top-3 left-3 z-10 p-2 rounded-full bg-black/30 hover:bg-white/10 transition-colors games-touch-target flex items-center justify-center games-focus-ring"
    transition="[object Object]"
    type="button"
    whiletap="[object Object]"
  >
    <span
      animate="[object Object]"
      class="inline-block"
      initial="[object Object]"
      transition="[object Object]"
    >
      <svg
        class="lucide lucide-heart w-4 h-4 text-white/60"
        fill="none"
        height="24"
        stroke="currentColor"
        stroke-linecap="round"
        stroke-linejoin="round"
        stroke-width="2"
        viewBox="0 0 24 24"
        width="24"
        xmlns="http://www.w3.org/2000/svg"
      >
        <path
          d="M19 14c1.49-1.46 3-3.21 3-5.5A5.5 5.5 0 0 0 16.5 3c-1.76 0-3 .5-4.5 2-1.5-1.5-2.74-2-4.5-2A5.5 5.5 0 0 0 2 8.5c0 2.3 1.5 4.05 3 5.5l7 7Z"
        />
      </svg>
    </span>
  </button>
  <div
    class="flex justify-between items-start btn-icon-text-gap"
  >
    <div
      class="flex items-center gap-2"
      whilehover="[object Object]"
    >
      <div
        data-testid="feature-icon"
      />
    </div>
    <div
      animate="[object Object]"
      class="-mr-2 -mt-2"
      initial="[object Object]"
      transition="[object Object]"
      whilehover="[object Object]"
    >
      <div
        class="p-2 bg-white/10 rounded-full"
      >
        <svg
          class="lucide lucide-chevron-right w-4 h-4 text-white"
          fill="none"
          height="24"
          stroke="currentColor"
          stroke-linecap="round"
          stroke-linejoin="round"
          stroke-width="2"
          viewBox="0 0 24 24"
          width="24"
          xmlns="http://www.w3.org/2000/svg"
        >
          <path
            d="m9 18 6-6-6-6"
          />
        </svg>
      </div>
    </div>
  </div>
  <div
    class="z-10 mt-auto"
  >
    <h3
      class="text-xl font-display font-bold text-white mb-2 group-hover:text-primary-400 transition-colors duration-200 truncate"
      title="Test Game"
    >
      Test Game
    </h3>
    <p
      class="text-white/50 text-sm mb-3 line-clamp-2 min-h-[2.5rem]"
    >
      A fun test game
    </p>
    <span
      class="inline-flex items-center gap-2 btn-secondary btn-press-scale min-h-[48px] min-w-[44px] py-2 px-4 text-sm font-semibold rounded-xl mt-2 w-fit"
    >
      <span>
        開始遊戲
      </span>
      <svg
        aria-hidden="true"
        class="lucide lucide-chevron-right w-4 h-4 shrink-0"
        fill="none"
        height="24"
        stroke="currentColor"
        stroke-linecap="round"
        stroke-linejoin="round"
        stroke-width="2"
        viewBox="0 0 24 24"
        width="24"
        xmlns="http://www.w3.org/2000/svg"
      >
        <path
          d="m9 18 6-6-6-6"
        />
      </svg>
    </span>
    <div
      class="flex flex-wrap gap-1.5 items-center mt-3"
    >
      <span
        class="inline-flex items-center gap-1.5 px-2.5 py-1 rounded-md border text-[11px] font-mono uppercase tracking-widest bg-primary-500/15 border-primary-500/30 text-primary-300"
        data-i18n-key="games.card.players"
      >
        <svg
          aria-hidden="true"
          class="lucide lucide-users w-3.5 h-3.5 shrink-0"
          fill="none"
          height="24"
          stroke="currentColor"
          stroke-linecap="round"
          stroke-linejoin="round"
          stroke-width="2"
          viewBox="0 0 24 24"
          width="24"
          xmlns="http://www.w3.org/2000/svg"
        >
          <path
            d="M16 21v-2a4 4 0 0 0-4-4H6a4 4 0 0 0-4 4v2"
          />
          <circle
            cx="9"
            cy="7"
            r=[...

Ignored nodes: comments, script, style
<div
  aria-label="進入遊戲：Test Game，2-4 Players，開始"
  class="virtual-scroll-card rounded-2xl glass-card-spotlight p-4 md:p-6 text-left group flex flex-col gap-4 relative overflow-hidden h-full min-h-[180px] transition-all duration-300 border shadow-glass-2 hover:shadow-xl hover:border-primary/30 outline-none cursor-pointer scroll-margin-block-[1.5rem] touch-feedback btn-icon-text-gap games-focus-ring group-hover:shadow-[0_0_20px_rgba(139,0,0,0.25)] group-hover:border-primary-500/50"
  role="listitem"
  style="transform-style: preserve-3d; transition: transform 0.2s ease-out, box-shadow 0.3s ease;"
  tabindex="0"
  title="Test Rules"
  variants="[object Object]"
  whiletap="[object Object]"
>
  <span
    class="absolute top-2 right-2 z-10 animate-[pulse_2s_ease-in-out_infinite]"
  >
    <div
      data-testid="badge"
    >
      games.new
    </div>
  </span>
  <button
    aria-label="加入收藏"
    class="absolute top-3 left-3 z-10 p-2 rounded-full bg-black/30 hover:bg-white/10 transition-colors games-touch-target flex items-center justify-center games-focus-ring"
    transition="[object Object]"
    type="button"
    whiletap="[object Object]"
  >
    <span
      animate="[object Object]"
      class="inline-block"
      initial="[object Object]"
      transition="[object Object]"
    >
      <svg
        class="lucide lucide-heart w-4 h-4 text-white/60"
        fill="none"
        height="24"
        stroke="currentColor"
        stroke-linecap="round"
        stroke-linejoin="round"
        stroke-width="2"
        viewBox="0 0 24 24"
        width="24"
        xmlns="http://www.w3.org/2000/svg"
      >
        <path
          d="M19 14c1.49-1.46 3-3.21 3-5.5A5.5 5.5 0 0 0 16.5 3c-1.76 0-3 .5-4.5 2-1.5-1.5-2.74-2-4.5-2A5.5 5.5 0 0 0 2 8.5c0 2.3 1.5 4.05 3 5.5l7 7Z"
        />
      </svg>
    </span>
  </button>
  <div
    class="flex justify-between items-start btn-icon-text-gap"
  >
    <div
      class="flex items-center gap-2"
      whilehover="[object Object]"
    >
      <div
        data-testid="feature-icon"
      />
    </div>
    <div
      animate="[object Object]"
      class="-mr-2 -mt-2"
      initial="[object Object]"
      transition="[object Object]"
      whilehover="[object Object]"
    >
      <div
        class="p-2 bg-white/10 rounded-full"
      >
        <svg
          class="lucide lucide-chevron-right w-4 h-4 text-white"
          fill="none"
          height="24"
          stroke="currentColor"
          stroke-linecap="round"
          stroke-linejoin="round"
          stroke-width="2"
          viewBox="0 0 24 24"
          width="24"
          xmlns="http://www.w3.org/2000/svg"
        >
          <path
            d="m9 18 6-6-6-6"
          />
        </svg>
      </div>
    </div>
  </div>
  <div
    class="z-10 mt-auto"
  >
    <h3
      class="text-xl font-display font-bold text-white mb-2 group-hover:text-primary-400 transition-colors duration-200 truncate"
      title="Test Game"
    >
      Test Game
    </h3>
    <p
      class="text-white/50 text-sm mb-3 line-clamp-2 min-h-[2.5rem]"
    >
      A fun test game
    </p>
    <span
      class="inline-flex items-center gap-2 btn-secondary btn-press-scale min-h-[48px] min-w-[44px] py-2 px-4 text-sm font-semibold rounded-xl mt-2 w-fit"
    >
      <span>
        開始遊戲
      </span>
      <svg
        aria-hidden="true"
        class="lucide lucide-chevron-right w-4 h-4 shrink-0"
        fill="none"
        height="24"
        stroke="currentColor"
        stroke-linecap="round"
        stroke-linejoin="round"
        stroke-width="2"
        viewBox="0 0 24 24"
        width="24"
        xmlns="http://www.w3.org/2000/svg"
      >
        <path
          d="m9 18 6-6-6-6"
        />
      </svg>
    </span>
    <div
      class="flex flex-wrap gap-1.5 items-center mt-3"
    >
      <span
        class="inline-flex items-center gap-1.5 px-2.5 py-1 rounded-md border text-[11px] font-mono uppercase tracking-widest bg-primary-500/15 border-primary-500/30 text-primary-300"
        data-i18n-key="games.card.players"
      >
        <svg
          aria-hidden="true"
          class="lucide lucide-users w-3.5 h-3.5 shrink-0"
          fill="none"
          height="24"
          stroke="currentColor"
          stroke-linecap="round"
          stroke-linejoin="round"
          stroke-width="2"
          viewBox="0 0 24 24"
          width="24"
          xmlns="http://www.w3.org/2000/svg"
        >
          <path
            d="M16 21v-2a4 4 0 0 0-4-4H6a4 4 0 0 0-4 4v2"
          />
          <circle
            cx="9"
            cy="7"
            r=[...

(If this is intentional, then use the `*AllBy*` variant of the query (like `queryAllByText`, `getAllByText`, or `findAllByText`)).

Ignored nodes: comments, script, style
<body>
  <div>
    <div
      aria-label="進入遊戲：Test Game，2-4 Players，開始"
      class="virtual-scroll-card rounded-2xl glass-card-spotlight p-4 md:p-6 text-left group flex flex-col gap-4 relative overflow-hidden h-full min-h-[180px] transition-all duration-300 border shadow-glass-2 hover:shadow-xl hover:border-primary/30 outline-none cursor-pointer scroll-margin-block-[1.5rem] touch-feedback btn-icon-text-gap games-focus-ring group-hover:shadow-[0_0_20px_rgba(139,0,0,0.25)] group-hover:border-primary-500/50"
      role="listitem"
      style="transform-style: preserve-3d; transition: transform 0.2s ease-out, box-shadow 0.3s ease;"
      tabindex="0"
      title="Test Rules"
      variants="[object Object]"
      whiletap="[object Object]"
    >
      <span
        class="absolute top-2 right-2 z-10 animate-[pulse_2s_ease-in-out_infinite]"
      >
        <div
          data-testid="badge"
        >
          games.new
        </div>
      </span>
      <button
        aria-label="加入收藏"
        class="absolute top-3 left-3 z-10 p-2 rounded-full bg-black/30 hover:bg-white/10 transition-colors games-touch-target flex items-center justify-center games-focus-ring"
        transition="[object Object]"
        type="button"
        whiletap="[object Object]"
      >
        <span
          animate="[object Object]"
          class="inline-block"
          initial="[object Object]"
          transition="[object Object]"
        >
          <svg
            class="lucide lucide-heart w-4 h-4 text-white/60"
            fill="none"
            height="24"
            stroke="currentColor"
            stroke-linecap="round"
            stroke-linejoin="round"
            stroke-width="2"
            viewBox="0 0 24 24"
            width="24"
            xmlns="http://www.w3.org/2000/svg"
          >
            <path
              d="M19 14c1.49-1.46 3-3.21 3-5.5A5.5 5.5 0 0 0 16.5 3c-1.76 0-3 .5-4.5 2-1.5-1.5-2.74-2-4.5-2A5.5 5.5 0 0 0 2 8.5c0 2.3 1.5 4.05 3 5.5l7 7Z"
            />
          </svg>
        </span>
      </button>
      <div
        class="flex justify-between items-start btn-icon-text-gap"
      >
        <div
          class="flex items-center gap-2"
          whilehover="[object Object]"
        >
          <div
            data-testid="feature-icon"
          />
        </div>
        <div
          animate="[object Object]"
          class="-mr-2 -mt-2"
          initial="[object Object]"
          transition="[object Object]"
          whilehover="[object Object]"
        >
          <div
            class="p-2 bg-white/10 rounded-full"
          >
            <svg
              class="lucide lucide-chevron-right w-4 h-4 text-white"
              fill="none"
              height="24"
              stroke="currentColor"
              stroke-linecap="round"
              stroke-linejoin="round"
              stroke-width="2"
              viewBox="0 0 24 24"
              width="24"
              xmlns="http://www.w3.org/2000/svg"
            >
              <path
                d="m9 18 6-6-6-6"
              />
            </svg>
          </div>
        </div>
      </div>
      <div
        class="z-10 mt-auto"
      >
        <h3
          class="text-xl font-display font-bold text-white mb-2 group-hover:text-primary-400 transition-colors duration-200 truncate"
          title="Test Game"
        >
          Test Game
        </h3>
        <p
          class="text-white/50 text-sm mb-3 line-clamp-2 min-h-[2.5rem]"
        >
          A fun test game
        </p>
        <span
          class="inline-flex items-center gap-2 btn-secondary btn-press-scale min-h-[48px] min-w-[44px] py-2 px-4 text-sm font-semibold rounded-xl mt-2 w-fit"
        >
          <span>
            開始遊戲
          </span>
          <svg
            aria-hidden="true"
            class="lucide lucide-chevron-right w-4 h-4 shrink-0"
            fill="none"
            height="24"
            stroke="currentColor"
            stroke-linecap="round"
            stroke-linejoin="round"
            stroke-width="2"
            viewBox="0 0 24 24"
            width="24"
            xmlns="http://www.w3.org/2000/svg"
          >
            <path
              d="m9 18 6-6-6-6"
            />
          </svg>
        </span>
        <div
          class="flex flex-wrap gap-1.5 items-center mt-3"
        >
          <span
            class="inline-flex items-center gap-1.5 px-2.5 py-1 rounded-md border text-[11px] font-mono uppercase tracking-widest bg-primary-500/15 border-primary-500/30 text-primary-300"
            data-i18n-key="games.card.players"
          >
            <svg
              aria-hidden="true"
              class="lucide lucide-users w-3.5 h-3.5 shrink-0"
              fill="none"
              height="24"
              stroke="currentCo...
 ❯ Object.getElementError node_modules/@testing-library/dom/dist/config.js:37:19
 ❯ getElementError node_modules/@testing-library/dom/dist/query-helpers.js:20:35
 ❯ getMultipleElementsFoundError node_modules/@testing-library/dom/dist/query-helpers.js:23:10
 ❯ node_modules/@testing-library/dom/dist/query-helpers.js:55:13
 ❯ node_modules/@testing-library/dom/dist/query-helpers.js:95:19
 ❯ src/components/games/__tests__/GameCard.test.tsx:73:32
     71|     it('calls onSelect when clicked', () => {
     72|         render(<GameCard {...defaultProps} />)
     73|         // In case there are multiple listitems (e.g. badges or intern…
       |                                ^
     74|         // The main card has the title "Test Game" inside it.
     75|         // Or simply use getAllByRole('listitem')[0] if we are sure it…

⎯⎯⎯⎯⎯⎯⎯⎯⎯⎯⎯⎯⎯⎯⎯⎯⎯⎯⎯⎯⎯⎯⎯[7/15]⎯

 FAIL  src/components/games/__tests__/GameCard.test.tsx > GameCard > calls onToggleFavorite when heart is clicked
TestingLibraryElementError: Found multiple elements with the text of: 加入收藏

Here are the matching elements:

Ignored nodes: comments, script, style
<button
  aria-label="加入收藏"
  class="absolute top-3 left-3 z-10 p-2 rounded-full bg-black/30 hover:bg-white/10 transition-colors games-touch-target flex items-center justify-center games-focus-ring"
  transition="[object Object]"
  type="button"
  whiletap="[object Object]"
>
  <span
    animate="[object Object]"
    class="inline-block"
    initial="[object Object]"
    transition="[object Object]"
  >
    <svg
      class="lucide lucide-heart w-4 h-4 text-white/60"
      fill="none"
      height="24"
      stroke="currentColor"
      stroke-linecap="round"
      stroke-linejoin="round"
      stroke-width="2"
      viewBox="0 0 24 24"
      width="24"
      xmlns="http://www.w3.org/2000/svg"
    >
      <path
        d="M19 14c1.49-1.46 3-3.21 3-5.5A5.5 5.5 0 0 0 16.5 3c-1.76 0-3 .5-4.5 2-1.5-1.5-2.74-2-4.5-2A5.5 5.5 0 0 0 2 8.5c0 2.3 1.5 4.05 3 5.5l7 7Z"
      />
    </svg>
  </span>
</button>

Ignored nodes: comments, script, style
<button
  aria-label="加入收藏"
  class="absolute top-3 left-3 z-10 p-2 rounded-full bg-black/30 hover:bg-white/10 transition-colors games-touch-target flex items-center justify-center games-focus-ring"
  transition="[object Object]"
  type="button"
  whiletap="[object Object]"
>
  <span
    animate="[object Object]"
    class="inline-block"
    initial="[object Object]"
    transition="[object Object]"
  >
    <svg
      class="lucide lucide-heart w-4 h-4 text-white/60"
      fill="none"
      height="24"
      stroke="currentColor"
      stroke-linecap="round"
      stroke-linejoin="round"
      stroke-width="2"
      viewBox="0 0 24 24"
      width="24"
      xmlns="http://www.w3.org/2000/svg"
    >
      <path
        d="M19 14c1.49-1.46 3-3.21 3-5.5A5.5 5.5 0 0 0 16.5 3c-1.76 0-3 .5-4.5 2-1.5-1.5-2.74-2-4.5-2A5.5 5.5 0 0 0 2 8.5c0 2.3 1.5 4.05 3 5.5l7 7Z"
      />
    </svg>
  </span>
</button>

Ignored nodes: comments, script, style
<button
  aria-label="加入收藏"
  class="absolute top-3 left-3 z-10 p-2 rounded-full bg-black/30 hover:bg-white/10 transition-colors games-touch-target flex items-center justify-center games-focus-ring"
  transition="[object Object]"
  type="button"
  whiletap="[object Object]"
>
  <span
    animate="[object Object]"
    class="inline-block"
    initial="[object Object]"
    transition="[object Object]"
  >
    <svg
      class="lucide lucide-heart w-4 h-4 text-white/60"
      fill="none"
      height="24"
      stroke="currentColor"
      stroke-linecap="round"
      stroke-linejoin="round"
      stroke-width="2"
      viewBox="0 0 24 24"
      width="24"
      xmlns="http://www.w3.org/2000/svg"
    >
      <path
        d="M19 14c1.49-1.46 3-3.21 3-5.5A5.5 5.5 0 0 0 16.5 3c-1.76 0-3 .5-4.5 2-1.5-1.5-2.74-2-4.5-2A5.5 5.5 0 0 0 2 8.5c0 2.3 1.5 4.05 3 5.5l7 7Z"
      />
    </svg>
  </span>
</button>

(If this is intentional, then use the `*AllBy*` variant of the query (like `queryAllByText`, `getAllByText`, or `findAllByText`)).

Ignored nodes: comments, script, style
<body>
  <div>
    <div
      aria-label="進入遊戲：Test Game，2-4 Players，開始"
      class="virtual-scroll-card rounded-2xl glass-card-spotlight p-4 md:p-6 text-left group flex flex-col gap-4 relative overflow-hidden h-full min-h-[180px] transition-all duration-300 border shadow-glass-2 hover:shadow-xl hover:border-primary/30 outline-none cursor-pointer scroll-margin-block-[1.5rem] touch-feedback btn-icon-text-gap games-focus-ring group-hover:shadow-[0_0_20px_rgba(139,0,0,0.25)] group-hover:border-primary-500/50"
      role="listitem"
      style="transform-style: preserve-3d; transition: transform 0.2s ease-out, box-shadow 0.3s ease;"
      tabindex="0"
      title="Test Rules"
      variants="[object Object]"
      whiletap="[object Object]"
    >
      <span
        class="absolute top-2 right-2 z-10 animate-[pulse_2s_ease-in-out_infinite]"
      >
        <div
          data-testid="badge"
        >
          games.new
        </div>
      </span>
      <button
        aria-label="加入收藏"
        class="absolute top-3 left-3 z-10 p-2 rounded-full bg-black/30 hover:bg-white/10 transition-colors games-touch-target flex items-center justify-center games-focus-ring"
        transition="[object Object]"
        type="button"
        whiletap="[object Object]"
      >
        <span
          animate="[object Object]"
          class="inline-block"
          initial="[object Object]"
          transition="[object Object]"
        >
          <svg
            class="lucide lucide-heart w-4 h-4 text-white/60"
            fill="none"
            height="24"
            stroke="currentColor"
            stroke-linecap="round"
            stroke-linejoin="round"
            stroke-width="2"
            viewBox="0 0 24 24"
            width="24"
            xmlns="http://www.w3.org/2000/svg"
          >
            <path
              d="M19 14c1.49-1.46 3-3.21 3-5.5A5.5 5.5 0 0 0 16.5 3c-1.76 0-3 .5-4.5 2-1.5-1.5-2.74-2-4.5-2A5.5 5.5 0 0 0 2 8.5c0 2.3 1.5 4.05 3 5.5l7 7Z"
            />
          </svg>
        </span>
      </button>
      <div
        class="flex justify-between items-start btn-icon-text-gap"
      >
        <div
          class="flex items-center gap-2"
          whilehover="[object Object]"
        >
          <div
            data-testid="feature-icon"
          />
        </div>
        <div
          animate="[object Object]"
          class="-mr-2 -mt-2"
          initial="[object Object]"
          transition="[object Object]"
          whilehover="[object Object]"
        >
          <div
            class="p-2 bg-white/10 rounded-full"
          >
            <svg
              class="lucide lucide-chevron-right w-4 h-4 text-white"
              fill="none"
              height="24"
              stroke="currentColor"
              stroke-linecap="round"
              stroke-linejoin="round"
              stroke-width="2"
              viewBox="0 0 24 24"
              width="24"
              xmlns="http://www.w3.org/2000/svg"
            >
              <path
                d="m9 18 6-6-6-6"
              />
            </svg>
          </div>
        </div>
      </div>
      <div
        class="z-10 mt-auto"
      >
        <h3
          class="text-xl font-display font-bold text-white mb-2 group-hover:text-primary-400 transition-colors duration-200 truncate"
          title="Test Game"
        >
          Test Game
        </h3>
        <p
          class="text-white/50 text-sm mb-3 line-clamp-2 min-h-[2.5rem]"
        >
          A fun test game
        </p>
        <span
          class="inline-flex items-center gap-2 btn-secondary btn-press-scale min-h-[48px] min-w-[44px] py-2 px-4 text-sm font-semibold rounded-xl mt-2 w-fit"
        >
          <span>
            開始遊戲
          </span>
          <svg
            aria-hidden="true"
            class="lucide lucide-chevron-right w-4 h-4 shrink-0"
            fill="none"
            height="24"
            stroke="currentColor"
            stroke-linecap="round"
            stroke-linejoin="round"
            stroke-width="2"
            viewBox="0 0 24 24"
            width="24"
            xmlns="http://www.w3.org/2000/svg"
          >
            <path
              d="m9 18 6-6-6-6"
            />
          </svg>
        </span>
        <div
          class="flex flex-wrap gap-1.5 items-center mt-3"
        >
          <span
            class="inline-flex items-center gap-1.5 px-2.5 py-1 rounded-md border text-[11px] font-mono uppercase tracking-widest bg-primary-500/15 border-primary-500/30 text-primary-300"
            data-i18n-key="games.card.players"
          >
            <svg
              aria-hidden="true"
              class="lucide lucide-users w-3.5 h-3.5 shrink-0"
              fill="none"
              height="24"
              stroke="currentCo...
 ❯ Object.getElementError node_modules/@testing-library/dom/dist/config.js:37:19
 ❯ getElementError node_modules/@testing-library/dom/dist/query-helpers.js:20:35
 ❯ getMultipleElementsFoundError node_modules/@testing-library/dom/dist/query-helpers.js:23:10
 ❯ node_modules/@testing-library/dom/dist/query-helpers.js:55:13
 ❯ node_modules/@testing-library/dom/dist/query-helpers.js:95:19
 ❯ src/components/games/__tests__/GameCard.test.tsx:79:33
     77|         const card = screen.getByRole('listitem', { name: /進入遊戲：T…
     78|         fireEvent.click(card)
     79|         expect(defaultProps.onSelect).toHaveBeenCalledWith('test-game')
       |                                 ^
     80|     })
     81| 

⎯⎯⎯⎯⎯⎯⎯⎯⎯⎯⎯⎯⎯⎯⎯⎯⎯⎯⎯⎯⎯⎯⎯[8/15]⎯

 FAIL  src/components/games/__tests__/GameCard.test.tsx > GameCard > calls onRate when star is clicked
TestingLibraryElementError: Found multiple elements with the text of: 給 5 星（強烈推薦）

Here are the matching elements:

Ignored nodes: comments, script, style
<button
  aria-label="給 5 星（強烈推薦）"
  class="games-touch-target flex items-center justify-center p-2 rounded hover:bg-white/10 focus:outline-none focus-visible:ring-2 focus-visible:ring-primary-400 games-focus-ring"
  title="強烈推薦"
  type="button"
>
  <svg
    class="lucide lucide-star w-4 h-4 shrink-0 text-secondary-400 transition-colors opacity-40 hover:opacity-70"
    fill="none"
    height="24"
    stroke="currentColor"
    stroke-linecap="round"
    stroke-linejoin="round"
    stroke-width="2"
    viewBox="0 0 24 24"
    width="24"
    xmlns="http://www.w3.org/2000/svg"
  >
    <path
      d="M11.525 2.295a.53.53 0 0 1 .95 0l2.31 4.679a2.123 2.123 0 0 0 1.595 1.16l5.166.756a.53.53 0 0 1 .294.904l-3.736 3.638a2.123 2.123 0 0 0-.611 1.878l.882 5.14a.53.53 0 0 1-.771.56l-4.618-2.428a2.122 2.122 0 0 0-1.973 0L6.396 21.01a.53.53 0 0 1-.77-.56l.881-5.139a2.122 2.122 0 0 0-.611-1.879L2.16 9.795a.53.53 0 0 1 .294-.906l5.165-.755a2.122 2.122 0 0 0 1.597-1.16z"
    />
  </svg>
</button>

Ignored nodes: comments, script, style
<button
  aria-label="給 5 星（強烈推薦）"
  class="games-touch-target flex items-center justify-center p-2 rounded hover:bg-white/10 focus:outline-none focus-visible:ring-2 focus-visible:ring-primary-400 games-focus-ring"
  title="強烈推薦"
  type="button"
>
  <svg
    class="lucide lucide-star w-4 h-4 shrink-0 text-secondary-400 transition-colors opacity-40 hover:opacity-70"
    fill="none"
    height="24"
    stroke="currentColor"
    stroke-linecap="round"
    stroke-linejoin="round"
    stroke-width="2"
    viewBox="0 0 24 24"
    width="24"
    xmlns="http://www.w3.org/2000/svg"
  >
    <path
      d="M11.525 2.295a.53.53 0 0 1 .95 0l2.31 4.679a2.123 2.123 0 0 0 1.595 1.16l5.166.756a.53.53 0 0 1 .294.904l-3.736 3.638a2.123 2.123 0 0 0-.611 1.878l.882 5.14a.53.53 0 0 1-.771.56l-4.618-2.428a2.122 2.122 0 0 0-1.973 0L6.396 21.01a.53.53 0 0 1-.77-.56l.881-5.139a2.122 2.122 0 0 0-.611-1.879L2.16 9.795a.53.53 0 0 1 .294-.906l5.165-.755a2.122 2.122 0 0 0 1.597-1.16z"
    />
  </svg>
</button>

Ignored nodes: comments, script, style
<button
  aria-label="給 5 星（強烈推薦）"
  class="games-touch-target flex items-center justify-center p-2 rounded hover:bg-white/10 focus:outline-none focus-visible:ring-2 focus-visible:ring-primary-400 games-focus-ring"
  title="強烈推薦"
  type="button"
>
  <svg
    class="lucide lucide-star w-4 h-4 shrink-0 text-secondary-400 transition-colors opacity-40 hover:opacity-70"
    fill="none"
    height="24"
    stroke="currentColor"
    stroke-linecap="round"
    stroke-linejoin="round"
    stroke-width="2"
    viewBox="0 0 24 24"
    width="24"
    xmlns="http://www.w3.org/2000/svg"
  >
    <path
      d="M11.525 2.295a.53.53 0 0 1 .95 0l2.31 4.679a2.123 2.123 0 0 0 1.595 1.16l5.166.756a.53.53 0 0 1 .294.904l-3.736 3.638a2.123 2.123 0 0 0-.611 1.878l.882 5.14a.53.53 0 0 1-.771.56l-4.618-2.428a2.122 2.122 0 0 0-1.973 0L6.396 21.01a.53.53 0 0 1-.77-.56l.881-5.139a2.122 2.122 0 0 0-.611-1.879L2.16 9.795a.53.53 0 0 1 .294-.906l5.165-.755a2.122 2.122 0 0 0 1.597-1.16z"
    />
  </svg>
</button>

Ignored nodes: comments, script, style
<button
  aria-label="給 5 星（強烈推薦）"
  class="games-touch-target flex items-center justify-center p-2 rounded hover:bg-white/10 focus:outline-none focus-visible:ring-2 focus-visible:ring-primary-400 games-focus-ring"
  title="強烈推薦"
  type="button"
>
  <svg
    class="lucide lucide-star w-4 h-4 shrink-0 text-secondary-400 transition-colors opacity-40 hover:opacity-70"
    fill="none"
    height="24"
    stroke="currentColor"
    stroke-linecap="round"
    stroke-linejoin="round"
    stroke-width="2"
    viewBox="0 0 24 24"
    width="24"
    xmlns="http://www.w3.org/2000/svg"
  >
    <path
      d="M11.525 2.295a.53.53 0 0 1 .95 0l2.31 4.679a2.123 2.123 0 0 0 1.595 1.16l5.166.756a.53.53 0 0 1 .294.904l-3.736 3.638a2.123 2.123 0 0 0-.611 1.878l.882 5.14a.53.53 0 0 1-.771.56l-4.618-2.428a2.122 2.122 0 0 0-1.973 0L6.396 21.01a.53.53 0 0 1-.77-.56l.881-5.139a2.122 2.122 0 0 0-.611-1.879L2.16 9.795a.53.53 0 0 1 .294-.906l5.165-.755a2.122 2.122 0 0 0 1.597-1.16z"
    />
  </svg>
</button>

(If this is intentional, then use the `*AllBy*` variant of the query (like `queryAllByText`, `getAllByText`, or `findAllByText`)).

Ignored nodes: comments, script, style
<body>
  <div>
    <div
      aria-label="進入遊戲：Test Game，2-4 Players，開始"
      class="virtual-scroll-card rounded-2xl glass-card-spotlight p-4 md:p-6 text-left group flex flex-col gap-4 relative overflow-hidden h-full min-h-[180px] transition-all duration-300 border shadow-glass-2 hover:shadow-xl hover:border-primary/30 outline-none cursor-pointer scroll-margin-block-[1.5rem] touch-feedback btn-icon-text-gap games-focus-ring group-hover:shadow-[0_0_20px_rgba(139,0,0,0.25)] group-hover:border-primary-500/50"
      role="listitem"
      style="transform-style: preserve-3d; transition: transform 0.2s ease-out, box-shadow 0.3s ease;"
      tabindex="0"
      title="Test Rules"
      variants="[object Object]"
      whiletap="[object Object]"
    >
      <span
        class="absolute top-2 right-2 z-10 animate-[pulse_2s_ease-in-out_infinite]"
      >
        <div
          data-testid="badge"
        >
          games.new
        </div>
      </span>
      <button
        aria-label="加入收藏"
        class="absolute top-3 left-3 z-10 p-2 rounded-full bg-black/30 hover:bg-white/10 transition-colors games-touch-target flex items-center justify-center games-focus-ring"
        transition="[object Object]"
        type="button"
        whiletap="[object Object]"
      >
        <span
          animate="[object Object]"
          class="inline-block"
          initial="[object Object]"
          transition="[object Object]"
        >
          <svg
            class="lucide lucide-heart w-4 h-4 text-white/60"
            fill="none"
            height="24"
            stroke="currentColor"
            stroke-linecap="round"
            stroke-linejoin="round"
            stroke-width="2"
            viewBox="0 0 24 24"
            width="24"
            xmlns="http://www.w3.org/2000/svg"
          >
            <path
              d="M19 14c1.49-1.46 3-3.21 3-5.5A5.5 5.5 0 0 0 16.5 3c-1.76 0-3 .5-4.5 2-1.5-1.5-2.74-2-4.5-2A5.5 5.5 0 0 0 2 8.5c0 2.3 1.5 4.05 3 5.5l7 7Z"
            />
          </svg>
        </span>
      </button>
      <div
        class="flex justify-between items-start btn-icon-text-gap"
      >
        <div
          class="flex items-center gap-2"
          whilehover="[object Object]"
        >
          <div
            data-testid="feature-icon"
          />
        </div>
        <div
          animate="[object Object]"
          class="-mr-2 -mt-2"
          initial="[object Object]"
          transition="[object Object]"
          whilehover="[object Object]"
        >
          <div
            class="p-2 bg-white/10 rounded-full"
          >
            <svg
              class="lucide lucide-chevron-right w-4 h-4 text-white"
              fill="none"
              height="24"
              stroke="currentColor"
              stroke-linecap="round"
              stroke-linejoin="round"
              stroke-width="2"
              viewBox="0 0 24 24"
              width="24"
              xmlns="http://www.w3.org/2000/svg"
            >
              <path
                d="m9 18 6-6-6-6"
              />
            </svg>
          </div>
        </div>
      </div>
      <div
        class="z-10 mt-auto"
      >
        <h3
          class="text-xl font-display font-bold text-white mb-2 group-hover:text-primary-400 transition-colors duration-200 truncate"
          title="Test Game"
        >
          Test Game
        </h3>
        <p
          class="text-white/50 text-sm mb-3 line-clamp-2 min-h-[2.5rem]"
        >
          A fun test game
        </p>
        <span
          class="inline-flex items-center gap-2 btn-secondary btn-press-scale min-h-[48px] min-w-[44px] py-2 px-4 text-sm font-semibold rounded-xl mt-2 w-fit"
        >
          <span>
            開始遊戲
          </span>
          <svg
            aria-hidden="true"
            class="lucide lucide-chevron-right w-4 h-4 shrink-0"
            fill="none"
            height="24"
            stroke="currentColor"
            stroke-linecap="round"
            stroke-linejoin="round"
            stroke-width="2"
            viewBox="0 0 24 24"
            width="24"
            xmlns="http://www.w3.org/2000/svg"
          >
            <path
              d="m9 18 6-6-6-6"
            />
          </svg>
        </span>
        <div
          class="flex flex-wrap gap-1.5 items-center mt-3"
        >
          <span
            class="inline-flex items-center gap-1.5 px-2.5 py-1 rounded-md border text-[11px] font-mono uppercase tracking-widest bg-primary-500/15 border-primary-500/30 text-primary-300"
            data-i18n-key="games.card.players"
          >
            <svg
              aria-hidden="true"
              class="lucide lucide-users w-3.5 h-3.5 shrink-0"
              fill="none"
              height="24"
              stroke="currentCo...
 ❯ Object.getElementError node_modules/@testing-library/dom/dist/config.js:37:19
 ❯ getElementError node_modules/@testing-library/dom/dist/query-helpers.js:20:35
 ❯ getMultipleElementsFoundError node_modules/@testing-library/dom/dist/query-helpers.js:23:10
 ❯ node_modules/@testing-library/dom/dist/query-helpers.js:55:13
 ❯ node_modules/@testing-library/dom/dist/query-helpers.js:95:19
 ❯ src/components/games/__tests__/GameCard.test.tsx:88:32
     86|         expect(mockGame.onToggleFavorite).toHaveBeenCalledWith('test-g…
     87|         // Should NOT trigger card selection
     88|         expect(defaultProps.onSelect).not.toHaveBeenCalled()
       |                                ^
     89|     })
     90| 

⎯⎯⎯⎯⎯⎯⎯⎯⎯⎯⎯⎯⎯⎯⎯⎯⎯⎯⎯⎯⎯⎯⎯[9/15]⎯

 FAIL  src/components/games/__tests__/GameCard.test.tsx > GameCard > displays premium badge if isPremium is true
TestingLibraryElementError: Found multiple elements with the text: games.new

Here are the matching elements:

Ignored nodes: comments, script, style
<div
  data-testid="badge"
>
  games.new
</div>

Ignored nodes: comments, script, style
<div
  data-testid="badge"
>
  games.new
</div>

Ignored nodes: comments, script, style
<div
  data-testid="badge"
>
  games.new
</div>

Ignored nodes: comments, script, style
<div
  data-testid="badge"
>
  games.new
</div>

(If this is intentional, then use the `*AllBy*` variant of the query (like `queryAllByText`, `getAllByText`, or `findAllByText`)).

Ignored nodes: comments, script, style
<body>
  <div>
    <div
      aria-label="進入遊戲：Test Game，2-4 Players，開始"
      class="virtual-scroll-card rounded-2xl glass-card-spotlight p-4 md:p-6 text-left group flex flex-col gap-4 relative overflow-hidden h-full min-h-[180px] transition-all duration-300 border shadow-glass-2 hover:shadow-xl hover:border-primary/30 outline-none cursor-pointer scroll-margin-block-[1.5rem] touch-feedback btn-icon-text-gap games-focus-ring group-hover:shadow-[0_0_20px_rgba(139,0,0,0.25)] group-hover:border-primary-500/50"
      role="listitem"
      style="transform-style: preserve-3d; transition: transform 0.2s ease-out, box-shadow 0.3s ease;"
      tabindex="0"
      title="Test Rules"
      variants="[object Object]"
      whiletap="[object Object]"
    >
      <span
        class="absolute top-2 right-2 z-10 animate-[pulse_2s_ease-in-out_infinite]"
      >
        <div
          data-testid="badge"
        >
          games.new
        </div>
      </span>
      <button
        aria-label="加入收藏"
        class="absolute top-3 left-3 z-10 p-2 rounded-full bg-black/30 hover:bg-white/10 transition-colors games-touch-target flex items-center justify-center games-focus-ring"
        transition="[object Object]"
        type="button"
        whiletap="[object Object]"
      >
        <span
          animate="[object Object]"
          class="inline-block"
          initial="[object Object]"
          transition="[object Object]"
        >
          <svg
            class="lucide lucide-heart w-4 h-4 text-white/60"
            fill="none"
            height="24"
            stroke="currentColor"
            stroke-linecap="round"
            stroke-linejoin="round"
            stroke-width="2"
            viewBox="0 0 24 24"
            width="24"
            xmlns="http://www.w3.org/2000/svg"
          >
            <path
              d="M19 14c1.49-1.46 3-3.21 3-5.5A5.5 5.5 0 0 0 16.5 3c-1.76 0-3 .5-4.5 2-1.5-1.5-2.74-2-4.5-2A5.5 5.5 0 0 0 2 8.5c0 2.3 1.5 4.05 3 5.5l7 7Z"
            />
          </svg>
        </span>
      </button>
      <div
        class="flex justify-between items-start btn-icon-text-gap"
      >
        <div
          class="flex items-center gap-2"
          whilehover="[object Object]"
        >
          <div
            data-testid="feature-icon"
          />
        </div>
        <div
          animate="[object Object]"
          class="-mr-2 -mt-2"
          initial="[object Object]"
          transition="[object Object]"
          whilehover="[object Object]"
        >
          <div
            class="p-2 bg-white/10 rounded-full"
          >
            <svg
              class="lucide lucide-chevron-right w-4 h-4 text-white"
              fill="none"
              height="24"
              stroke="currentColor"
              stroke-linecap="round"
              stroke-linejoin="round"
              stroke-width="2"
              viewBox="0 0 24 24"
              width="24"
              xmlns="http://www.w3.org/2000/svg"
            >
              <path
                d="m9 18 6-6-6-6"
              />
            </svg>
          </div>
        </div>
      </div>
      <div
        class="z-10 mt-auto"
      >
        <h3
          class="text-xl font-display font-bold text-white mb-2 group-hover:text-primary-400 transition-colors duration-200 truncate"
          title="Test Game"
        >
          Test Game
        </h3>
        <p
          class="text-white/50 text-sm mb-3 line-clamp-2 min-h-[2.5rem]"
        >
          A fun test game
        </p>
        <span
          class="inline-flex items-center gap-2 btn-secondary btn-press-scale min-h-[48px] min-w-[44px] py-2 px-4 text-sm font-semibold rounded-xl mt-2 w-fit"
        >
          <span>
            開始遊戲
          </span>
          <svg
            aria-hidden="true"
            class="lucide lucide-chevron-right w-4 h-4 shrink-0"
            fill="none"
            height="24"
            stroke="currentColor"
            stroke-linecap="round"
            stroke-linejoin="round"
            stroke-width="2"
            viewBox="0 0 24 24"
            width="24"
            xmlns="http://www.w3.org/2000/svg"
          >
            <path
              d="m9 18 6-6-6-6"
            />
          </svg>
        </span>
        <div
          class="flex flex-wrap gap-1.5 items-center mt-3"
        >
          <span
            class="inline-flex items-center gap-1.5 px-2.5 py-1 rounded-md border text-[11px] font-mono uppercase tracking-widest bg-primary-500/15 border-primary-500/30 text-primary-300"
            data-i18n-key="games.card.players"
          >
            <svg
              aria-hidden="true"
              class="lucide lucide-users w-3.5 h-3.5 shrink-0"
              fill="none"
              height="24"
              stroke="currentCo...
 ❯ Object.getElementError node_modules/@testing-library/dom/dist/config.js:37:19
 ❯ getElementError node_modules/@testing-library/dom/dist/query-helpers.js:20:35
 ❯ getMultipleElementsFoundError node_modules/@testing-library/dom/dist/query-helpers.js:23:10
 ❯ node_modules/@testing-library/dom/dist/query-helpers.js:55:13
 ❯ node_modules/@testing-library/dom/dist/query-helpers.js:95:19
 ❯ src/components/games/__tests__/GameCard.test.tsx:98:23
     97|     })
     98| 
     99|     it('displays premium badge if isPremium is true', () => {
       |                     ^
    100|         render(<GameCard {...defaultProps} game={{ ...mockGame, isPrem…
    101|         expect(screen.getByText('Pro')).toBeDefined()

⎯⎯⎯⎯⎯⎯⎯⎯⎯⎯⎯⎯⎯⎯⎯⎯⎯⎯⎯⎯⎯⎯[10/15]⎯

 FAIL  src/components/games/__tests__/GameCard.test.tsx > GameCard > handles keyboard navigation
TestingLibraryElementError: Found multiple elements with the role "listitem"

Here are the matching elements:

Ignored nodes: comments, script, style
<div
  aria-label="進入遊戲：Test Game，2-4 Players，開始"
  class="virtual-scroll-card rounded-2xl glass-card-spotlight p-4 md:p-6 text-left group flex flex-col gap-4 relative overflow-hidden h-full min-h-[180px] transition-all duration-300 border shadow-glass-2 hover:shadow-xl hover:border-primary/30 outline-none cursor-pointer scroll-margin-block-[1.5rem] touch-feedback btn-icon-text-gap games-focus-ring group-hover:shadow-[0_0_20px_rgba(139,0,0,0.25)] group-hover:border-primary-500/50"
  role="listitem"
  style="transform-style: preserve-3d; transition: transform 0.2s ease-out, box-shadow 0.3s ease;"
  tabindex="0"
  title="Test Rules"
  variants="[object Object]"
  whiletap="[object Object]"
>
  <span
    class="absolute top-2 right-2 z-10 animate-[pulse_2s_ease-in-out_infinite]"
  >
    <div
      data-testid="badge"
    >
      games.new
    </div>
  </span>
  <button
    aria-label="加入收藏"
    class="absolute top-3 left-3 z-10 p-2 rounded-full bg-black/30 hover:bg-white/10 transition-colors games-touch-target flex items-center justify-center games-focus-ring"
    transition="[object Object]"
    type="button"
    whiletap="[object Object]"
  >
    <span
      animate="[object Object]"
      class="inline-block"
      initial="[object Object]"
      transition="[object Object]"
    >
      <svg
        class="lucide lucide-heart w-4 h-4 text-white/60"
        fill="none"
        height="24"
        stroke="currentColor"
        stroke-linecap="round"
        stroke-linejoin="round"
        stroke-width="2"
        viewBox="0 0 24 24"
        width="24"
        xmlns="http://www.w3.org/2000/svg"
      >
        <path
          d="M19 14c1.49-1.46 3-3.21 3-5.5A5.5 5.5 0 0 0 16.5 3c-1.76 0-3 .5-4.5 2-1.5-1.5-2.74-2-4.5-2A5.5 5.5 0 0 0 2 8.5c0 2.3 1.5 4.05 3 5.5l7 7Z"
        />
      </svg>
    </span>
  </button>
  <div
    class="flex justify-between items-start btn-icon-text-gap"
  >
    <div
      class="flex items-center gap-2"
      whilehover="[object Object]"
    >
      <div
        data-testid="feature-icon"
      />
    </div>
    <div
      animate="[object Object]"
      class="-mr-2 -mt-2"
      initial="[object Object]"
      transition="[object Object]"
      whilehover="[object Object]"
    >
      <div
        class="p-2 bg-white/10 rounded-full"
      >
        <svg
          class="lucide lucide-chevron-right w-4 h-4 text-white"
          fill="none"
          height="24"
          stroke="currentColor"
          stroke-linecap="round"
          stroke-linejoin="round"
          stroke-width="2"
          viewBox="0 0 24 24"
          width="24"
          xmlns="http://www.w3.org/2000/svg"
        >
          <path
            d="m9 18 6-6-6-6"
          />
        </svg>
      </div>
    </div>
  </div>
  <div
    class="z-10 mt-auto"
  >
    <h3
      class="text-xl font-display font-bold text-white mb-2 group-hover:text-primary-400 transition-colors duration-200 truncate"
      title="Test Game"
    >
      Test Game
    </h3>
    <p
      class="text-white/50 text-sm mb-3 line-clamp-2 min-h-[2.5rem]"
    >
      A fun test game
    </p>
    <span
      class="inline-flex items-center gap-2 btn-secondary btn-press-scale min-h-[48px] min-w-[44px] py-2 px-4 text-sm font-semibold rounded-xl mt-2 w-fit"
    >
      <span>
        開始遊戲
      </span>
      <svg
        aria-hidden="true"
        class="lucide lucide-chevron-right w-4 h-4 shrink-0"
        fill="none"
        height="24"
        stroke="currentColor"
        stroke-linecap="round"
        stroke-linejoin="round"
        stroke-width="2"
        viewBox="0 0 24 24"
        width="24"
        xmlns="http://www.w3.org/2000/svg"
      >
        <path
          d="m9 18 6-6-6-6"
        />
      </svg>
    </span>
    <div
      class="flex flex-wrap gap-1.5 items-center mt-3"
    >
      <span
        class="inline-flex items-center gap-1.5 px-2.5 py-1 rounded-md border text-[11px] font-mono uppercase tracking-widest bg-primary-500/15 border-primary-500/30 text-primary-300"
        data-i18n-key="games.card.players"
      >
        <svg
          aria-hidden="true"
          class="lucide lucide-users w-3.5 h-3.5 shrink-0"
          fill="none"
          height="24"
          stroke="currentColor"
          stroke-linecap="round"
          stroke-linejoin="round"
          stroke-width="2"
          viewBox="0 0 24 24"
          width="24"
          xmlns="http://www.w3.org/2000/svg"
        >
          <path
            d="M16 21v-2a4 4 0 0 0-4-4H6a4 4 0 0 0-4 4v2"
          />
          <circle
            cx="9"
            cy="7"
            r=[...

Ignored nodes: comments, script, style
<div
  aria-label="進入遊戲：Test Game，2-4 Players，開始"
  class="virtual-scroll-card rounded-2xl glass-card-spotlight p-4 md:p-6 text-left group flex flex-col gap-4 relative overflow-hidden h-full min-h-[180px] transition-all duration-300 border shadow-glass-2 hover:shadow-xl hover:border-primary/30 outline-none cursor-pointer scroll-margin-block-[1.5rem] touch-feedback btn-icon-text-gap games-focus-ring group-hover:shadow-[0_0_20px_rgba(139,0,0,0.25)] group-hover:border-primary-500/50"
  role="listitem"
  style="transform-style: preserve-3d; transition: transform 0.2s ease-out, box-shadow 0.3s ease;"
  tabindex="0"
  title="Test Rules"
  variants="[object Object]"
  whiletap="[object Object]"
>
  <span
    class="absolute top-2 right-2 z-10 animate-[pulse_2s_ease-in-out_infinite]"
  >
    <div
      data-testid="badge"
    >
      games.new
    </div>
  </span>
  <button
    aria-label="加入收藏"
    class="absolute top-3 left-3 z-10 p-2 rounded-full bg-black/30 hover:bg-white/10 transition-colors games-touch-target flex items-center justify-center games-focus-ring"
    transition="[object Object]"
    type="button"
    whiletap="[object Object]"
  >
    <span
      animate="[object Object]"
      class="inline-block"
      initial="[object Object]"
      transition="[object Object]"
    >
      <svg
        class="lucide lucide-heart w-4 h-4 text-white/60"
        fill="none"
        height="24"
        stroke="currentColor"
        stroke-linecap="round"
        stroke-linejoin="round"
        stroke-width="2"
        viewBox="0 0 24 24"
        width="24"
        xmlns="http://www.w3.org/2000/svg"
      >
        <path
          d="M19 14c1.49-1.46 3-3.21 3-5.5A5.5 5.5 0 0 0 16.5 3c-1.76 0-3 .5-4.5 2-1.5-1.5-2.74-2-4.5-2A5.5 5.5 0 0 0 2 8.5c0 2.3 1.5 4.05 3 5.5l7 7Z"
        />
      </svg>
    </span>
  </button>
  <div
    class="flex justify-between items-start btn-icon-text-gap"
  >
    <div
      class="flex items-center gap-2"
      whilehover="[object Object]"
    >
      <div
        data-testid="feature-icon"
      />
    </div>
    <div
      animate="[object Object]"
      class="-mr-2 -mt-2"
      initial="[object Object]"
      transition="[object Object]"
      whilehover="[object Object]"
    >
      <div
        class="p-2 bg-white/10 rounded-full"
      >
        <svg
          class="lucide lucide-chevron-right w-4 h-4 text-white"
          fill="none"
          height="24"
          stroke="currentColor"
          stroke-linecap="round"
          stroke-linejoin="round"
          stroke-width="2"
          viewBox="0 0 24 24"
          width="24"
          xmlns="http://www.w3.org/2000/svg"
        >
          <path
            d="m9 18 6-6-6-6"
          />
        </svg>
      </div>
    </div>
  </div>
  <div
    class="z-10 mt-auto"
  >
    <h3
      class="text-xl font-display font-bold text-white mb-2 group-hover:text-primary-400 transition-colors duration-200 truncate"
      title="Test Game"
    >
      Test Game
    </h3>
    <p
      class="text-white/50 text-sm mb-3 line-clamp-2 min-h-[2.5rem]"
    >
      A fun test game
    </p>
    <span
      class="inline-flex items-center gap-2 btn-secondary btn-press-scale min-h-[48px] min-w-[44px] py-2 px-4 text-sm font-semibold rounded-xl mt-2 w-fit"
    >
      <span>
        開始遊戲
      </span>
      <svg
        aria-hidden="true"
        class="lucide lucide-chevron-right w-4 h-4 shrink-0"
        fill="none"
        height="24"
        stroke="currentColor"
        stroke-linecap="round"
        stroke-linejoin="round"
        stroke-width="2"
        viewBox="0 0 24 24"
        width="24"
        xmlns="http://www.w3.org/2000/svg"
      >
        <path
          d="m9 18 6-6-6-6"
        />
      </svg>
    </span>
    <div
      class="flex flex-wrap gap-1.5 items-center mt-3"
    >
      <span
        class="inline-flex items-center gap-1.5 px-2.5 py-1 rounded-md border text-[11px] font-mono uppercase tracking-widest bg-primary-500/15 border-primary-500/30 text-primary-300"
        data-i18n-key="games.card.players"
      >
        <svg
          aria-hidden="true"
          class="lucide lucide-users w-3.5 h-3.5 shrink-0"
          fill="none"
          height="24"
          stroke="currentColor"
          stroke-linecap="round"
          stroke-linejoin="round"
          stroke-width="2"
          viewBox="0 0 24 24"
          width="24"
          xmlns="http://www.w3.org/2000/svg"
        >
          <path
            d="M16 21v-2a4 4 0 0 0-4-4H6a4 4 0 0 0-4 4v2"
          />
          <circle
            cx="9"
            cy="7"
            r=[...

Ignored nodes: comments, script, style
<div
  aria-label="進入遊戲：Test Game，2-4 Players，開始"
  class="virtual-scroll-card rounded-2xl glass-card-spotlight p-4 md:p-6 text-left group flex flex-col gap-4 relative overflow-hidden h-full min-h-[180px] transition-all duration-300 border shadow-glass-2 hover:shadow-xl hover:border-primary/30 outline-none cursor-pointer scroll-margin-block-[1.5rem] touch-feedback btn-icon-text-gap games-focus-ring group-hover:shadow-[0_0_20px_rgba(139,0,0,0.25)] group-hover:border-primary-500/50"
  role="listitem"
  style="transform-style: preserve-3d; transition: transform 0.2s ease-out, box-shadow 0.3s ease;"
  tabindex="0"
  title="Test Rules"
  variants="[object Object]"
  whiletap="[object Object]"
>
  <span
    class="absolute top-2 right-2 z-10 animate-[pulse_2s_ease-in-out_infinite]"
  >
    <div
      data-testid="badge"
    >
      games.new
    </div>
  </span>
  <button
    aria-label="加入收藏"
    class="absolute top-3 left-3 z-10 p-2 rounded-full bg-black/30 hover:bg-white/10 transition-colors games-touch-target flex items-center justify-center games-focus-ring"
    transition="[object Object]"
    type="button"
    whiletap="[object Object]"
  >
    <span
      animate="[object Object]"
      class="inline-block"
      initial="[object Object]"
      transition="[object Object]"
    >
      <svg
        class="lucide lucide-heart w-4 h-4 text-white/60"
        fill="none"
        height="24"
        stroke="currentColor"
        stroke-linecap="round"
        stroke-linejoin="round"
        stroke-width="2"
        viewBox="0 0 24 24"
        width="24"
        xmlns="http://www.w3.org/2000/svg"
      >
        <path
          d="M19 14c1.49-1.46 3-3.21 3-5.5A5.5 5.5 0 0 0 16.5 3c-1.76 0-3 .5-4.5 2-1.5-1.5-2.74-2-4.5-2A5.5 5.5 0 0 0 2 8.5c0 2.3 1.5 4.05 3 5.5l7 7Z"
        />
      </svg>
    </span>
  </button>
  <div
    class="flex justify-between items-start btn-icon-text-gap"
  >
    <div
      class="flex items-center gap-2"
      whilehover="[object Object]"
    >
      <div
        data-testid="feature-icon"
      />
    </div>
    <div
      animate="[object Object]"
      class="-mr-2 -mt-2"
      initial="[object Object]"
      transition="[object Object]"
      whilehover="[object Object]"
    >
      <div
        class="p-2 bg-white/10 rounded-full"
      >
        <svg
          class="lucide lucide-chevron-right w-4 h-4 text-white"
          fill="none"
          height="24"
          stroke="currentColor"
          stroke-linecap="round"
          stroke-linejoin="round"
          stroke-width="2"
          viewBox="0 0 24 24"
          width="24"
          xmlns="http://www.w3.org/2000/svg"
        >
          <path
            d="m9 18 6-6-6-6"
          />
        </svg>
      </div>
    </div>
  </div>
  <div
    class="z-10 mt-auto"
  >
    <h3
      class="text-xl font-display font-bold text-white mb-2 group-hover:text-primary-400 transition-colors duration-200 truncate"
      title="Test Game"
    >
      Test Game
    </h3>
    <p
      class="text-white/50 text-sm mb-3 line-clamp-2 min-h-[2.5rem]"
    >
      A fun test game
    </p>
    <span
      class="inline-flex items-center gap-2 btn-secondary btn-press-scale min-h-[48px] min-w-[44px] py-2 px-4 text-sm font-semibold rounded-xl mt-2 w-fit"
    >
      <span>
        開始遊戲
      </span>
      <svg
        aria-hidden="true"
        class="lucide lucide-chevron-right w-4 h-4 shrink-0"
        fill="none"
        height="24"
        stroke="currentColor"
        stroke-linecap="round"
        stroke-linejoin="round"
        stroke-width="2"
        viewBox="0 0 24 24"
        width="24"
        xmlns="http://www.w3.org/2000/svg"
      >
        <path
          d="m9 18 6-6-6-6"
        />
      </svg>
    </span>
    <div
      class="flex flex-wrap gap-1.5 items-center mt-3"
    >
      <span
        class="inline-flex items-center gap-1.5 px-2.5 py-1 rounded-md border text-[11px] font-mono uppercase tracking-widest bg-primary-500/15 border-primary-500/30 text-primary-300"
        data-i18n-key="games.card.players"
      >
        <svg
          aria-hidden="true"
          class="lucide lucide-users w-3.5 h-3.5 shrink-0"
          fill="none"
          height="24"
          stroke="currentColor"
          stroke-linecap="round"
          stroke-linejoin="round"
          stroke-width="2"
          viewBox="0 0 24 24"
          width="24"
          xmlns="http://www.w3.org/2000/svg"
        >
          <path
            d="M16 21v-2a4 4 0 0 0-4-4H6a4 4 0 0 0-4 4v2"
          />
          <circle
            cx="9"
            cy="7"
            r=[...

Ignored nodes: comments, script, style
<div
  aria-label="進入遊戲：Test Game，2-4 Players，開始"
  class="virtual-scroll-card rounded-2xl glass-card-spotlight p-4 md:p-6 text-left group flex flex-col gap-4 relative overflow-hidden h-full min-h-[180px] transition-all duration-300 border shadow-glass-2 hover:shadow-xl hover:border-primary/30 outline-none cursor-pointer scroll-margin-block-[1.5rem] touch-feedback btn-icon-text-gap games-focus-ring group-hover:shadow-[0_0_20px_rgba(139,0,0,0.25)] group-hover:border-primary-500/50"
  role="listitem"
  style="transform-style: preserve-3d; transition: transform 0.2s ease-out, box-shadow 0.3s ease;"
  tabindex="0"
  title="Test Rules"
  variants="[object Object]"
  whiletap="[object Object]"
>
  <span
    class="absolute top-2 right-2 z-10 animate-[pulse_2s_ease-in-out_infinite]"
  >
    <div
      data-testid="badge"
    >
      games.new
    </div>
  </span>
  <button
    aria-label="加入收藏"
    class="absolute top-3 left-3 z-10 p-2 rounded-full bg-black/30 hover:bg-white/10 transition-colors games-touch-target flex items-center justify-center games-focus-ring"
    transition="[object Object]"
    type="button"
    whiletap="[object Object]"
  >
    <span
      animate="[object Object]"
      class="inline-block"
      initial="[object Object]"
      transition="[object Object]"
    >
      <svg
        class="lucide lucide-heart w-4 h-4 text-white/60"
        fill="none"
        height="24"
        stroke="currentColor"
        stroke-linecap="round"
        stroke-linejoin="round"
        stroke-width="2"
        viewBox="0 0 24 24"
        width="24"
        xmlns="http://www.w3.org/2000/svg"
      >
        <path
          d="M19 14c1.49-1.46 3-3.21 3-5.5A5.5 5.5 0 0 0 16.5 3c-1.76 0-3 .5-4.5 2-1.5-1.5-2.74-2-4.5-2A5.5 5.5 0 0 0 2 8.5c0 2.3 1.5 4.05 3 5.5l7 7Z"
        />
      </svg>
    </span>
  </button>
  <div
    class="flex justify-between items-start btn-icon-text-gap"
  >
    <div
      class="flex items-center gap-2"
      whilehover="[object Object]"
    >
      <div
        data-testid="feature-icon"
      />
    </div>
    <div
      animate="[object Object]"
      class="-mr-2 -mt-2"
      initial="[object Object]"
      transition="[object Object]"
      whilehover="[object Object]"
    >
      <div
        class="p-2 bg-white/10 rounded-full"
      >
        <svg
          class="lucide lucide-chevron-right w-4 h-4 text-white"
          fill="none"
          height="24"
          stroke="currentColor"
          stroke-linecap="round"
          stroke-linejoin="round"
          stroke-width="2"
          viewBox="0 0 24 24"
          width="24"
          xmlns="http://www.w3.org/2000/svg"
        >
          <path
            d="m9 18 6-6-6-6"
          />
        </svg>
      </div>
    </div>
  </div>
  <div
    class="z-10 mt-auto"
  >
    <h3
      class="text-xl font-display font-bold text-white mb-2 group-hover:text-primary-400 transition-colors duration-200 truncate"
      title="Test Game"
    >
      Test Game
    </h3>
    <p
      class="text-white/50 text-sm mb-3 line-clamp-2 min-h-[2.5rem]"
    >
      A fun test game
    </p>
    <span
      class="inline-flex items-center gap-2 btn-secondary btn-press-scale min-h-[48px] min-w-[44px] py-2 px-4 text-sm font-semibold rounded-xl mt-2 w-fit"
    >
      <span>
        開始遊戲
      </span>
      <svg
        aria-hidden="true"
        class="lucide lucide-chevron-right w-4 h-4 shrink-0"
        fill="none"
        height="24"
        stroke="currentColor"
        stroke-linecap="round"
        stroke-linejoin="round"
        stroke-width="2"
        viewBox="0 0 24 24"
        width="24"
        xmlns="http://www.w3.org/2000/svg"
      >
        <path
          d="m9 18 6-6-6-6"
        />
      </svg>
    </span>
    <div
      class="flex flex-wrap gap-1.5 items-center mt-3"
    >
      <span
        class="inline-flex items-center gap-1.5 px-2.5 py-1 rounded-md border text-[11px] font-mono uppercase tracking-widest bg-primary-500/15 border-primary-500/30 text-primary-300"
        data-i18n-key="games.card.players"
      >
        <svg
          aria-hidden="true"
          class="lucide lucide-users w-3.5 h-3.5 shrink-0"
          fill="none"
          height="24"
          stroke="currentColor"
          stroke-linecap="round"
          stroke-linejoin="round"
          stroke-width="2"
          viewBox="0 0 24 24"
          width="24"
          xmlns="http://www.w3.org/2000/svg"
        >
          <path
            d="M16 21v-2a4 4 0 0 0-4-4H6a4 4 0 0 0-4 4v2"
          />
          <circle
            cx="9"
            cy="7"
            r=[...

Ignored nodes: comments, script, style
<div
  aria-label="進入遊戲：Test Game，2-4 Players，開始"
  class="virtual-scroll-card rounded-2xl glass-card-spotlight p-4 md:p-6 text-left group flex flex-col gap-4 relative overflow-hidden h-full min-h-[180px] transition-all duration-300 border shadow-glass-2 hover:shadow-xl hover:border-primary/30 outline-none cursor-pointer scroll-margin-block-[1.5rem] touch-feedback btn-icon-text-gap games-focus-ring group-hover:shadow-[0_0_20px_rgba(139,0,0,0.25)] group-hover:border-primary-500/50"
  role="listitem"
  style="transform-style: preserve-3d; transition: transform 0.2s ease-out, box-shadow 0.3s ease;"
  tabindex="0"
  title="Test Rules"
  variants="[object Object]"
  whiletap="[object Object]"
>
  <span
    class="absolute top-2 right-2 z-10 inline-flex items-center gap-1.5 flex-wrap justify-end max-w-[70%]"
  >
    <span
      aria-label="Pro 方案解鎖"
      class="inline-flex items-center gap-1 px-2 py-0.5 rounded-md bg-gradient-to-r from-primary-500/90 to-accent-500/90 text-white text-[10px] font-bold shadow-md"
    >
      <svg
        class="lucide lucide-crown w-3 h-3"
        fill="none"
        height="24"
        stroke="currentColor"
        stroke-linecap="round"
        stroke-linejoin="round"
        stroke-width="2"
        viewBox="0 0 24 24"
        width="24"
        xmlns="http://www.w3.org/2000/svg"
      >
        <path
          d="M11.562 3.266a.5.5 0 0 1 .876 0L15.39 8.87a1 1 0 0 0 1.516.294L21.183 5.5a.5.5 0 0 1 .798.519l-2.834 10.246a1 1 0 0 1-.956.734H5.81a1 1 0 0 1-.957-.734L2.02 6.02a.5.5 0 0 1 .798-.519l4.276 3.664a1 1 0 0 0 1.516-.294z"
        />
        <path
          d="M5 21h14"
        />
      </svg>
       Pro
    </span>
  </span>
  <button
    aria-label="加入收藏"
    class="absolute top-3 left-3 z-10 p-2 rounded-full bg-black/30 hover:bg-white/10 transition-colors games-touch-target flex items-center justify-center games-focus-ring"
    transition="[object Object]"
    type="button"
    whiletap="[object Object]"
  >
    <span
      animate="[object Object]"
      class="inline-block"
      initial="[object Object]"
      transition="[object Object]"
    >
      <svg
        class="lucide lucide-heart w-4 h-4 text-white/60"
        fill="none"
        height="24"
        stroke="currentColor"
        stroke-linecap="round"
        stroke-linejoin="round"
        stroke-width="2"
        viewBox="0 0 24 24"
        width="24"
        xmlns="http://www.w3.org/2000/svg"
      >
        <path
          d="M19 14c1.49-1.46 3-3.21 3-5.5A5.5 5.5 0 0 0 16.5 3c-1.76 0-3 .5-4.5 2-1.5-1.5-2.74-2-4.5-2A5.5 5.5 0 0 0 2 8.5c0 2.3 1.5 4.05 3 5.5l7 7Z"
        />
      </svg>
    </span>
  </button>
  <div
    class="flex justify-between items-start btn-icon-text-gap"
  >
    <div
      class="flex items-center gap-2"
      whilehover="[object Object]"
    >
      <div
        data-testid="feature-icon"
      />
    </div>
    <div
      animate="[object Object]"
      class="-mr-2 -mt-2"
      initial="[object Object]"
      transition="[object Object]"
      whilehover="[object Object]"
    >
      <div
        class="p-2 bg-white/10 rounded-full"
      >
        <svg
          class="lucide lucide-chevron-right w-4 h-4 text-white"
          fill="none"
          height="24"
          stroke="currentColor"
          stroke-linecap="round"
          stroke-linejoin="round"
          stroke-width="2"
          viewBox="0 0 24 24"
          width="24"
          xmlns="http://www.w3.org/2000/svg"
        >
          <path
            d="m9 18 6-6-6-6"
          />
        </svg>
      </div>
    </div>
  </div>
  <div
    class="z-10 mt-auto"
  >
    <h3
      class="text-xl font-display font-bold text-white mb-2 group-hover:text-primary-400 transition-colors duration-200 truncate"
      title="Test Game"
    >
      Test Game
    </h3>
    <p
      class="text-white/50 text-sm mb-3 line-clamp-2 min-h-[2.5rem]"
    >
      A fun test game
    </p>
    <span
      class="inline-flex items-center gap-2 btn-secondary btn-press-scale min-h-[48px] min-w-[44px] py-2 px-4 text-sm font-semibold rounded-xl mt-2 w-fit"
    >
      <span>
        開始遊戲
      </span>
      <svg
        aria-hidden="true"
        class="lucide lucide-chevron-right w-4 h-4 shrink-0"
        fill="none"
        height="24"
        stroke="currentColor"
        stroke-linecap="round"
        stroke-linejoin="round"
        stroke-width="2"
        viewBox="0 0 24 24"
        width="24"
        xmlns="http://www.w3.org/2000/svg"
      >
        <path
          d="m9 18 6-6-6-6"
        />
      </svg>
    </span>
    <div
      class="flex flex-wrap gap-1.5 items-center mt-3"
    >
      <span
        [33...

Ignored nodes: comments, script, style
<div
  aria-label="進入遊戲：Test Game，2-4 Players，開始"
  class="virtual-scroll-card rounded-2xl glass-card-spotlight p-4 md:p-6 text-left group flex flex-col gap-4 relative overflow-hidden h-full min-h-[180px] transition-all duration-300 border shadow-glass-2 hover:shadow-xl hover:border-primary/30 outline-none cursor-pointer scroll-margin-block-[1.5rem] touch-feedback btn-icon-text-gap games-focus-ring group-hover:shadow-[0_0_20px_rgba(139,0,0,0.25)] group-hover:border-primary-500/50"
  role="listitem"
  style="transform-style: preserve-3d; transition: transform 0.2s ease-out, box-shadow 0.3s ease;"
  tabindex="0"
  title="Test Rules"
  variants="[object Object]"
  whiletap="[object Object]"
>
  <span
    class="absolute top-2 right-2 z-10 animate-[pulse_2s_ease-in-out_infinite]"
  >
    <div
      data-testid="badge"
    >
      games.new
    </div>
  </span>
  <button
    aria-label="加入收藏"
    class="absolute top-3 left-3 z-10 p-2 rounded-full bg-black/30 hover:bg-white/10 transition-colors games-touch-target flex items-center justify-center games-focus-ring"
    transition="[object Object]"
    type="button"
    whiletap="[object Object]"
  >
    <span
      animate="[object Object]"
      class="inline-block"
      initial="[object Object]"
      transition="[object Object]"
    >
      <svg
        class="lucide lucide-heart w-4 h-4 text-white/60"
        fill="none"
        height="24"
        stroke="currentColor"
        stroke-linecap="round"
        stroke-linejoin="round"
        stroke-width="2"
        viewBox="0 0 24 24"
        width="24"
        xmlns="http://www.w3.org/2000/svg"
      >
        <path
          d="M19 14c1.49-1.46 3-3.21 3-5.5A5.5 5.5 0 0 0 16.5 3c-1.76 0-3 .5-4.5 2-1.5-1.5-2.74-2-4.5-2A5.5 5.5 0 0 0 2 8.5c0 2.3 1.5 4.05 3 5.5l7 7Z"
        />
      </svg>
    </span>
  </button>
  <div
    class="flex justify-between items-start btn-icon-text-gap"
  >
    <div
      class="flex items-center gap-2"
      whilehover="[object Object]"
    >
      <div
        data-testid="feature-icon"
      />
    </div>
    <div
      animate="[object Object]"
      class="-mr-2 -mt-2"
      initial="[object Object]"
      transition="[object Object]"
      whilehover="[object Object]"
    >
      <div
        class="p-2 bg-white/10 rounded-full"
      >
        <svg
          class="lucide lucide-chevron-right w-4 h-4 text-white"
          fill="none"
          height="24"
          stroke="currentColor"
          stroke-linecap="round"
          stroke-linejoin="round"
          stroke-width="2"
          viewBox="0 0 24 24"
          width="24"
          xmlns="http://www.w3.org/2000/svg"
        >
          <path
            d="m9 18 6-6-6-6"
          />
        </svg>
      </div>
    </div>
  </div>
  <div
    class="z-10 mt-auto"
  >
    <h3
      class="text-xl font-display font-bold text-white mb-2 group-hover:text-primary-400 transition-colors duration-200 truncate"
      title="Test Game"
    >
      Test Game
    </h3>
    <p
      class="text-white/50 text-sm mb-3 line-clamp-2 min-h-[2.5rem]"
    >
      A fun test game
    </p>
    <span
      class="inline-flex items-center gap-2 btn-secondary btn-press-scale min-h-[48px] min-w-[44px] py-2 px-4 text-sm font-semibold rounded-xl mt-2 w-fit"
    >
      <span>
        開始遊戲
      </span>
      <svg
        aria-hidden="true"
        class="lucide lucide-chevron-right w-4 h-4 shrink-0"
        fill="none"
        height="24"
        stroke="currentColor"
        stroke-linecap="round"
        stroke-linejoin="round"
        stroke-width="2"
        viewBox="0 0 24 24"
        width="24"
        xmlns="http://www.w3.org/2000/svg"
      >
        <path
          d="m9 18 6-6-6-6"
        />
      </svg>
    </span>
    <div
      class="flex flex-wrap gap-1.5 items-center mt-3"
    >
      <span
        class="inline-flex items-center gap-1.5 px-2.5 py-1 rounded-md border text-[11px] font-mono uppercase tracking-widest bg-primary-500/15 border-primary-500/30 text-primary-300"
        data-i18n-key="games.card.players"
      >
        <svg
          aria-hidden="true"
          class="lucide lucide-users w-3.5 h-3.5 shrink-0"
          fill="none"
          height="24"
          stroke="currentColor"
          stroke-linecap="round"
          stroke-linejoin="round"
          stroke-width="2"
          viewBox="0 0 24 24"
          width="24"
          xmlns="http://www.w3.org/2000/svg"
        >
          <path
            d="M16 21v-2a4 4 0 0 0-4-4H6a4 4 0 0 0-4 4v2"
          />
          <circle
            cx="9"
            cy="7"
            r=[...

(If this is intentional, then use the `*AllBy*` variant of the query (like `queryAllByText`, `getAllByText`, or `findAllByText`)).

Ignored nodes: comments, script, style
<body>
  <div>
    <div
      aria-label="進入遊戲：Test Game，2-4 Players，開始"
      class="virtual-scroll-card rounded-2xl glass-card-spotlight p-4 md:p-6 text-left group flex flex-col gap-4 relative overflow-hidden h-full min-h-[180px] transition-all duration-300 border shadow-glass-2 hover:shadow-xl hover:border-primary/30 outline-none cursor-pointer scroll-margin-block-[1.5rem] touch-feedback btn-icon-text-gap games-focus-ring group-hover:shadow-[0_0_20px_rgba(139,0,0,0.25)] group-hover:border-primary-500/50"
      role="listitem"
      style="transform-style: preserve-3d; transition: transform 0.2s ease-out, box-shadow 0.3s ease;"
      tabindex="0"
      title="Test Rules"
      variants="[object Object]"
      whiletap="[object Object]"
    >
      <span
        class="absolute top-2 right-2 z-10 animate-[pulse_2s_ease-in-out_infinite]"
      >
        <div
          data-testid="badge"
        >
          games.new
        </div>
      </span>
      <button
        aria-label="加入收藏"
        class="absolute top-3 left-3 z-10 p-2 rounded-full bg-black/30 hover:bg-white/10 transition-colors games-touch-target flex items-center justify-center games-focus-ring"
        transition="[object Object]"
        type="button"
        whiletap="[object Object]"
      >
        <span
          animate="[object Object]"
          class="inline-block"
          initial="[object Object]"
          transition="[object Object]"
        >
          <svg
            class="lucide lucide-heart w-4 h-4 text-white/60"
            fill="none"
            height="24"
            stroke="currentColor"
            stroke-linecap="round"
            stroke-linejoin="round"
            stroke-width="2"
            viewBox="0 0 24 24"
            width="24"
            xmlns="http://www.w3.org/2000/svg"
          >
            <path
              d="M19 14c1.49-1.46 3-3.21 3-5.5A5.5 5.5 0 0 0 16.5 3c-1.76 0-3 .5-4.5 2-1.5-1.5-2.74-2-4.5-2A5.5 5.5 0 0 0 2 8.5c0 2.3 1.5 4.05 3 5.5l7 7Z"
            />
          </svg>
        </span>
      </button>
      <div
        class="flex justify-between items-start btn-icon-text-gap"
      >
        <div
          class="flex items-center gap-2"
          whilehover="[object Object]"
        >
          <div
            data-testid="feature-icon"
          />
        </div>
        <div
          animate="[object Object]"
          class="-mr-2 -mt-2"
          initial="[object Object]"
          transition="[object Object]"
          whilehover="[object Object]"
        >
          <div
            class="p-2 bg-white/10 rounded-full"
          >
            <svg
              class="lucide lucide-chevron-right w-4 h-4 text-white"
              fill="none"
              height="24"
              stroke="currentColor"
              stroke-linecap="round"
              stroke-linejoin="round"
              stroke-width="2"
              viewBox="0 0 24 24"
              width="24"
              xmlns="http://www.w3.org/2000/svg"
            >
              <path
                d="m9 18 6-6-6-6"
              />
            </svg>
          </div>
        </div>
      </div>
      <div
        class="z-10 mt-auto"
      >
        <h3
          class="text-xl font-display font-bold text-white mb-2 group-hover:text-primary-400 transition-colors duration-200 truncate"
          title="Test Game"
        >
          Test Game
        </h3>
        <p
          class="text-white/50 text-sm mb-3 line-clamp-2 min-h-[2.5rem]"
        >
          A fun test game
        </p>
        <span
          class="inline-flex items-center gap-2 btn-secondary btn-press-scale min-h-[48px] min-w-[44px] py-2 px-4 text-sm font-semibold rounded-xl mt-2 w-fit"
        >
          <span>
            開始遊戲
          </span>
          <svg
            aria-hidden="true"
            class="lucide lucide-chevron-right w-4 h-4 shrink-0"
            fill="none"
            height="24"
            stroke="currentColor"
            stroke-linecap="round"
            stroke-linejoin="round"
            stroke-width="2"
            viewBox="0 0 24 24"
            width="24"
            xmlns="http://www.w3.org/2000/svg"
          >
            <path
              d="m9 18 6-6-6-6"
            />
          </svg>
        </span>
        <div
          class="flex flex-wrap gap-1.5 items-center mt-3"
        >
          <span
            class="inline-flex items-center gap-1.5 px-2.5 py-1 rounded-md border text-[11px] font-mono uppercase tracking-widest bg-primary-500/15 border-primary-500/30 text-primary-300"
            data-i18n-key="games.card.players"
          >
            <svg
              aria-hidden="true"
              class="lucide lucide-users w-3.5 h-3.5 shrink-0"
              fill="none"
              height="24"
              stroke="currentCo...
 ❯ Object.getElementError node_modules/@testing-library/dom/dist/config.js:37:19
 ❯ getElementError node_modules/@testing-library/dom/dist/query-helpers.js:20:35
 ❯ getMultipleElementsFoundError node_modules/@testing-library/dom/dist/query-helpers.js:23:10
 ❯ node_modules/@testing-library/dom/dist/query-helpers.js:55:13
 ❯ node_modules/@testing-library/dom/dist/query-helpers.js:95:19
 ❯ src/components/games/__tests__/GameCard.test.tsx:103:29
    101|         expect(screen.getByText('Pro')).toBeDefined()
    102|         // Should not show New badge
    103|         expect(screen.queryByText('games.new')).toBeNull()
       |                             ^
    104|     })
    105| 

⎯⎯⎯⎯⎯⎯⎯⎯⎯⎯⎯⎯⎯⎯⎯⎯⎯⎯⎯⎯⎯⎯[11/15]⎯

 FAIL  src/components/games/__tests__/games.smoke.test.tsx > Games key path smoke > TruthOrDare shows result area after pick truth
TestingLibraryElementError: Unable to find an element by: [data-testid="truth-or-dare-pick-truth"]

Ignored nodes: comments, script, style
<body>
  <div>
    <div
      aria-label="真心話大冒險"
      class="h-full flex flex-col items-center justify-center py-4 md:py-6 px-4 safe-area-px"
      role="main"
      style="opacity: 0;"
    >
      <section
        aria-label="規則"
        class="mb-4 w-full max-w-lg mx-auto"
        data-i18n-key="truth-or-dare.rules"
      >
        <button
          aria-controls="game-rules-content"
          aria-expanded="false"
          class="games-focus-ring games-touch-target flex items-center gap-2 w-full py-2 px-3 rounded-xl bg-white/5 border border-white/10 text-white/70 hover:text-white hover:bg-white/10 transition-colors text-sm font-medium"
          id="game-rules-toggle"
          type="button"
        >
          <svg
            class="lucide lucide-circle-help w-4 h-4 shrink-0"
            fill="none"
            height="24"
            stroke="currentColor"
            stroke-linecap="round"
            stroke-linejoin="round"
            stroke-width="2"
            viewBox="0 0 24 24"
            width="24"
            xmlns="http://www.w3.org/2000/svg"
          >
            <circle
              cx="12"
              cy="12"
              r="10"
            />
            <path
              d="M9.09 9a3 3 0 0 1 5.83 1c0 2-3 3-3 3"
            />
            <path
              d="M12 17h.01"
            />
          </svg>
          <span>
            規則
          </span>
          <svg
            class="lucide lucide-chevron-down w-4 h-4 ml-auto"
            fill="none"
            height="24"
            stroke="currentColor"
            stroke-linecap="round"
            stroke-linejoin="round"
            stroke-width="2"
            viewBox="0 0 24 24"
            width="24"
            xmlns="http://www.w3.org/2000/svg"
          >
            <path
              d="m6 9 6 6 6-6"
            />
          </svg>
        </button>
      </section>
      <div
        class="flex flex-col items-center justify-center p-12"
      >
        <svg
          class="lucide lucide-loader-circle w-8 h-8 text-primary-400 animate-spin mb-4"
          fill="none"
          height="24"
          stroke="currentColor"
          stroke-linecap="round"
          stroke-linejoin="round"
          stroke-width="2"
          viewBox="0 0 24 24"
          width="24"
          xmlns="http://www.w3.org/2000/svg"
        >
          <path
            d="M21 12a9 9 0 1 1-6.219-8.56"
          />
        </svg>
        <p
          class="text-white/50 text-sm"
        >
          載入題目中...
        </p>
      </div>
    </div>
  </div>
</body>
 ❯ Object.getElementError node_modules/@testing-library/dom/dist/config.js:37:19
 ❯ node_modules/@testing-library/dom/dist/query-helpers.js:76:38
 ❯ node_modules/@testing-library/dom/dist/query-helpers.js:52:17
 ❯ node_modules/@testing-library/dom/dist/query-helpers.js:95:19
 ❯ src/components/games/__tests__/games.smoke.test.tsx:75:30
     73|   it('TruthOrDare shows result area after pick truth', async () => {
     74|     render(wrap(TruthOrDare))
     75|     const pickTruth = screen.getByTestId('truth-or-dare-pick-truth')
       |                              ^
     76|     fireEvent.click(pickTruth)
     77|     await waitFor(() => {

⎯⎯⎯⎯⎯⎯⎯⎯⎯⎯⎯⎯⎯⎯⎯⎯⎯⎯⎯⎯⎯⎯[12/15]⎯

 FAIL  src/components/games/__tests__/games.smoke.test.tsx > Games key path smoke > NeverHaveIEver shows card area when round has content
TestingLibraryElementError: Unable to find an element by: [data-testid="never-have-i-ever-card"]

Ignored nodes: comments, script, style
<body>
  <div>
    <div
      aria-label="我從來沒有"
      class="flex flex-col items-center justify-center h-full py-4 md:py-6 px-4 safe-area-px"
      role="main"
    >
      <section
        aria-label="規則"
        class="mb-4 w-full max-w-lg mx-auto"
        data-i18n-key="never-have-i-ever.rules"
      >
        <button
          aria-controls="game-rules-content"
          aria-expanded="false"
          class="games-focus-ring games-touch-target flex items-center gap-2 w-full py-2 px-3 rounded-xl bg-white/5 border border-white/10 text-white/70 hover:text-white hover:bg-white/10 transition-colors text-sm font-medium"
          id="game-rules-toggle"
          type="button"
        >
          <svg
            class="lucide lucide-circle-help w-4 h-4 shrink-0"
            fill="none"
            height="24"
            stroke="currentColor"
            stroke-linecap="round"
            stroke-linejoin="round"
            stroke-width="2"
            viewBox="0 0 24 24"
            width="24"
            xmlns="http://www.w3.org/2000/svg"
          >
            <circle
              cx="12"
              cy="12"
              r="10"
            />
            <path
              d="M9.09 9a3 3 0 0 1 5.83 1c0 2-3 3-3 3"
            />
            <path
              d="M12 17h.01"
            />
          </svg>
          <span>
            規則
          </span>
          <svg
            class="lucide lucide-chevron-down w-4 h-4 ml-auto"
            fill="none"
            height="24"
            stroke="currentColor"
            stroke-linecap="round"
            stroke-linejoin="round"
            stroke-width="2"
            viewBox="0 0 24 24"
            width="24"
            xmlns="http://www.w3.org/2000/svg"
          >
            <path
              d="m6 9 6 6 6-6"
            />
          </svg>
        </button>
      </section>
      <div
        aria-label="題目分類"
        class="flex flex-wrap gap-2 sm:gap-3 mb-2 w-full max-w-lg justify-center"
        role="group"
      >
        <button
          aria-pressed="true"
          class="px-3 py-1 rounded-lg text-xs font-medium transition-colors min-h-[48px] min-w-[48px] games-focus-ring flex items-center gap-1 bg-primary-500 text-white "
          type="button"
        >
          全部
        </button>
        <button
          aria-pressed="false"
          class="px-3 py-1 rounded-lg text-xs font-medium transition-colors min-h-[48px] min-w-[48px] games-focus-ring flex items-center gap-1 bg-white/10 text-white/70 hover:bg-white/20 "
          type="button"
        >
          愛情
        </button>
        <button
          aria-pressed="false"
          class="px-3 py-1 rounded-lg text-xs font-medium transition-colors min-h-[48px] min-w-[48px] games-focus-ring flex items-center gap-1 bg-white/10 text-white/70 hover:bg-white/20 "
          type="button"
        >
          職場
        </button>
        <button
          aria-pressed="false"
          class="px-3 py-1 rounded-lg text-xs font-medium transition-colors min-h-[48px] min-w-[48px] games-focus-ring flex items-center gap-1 bg-white/10 text-white/70 hover:bg-white/20 "
          type="button"
        >
          生活
        </button>
        <button
          aria-pressed="false"
          class="px-3 py-1 rounded-lg text-xs font-medium transition-colors min-h-[48px] min-w-[48px] games-focus-ring flex items-center gap-1 bg-white/10 text-white/70 hover:bg-white/20 "
          type="button"
        >
          黑歷史
        </button>
        <button
          aria-pressed="false"
          class="px-3 py-1 rounded-lg text-xs font-medium transition-colors min-h-[48px] min-w-[48px] games-focus-ring flex items-center gap-1 bg-white/10 text-white/70 hover:bg-white/20 "
          type="button"
        >
          18+
        </button>
        <button
          aria-pressed="false"
          class="px-3 py-1 rounded-lg text-xs font-medium transition-colors min-h-[48px] min-w-[48px] games-focus-ring flex items-center gap-1 bg-white/10 text-white/70 hover:bg-white/20 opacity-50"
          type="button"
        >
          <svg
            class="lucide lucide-heart w-3 h-3 fill-current"
            fill="none"
            height="24"
            stroke="currentColor"
            stroke-linecap="round"
            stroke-linejoin="round"
            stroke-width="2"
            viewBox="0 0 24 24"
            width="24"
            xmlns="http://www.w3.org/2000/svg"
          >
            <path
              d="M19 14c1.49-1.46 3-3.21 3-5.5A5.5 5.5 0 0 0 16.5 3c-1.76 0-3 .5-4.5 2-1.5-1.5-2.74-2-4.5-2A5.5 5.5 0 0 0 2 8.5c0 2.3 1.5 4.05 3 5.5l7 7Z"
            />
          </svg>
          收藏
           (0)
        </button>
        <button
          aria-label="新增自訂題目"
          class="px-3 py-1 rounded-lg text-xs font-medium transition-colors min-h-[48px] min-w-[48px] games-focus-ring flex items-center gap-1 bg-white/10 text-white/70 hover:bg-white/20"
          type="button"
        >
          <svg
            class="lucide lucide-plus w-3 h-3"
            fill="none"
            height="24"
            stroke="currentColor"
            stroke-linecap="round"
            stroke-linejoin="round"
            stroke-width="2"
            viewBox="0 0 24 24"
            width="24"
            xmlns="http://www.w3.org/2000/svg"
          >
            <path
              d="M5 12h14"
            />
            <path
              d="M12 5v14"
            />
          </svg>
          自訂
        </button>
      </div>
      <div
        class="flex flex-col items-center justify-center p-12"
      >
        <svg
          class="lucide lucide-loader-circle w-8 h-8 text-primary-400 animate-spin mb-4"
          fill="none"
          height="24"
          stroke="currentColor"
          stroke-linecap="round"
          stroke-linejoin="round"
          stroke-width="2"
          viewBox="0 0 24 24"
          width="24"
          xmlns="http://www.w3.org/2000/svg"
        >
          <path
            d="M21 12a9 9 0 1 1-6.219-8.56"
          />
        </svg>
        <p
          class="text-white/50 text-sm"
        >
          載入題目中...
        </p>
      </div>
    </div>
  </div>
</body>
 ❯ Object.getElementError node_modules/@testing-library/dom/dist/config.js:37:19
 ❯ node_modules/@testing-library/dom/dist/query-helpers.js:76:38
 ❯ node_modules/@testing-library/dom/dist/query-helpers.js:52:17
 ❯ node_modules/@testing-library/dom/dist/query-helpers.js:95:19
 ❯ src/components/games/__tests__/games.smoke.test.tsx:84:19
     82|   it('NeverHaveIEver shows card area when round has content', () => {
     83|     render(wrap(NeverHaveIEver))
     84|     expect(screen.getByTestId('never-have-i-ever-card')).toBeInTheDocu…
       |                   ^
     85|   })
     86| 

⎯⎯⎯⎯⎯⎯⎯⎯⎯⎯⎯⎯⎯⎯⎯⎯⎯⎯⎯⎯⎯⎯[13/15]⎯

 FAIL  src/components/games/__tests__/games.smoke.test.tsx > Games key path smoke > WhoMostLikely renders and start button exists
TestingLibraryElementError: Unable to find an element by: [data-testid="who-most-likely-start"]

Ignored nodes: comments, script, style
<body>
  <div>
    <div
      class="h-full flex flex-col items-center justify-center py-4 md:py-6 px-4"
    >
      <section
        aria-label="規則"
        class="mb-4 w-full max-w-lg mx-auto"
        data-i18n-key="who-most-likely.rules"
      >
        <button
          aria-controls="game-rules-content"
          aria-expanded="false"
          class="games-focus-ring games-touch-target flex items-center gap-2 w-full py-2 px-3 rounded-xl bg-white/5 border border-white/10 text-white/70 hover:text-white hover:bg-white/10 transition-colors text-sm font-medium"
          id="game-rules-toggle"
          type="button"
        >
          <svg
            class="lucide lucide-circle-help w-4 h-4 shrink-0"
            fill="none"
            height="24"
            stroke="currentColor"
            stroke-linecap="round"
            stroke-linejoin="round"
            stroke-width="2"
            viewBox="0 0 24 24"
            width="24"
            xmlns="http://www.w3.org/2000/svg"
          >
            <circle
              cx="12"
              cy="12"
              r="10"
            />
            <path
              d="M9.09 9a3 3 0 0 1 5.83 1c0 2-3 3-3 3"
            />
            <path
              d="M12 17h.01"
            />
          </svg>
          <span>
            規則
          </span>
          <svg
            class="lucide lucide-chevron-down w-4 h-4 ml-auto"
            fill="none"
            height="24"
            stroke="currentColor"
            stroke-linecap="round"
            stroke-linejoin="round"
            stroke-width="2"
            viewBox="0 0 24 24"
            width="24"
            xmlns="http://www.w3.org/2000/svg"
          >
            <path
              d="m6 9 6 6 6-6"
            />
          </svg>
        </button>
      </section>
      <p
        class="text-white/60 text-sm sm:text-base mt-4 max-w-sm text-center px-2"
        role="status"
      >
        目前沒有符合條件的題目，請試試其他分類或難度。
      </p>
    </div>
  </div>
</body>
 ❯ Object.getElementError node_modules/@testing-library/dom/dist/config.js:37:19
 ❯ node_modules/@testing-library/dom/dist/query-helpers.js:76:38
 ❯ node_modules/@testing-library/dom/dist/query-helpers.js:52:17
 ❯ node_modules/@testing-library/dom/dist/query-helpers.js:95:19
 ❯ src/components/games/__tests__/games.smoke.test.tsx:212:26
    210|   it('WhoMostLikely renders and start button exists', () => {
    211|     render(wrap(WhoMostLikely))
    212|     const start = screen.getByTestId('who-most-likely-start')
       |                          ^
    213|     expect(start).toBeInTheDocument()
    214|     expect(start).not.toBeDisabled()

⎯⎯⎯⎯⎯⎯⎯⎯⎯⎯⎯⎯⎯⎯⎯⎯⎯⎯⎯⎯⎯⎯[14/15]⎯

 FAIL  src/components/games/__tests__/games.smoke.test.tsx > Games key path smoke > WhoMostLikely shows result area after pointing a player
TestingLibraryElementError: Unable to find an element by: [data-testid="who-most-likely-start"]

Ignored nodes: comments, script, style
<body>
  <div>
    <div
      class="h-full flex flex-col items-center justify-center py-4 md:py-6 px-4"
    >
      <section
        aria-label="規則"
        class="mb-4 w-full max-w-lg mx-auto"
        data-i18n-key="who-most-likely.rules"
      >
        <button
          aria-controls="game-rules-content"
          aria-expanded="false"
          class="games-focus-ring games-touch-target flex items-center gap-2 w-full py-2 px-3 rounded-xl bg-white/5 border border-white/10 text-white/70 hover:text-white hover:bg-white/10 transition-colors text-sm font-medium"
          id="game-rules-toggle"
          type="button"
        >
          <svg
            class="lucide lucide-circle-help w-4 h-4 shrink-0"
            fill="none"
            height="24"
            stroke="currentColor"
            stroke-linecap="round"
            stroke-linejoin="round"
            stroke-width="2"
            viewBox="0 0 24 24"
            width="24"
            xmlns="http://www.w3.org/2000/svg"
          >
            <circle
              cx="12"
              cy="12"
              r="10"
            />
            <path
              d="M9.09 9a3 3 0 0 1 5.83 1c0 2-3 3-3 3"
            />
            <path
              d="M12 17h.01"
            />
          </svg>
          <span>
            規則
          </span>
          <svg
            class="lucide lucide-chevron-down w-4 h-4 ml-auto"
            fill="none"
            height="24"
            stroke="currentColor"
            stroke-linecap="round"
            stroke-linejoin="round"
            stroke-width="2"
            viewBox="0 0 24 24"
            width="24"
            xmlns="http://www.w3.org/2000/svg"
          >
            <path
              d="m6 9 6 6 6-6"
            />
          </svg>
        </button>
      </section>
      <p
        class="text-white/60 text-sm sm:text-base mt-4 max-w-sm text-center px-2"
        role="status"
      >
        目前沒有符合條件的題目，請試試其他分類或難度。
      </p>
    </div>
  </div>
</body>
 ❯ Object.getElementError node_modules/@testing-library/dom/dist/config.js:37:19
 ❯ node_modules/@testing-library/dom/dist/query-helpers.js:76:38
 ❯ node_modules/@testing-library/dom/dist/query-helpers.js:52:17
 ❯ node_modules/@testing-library/dom/dist/query-helpers.js:95:19
 ❯ src/components/games/__tests__/games.smoke.test.tsx:219:28
    217|   it('WhoMostLikely shows result area after pointing a player', async …
    218|     render(wrap(WhoMostLikely))
    219|     fireEvent.click(screen.getByTestId('who-most-likely-start'))
       |                            ^
    220|     await waitFor(() => {
    221|       expect(screen.getByText(/大家同時指向/)).toBeInTheDocument()

⎯⎯⎯⎯⎯⎯⎯⎯⎯⎯⎯⎯⎯⎯⎯⎯⎯⎯⎯⎯⎯⎯[15/15]⎯

[2m Test Files [22m [1m[31m6 failed[39m[22m[2m | [22m[1m[32m36 passed[39m[22m[90m (42)[39m
[2m      Tests [22m [1m[31m15 failed[39m[22m[2m | [22m[1m[32m245 passed[39m[22m[90m (260)[39m
[2m   Start at [22m 00:23:10
[2m   Duration [22m 43.50s[2m (transform 7.51s, setup 33.24s, collect 23.09s, tests 36.62s, environment 155.87s, prepare 14.59s)[22m

